Component: ARM Compiler 5.06 update 5 (build 528) Tool: armlink [4d35e2]

==============================================================================

Section Cross References

    startup_stm32f407xx.o(RESET) refers to startup_stm32f407xx.o(STACK) for __initial_sp
    startup_stm32f407xx.o(RESET) refers to startup_stm32f407xx.o(.text) for Reset_Handler
    startup_stm32f407xx.o(RESET) refers to stm32f4xx_it.o(i.NMI_Handler) for NMI_Handler
    startup_stm32f407xx.o(RESET) refers to stm32f4xx_it.o(i.HardFault_Handler) for HardFault_Handler
    startup_stm32f407xx.o(RESET) refers to stm32f4xx_it.o(i.MemManage_Handler) for MemManage_Handler
    startup_stm32f407xx.o(RESET) refers to stm32f4xx_it.o(i.BusFault_Handler) for BusFault_Handler
    startup_stm32f407xx.o(RESET) refers to stm32f4xx_it.o(i.UsageFault_Handler) for UsageFault_Handler
    startup_stm32f407xx.o(RESET) refers to port.o(.emb_text) for SVC_Handler
    startup_stm32f407xx.o(RESET) refers to stm32f4xx_it.o(i.DebugMon_Handler) for DebugMon_Handler
    startup_stm32f407xx.o(RESET) refers to port.o(i.SysTick_Handler) for SysTick_Handler
    startup_stm32f407xx.o(RESET) refers to stm32f4xx_it.o(i.TIM3_IRQHandler) for TIM3_IRQHandler
    startup_stm32f407xx.o(RESET) refers to stm32f4xx_it.o(i.TIM4_IRQHandler) for TIM4_IRQHandler
    startup_stm32f407xx.o(RESET) refers to stm32f4xx_it.o(i.USART1_IRQHandler) for USART1_IRQHandler
    startup_stm32f407xx.o(RESET) refers to stm32f4xx_it.o(i.TIM8_BRK_TIM12_IRQHandler) for TIM8_BRK_TIM12_IRQHandler
    startup_stm32f407xx.o(RESET) refers to stm32f4xx_it.o(i.TIM6_DAC_IRQHandler) for TIM6_DAC_IRQHandler
    startup_stm32f407xx.o(RESET) refers to stm32f4xx_it.o(i.TIM7_IRQHandler) for TIM7_IRQHandler
    startup_stm32f407xx.o(RESET) refers to stm32f4xx_it.o(i.DMA2_Stream1_IRQHandler) for DMA2_Stream1_IRQHandler
    startup_stm32f407xx.o(RESET) refers to stm32f4xx_it.o(i.DCMI_IRQHandler) for DCMI_IRQHandler
    startup_stm32f407xx.o(.text) refers to system_stm32f4xx.o(i.SystemInit) for SystemInit
    startup_stm32f407xx.o(.text) refers to entry.o(.ARM.Collect$$$$00000000) for __main
    motor.o(i.Motor_Init) refers to stm32f4xx_hal_tim.o(i.HAL_TIM_Encoder_Start) for HAL_TIM_Encoder_Start
    motor.o(i.Motor_Init) refers to stm32f4xx_hal_tim.o(i.HAL_TIM_Base_Start) for HAL_TIM_Base_Start
    motor.o(i.Motor_Init) refers to stm32f4xx_hal_tim.o(i.HAL_TIM_PWM_Start) for HAL_TIM_PWM_Start
    motor.o(i.Motor_Init) refers to stm32f4xx_hal_tim.o(i.HAL_TIM_Base_Start_IT) for HAL_TIM_Base_Start_IT
    motor.o(i.Motor_Init) refers to tim.o(.bss) for htim1
    motor.o(i.SpeedAndAngleUpdate) refers to dflti.o(.text) for __aeabi_i2d
    motor.o(i.SpeedAndAngleUpdate) refers to ddiv.o(.text) for __aeabi_ddiv
    motor.o(i.SpeedAndAngleUpdate) refers to dmul.o(.text) for __aeabi_dmul
    motor.o(i.SpeedAndAngleUpdate) refers to d2f.o(.text) for __aeabi_d2f
    motor.o(i.SpeedAndAngleUpdate) refers to tim.o(.bss) for htim1
    motor.o(i.SpeedAndAngleUpdate) refers to motor.o(.data) for Motor1
    motor.o(i.applyControlOutput) refers to pid.o(i.PID_Calc) for PID_Calc
    motor.o(i.applyControlOutput) refers to motor.o(.data) for pid
    motor.o(i.applyControlOutput) refers to tim.o(.bss) for htim5
    motor.o(i.moveBL) refers to stm32f4xx_hal_gpio.o(i.HAL_GPIO_WritePin) for HAL_GPIO_WritePin
    motor.o(i.moveBR) refers to stm32f4xx_hal_gpio.o(i.HAL_GPIO_WritePin) for HAL_GPIO_WritePin
    motor.o(i.moveBackward) refers to stm32f4xx_hal_gpio.o(i.HAL_GPIO_WritePin) for HAL_GPIO_WritePin
    motor.o(i.moveFL) refers to stm32f4xx_hal_gpio.o(i.HAL_GPIO_WritePin) for HAL_GPIO_WritePin
    motor.o(i.moveFR) refers to stm32f4xx_hal_gpio.o(i.HAL_GPIO_WritePin) for HAL_GPIO_WritePin
    motor.o(i.moveForward) refers to stm32f4xx_hal_gpio.o(i.HAL_GPIO_WritePin) for HAL_GPIO_WritePin
    motor.o(i.moveLeft) refers to stm32f4xx_hal_gpio.o(i.HAL_GPIO_WritePin) for HAL_GPIO_WritePin
    motor.o(i.moveRight) refers to stm32f4xx_hal_gpio.o(i.HAL_GPIO_WritePin) for HAL_GPIO_WritePin
    motor.o(i.printfSpeed) refers to stm32f4xx_hal.o(i.HAL_Delay) for HAL_Delay
    motor.o(i.printfSpeed) refers to f2d.o(.text) for __aeabi_f2d
    motor.o(i.printfSpeed) refers to printfa.o(i.__0printf) for __2printf
    motor.o(i.printfSpeed) refers to motor.o(.data) for Motor4
    motor.o(i.rotateCCW) refers to stm32f4xx_hal_gpio.o(i.HAL_GPIO_WritePin) for HAL_GPIO_WritePin
    motor.o(i.rotateCW) refers to stm32f4xx_hal_gpio.o(i.HAL_GPIO_WritePin) for HAL_GPIO_WritePin
    main.o(i.HAL_TIM_PeriodElapsedCallback) refers to stm32f4xx_hal.o(i.HAL_IncTick) for HAL_IncTick
    main.o(i.HAL_TIM_PeriodElapsedCallback) refers to motor.o(i.applyControlOutput) for applyControlOutput
    main.o(i.HAL_TIM_PeriodElapsedCallback) refers to motor.o(i.SpeedAndAngleUpdate) for SpeedAndAngleUpdate
    main.o(i.SystemClock_Config) refers to memseta.o(.text) for __aeabi_memclr4
[...]
    i.TIM_TI2_ConfigInputStage               0x08004986   Section        0  stm32f4xx_hal_tim.o(i.TIM_TI2_ConfigInputStage)
    TIM_TI2_ConfigInputStage                 0x08004987   Thumb Code    40  stm32f4xx_hal_tim.o(i.TIM_TI2_ConfigInputStage)
    i.UART_DMAAbortOnError                   0x080049ae   Section        0  stm32f4xx_hal_uart.o(i.UART_DMAAbortOnError)
    UART_DMAAbortOnError                     0x080049af   Thumb Code    20  stm32f4xx_hal_uart.o(i.UART_DMAAbortOnError)
    i.UART_EndRxTransfer                     0x080049c2   Section        0  stm32f4xx_hal_uart.o(i.UART_EndRxTransfer)
    UART_EndRxTransfer                       0x080049c3   Thumb Code   108  stm32f4xx_hal_uart.o(i.UART_EndRxTransfer)
    i.UART_EndTransmit_IT                    0x08004a2e   Section        0  stm32f4xx_hal_uart.o(i.UART_EndTransmit_IT)
    UART_EndTransmit_IT                      0x08004a2f   Thumb Code    32  stm32f4xx_hal_uart.o(i.UART_EndTransmit_IT)
    i.UART_Receive_IT                        0x08004a4e   Section        0  stm32f4xx_hal_uart.o(i.UART_Receive_IT)
    UART_Receive_IT                          0x08004a4f   Thumb Code   248  stm32f4xx_hal_uart.o(i.UART_Receive_IT)
    i.UART_SetConfig                         0x08004b48   Section        0  stm32f4xx_hal_uart.o(i.UART_SetConfig)
    UART_SetConfig                           0x08004b49   Thumb Code   546  stm32f4xx_hal_uart.o(i.UART_SetConfig)
    i.UART_Transmit_IT                       0x08004d74   Section        0  stm32f4xx_hal_uart.o(i.UART_Transmit_IT)
    UART_Transmit_IT                         0x08004d75   Thumb Code    96  stm32f4xx_hal_uart.o(i.UART_Transmit_IT)
    i.UART_WaitOnFlagUntilTimeout            0x08004dd4   Section        0  stm32f4xx_hal_uart.o(i.UART_WaitOnFlagUntilTimeout)
    UART_WaitOnFlagUntilTimeout              0x08004dd5   Thumb Code   146  stm32f4xx_hal_uart.o(i.UART_WaitOnFlagUntilTimeout)
    i.USART1_IRQHandler                      0x08004e68   Section        0  stm32f4xx_it.o(i.USART1_IRQHandler)
    i.UsageFault_Handler                     0x08004e78   Section        0  stm32f4xx_it.o(i.UsageFault_Handler)
    i.__0printf                              0x08004e7c   Section        0  printfa.o(i.__0printf)
    i.__NVIC_GetPriorityGrouping             0x08004e9c   Section        0  stm32f4xx_hal_cortex.o(i.__NVIC_GetPriorityGrouping)
    __NVIC_GetPriorityGrouping               0x08004e9d   Thumb Code    10  stm32f4xx_hal_cortex.o(i.__NVIC_GetPriorityGrouping)
    i.__NVIC_SetPriority                     0x08004eac   Section        0  stm32f4xx_hal_cortex.o(i.__NVIC_SetPriority)
    __NVIC_SetPriority                       0x08004ead   Thumb Code    32  stm32f4xx_hal_cortex.o(i.__NVIC_SetPriority)
    i.__scatterload_copy                     0x08004ed4   Section       14  handlers.o(i.__scatterload_copy)
    i.__scatterload_null                     0x08004ee2   Section        2  handlers.o(i.__scatterload_null)
    i.__scatterload_zeroinit                 0x08004ee4   Section       14  handlers.o(i.__scatterload_zeroinit)
    i._fp_digits                             0x08004ef4   Section        0  printfa.o(i._fp_digits)
    _fp_digits                               0x08004ef5   Thumb Code   366  printfa.o(i._fp_digits)
    i._printf_core                           0x08005078   Section        0  printfa.o(i._printf_core)
    _printf_core                             0x08005079   Thumb Code  1744  printfa.o(i._printf_core)
    i._printf_post_padding                   0x08005754   Section        0  printfa.o(i._printf_post_padding)
    _printf_post_padding                     0x08005755   Thumb Code    36  printfa.o(i._printf_post_padding)
    i._printf_pre_padding                    0x08005778   Section        0  printfa.o(i._printf_pre_padding)
    _printf_pre_padding                      0x08005779   Thumb Code    46  printfa.o(i._printf_pre_padding)
    i.applyControlOutput                     0x080057a8   Section        0  motor.o(i.applyControlOutput)
    i.fputc                                  0x080058e4   Section        0  usart.o(i.fputc)
    i.main                                   0x08005900   Section        0  main.o(i.main)
    i.printfSpeed                            0x08005994   Section        0  motor.o(i.printfSpeed)
    i.prvAddCurrentTaskToDelayedList         0x08005a38   Section        0  tasks.o(i.prvAddCurrentTaskToDelayedList)
    prvAddCurrentTaskToDelayedList           0x08005a39   Thumb Code   174  tasks.o(i.prvAddCurrentTaskToDelayedList)
    i.prvAddNewTaskToReadyList               0x08005b04   Section        0  tasks.o(i.prvAddNewTaskToReadyList)
    prvAddNewTaskToReadyList                 0x08005b05   Thumb Code   218  tasks.o(i.prvAddNewTaskToReadyList)
    i.prvCheckForValidListAndQueue           0x08005bfc   Section        0  timers.o(i.prvCheckForValidListAndQueue)
    prvCheckForValidListAndQueue             0x08005bfd   Thumb Code    72  timers.o(i.prvCheckForValidListAndQueue)
    i.prvCheckTasksWaitingTermination        0x08005c60   Section        0  tasks.o(i.prvCheckTasksWaitingTermination)
    prvCheckTasksWaitingTermination          0x08005c61   Thumb Code    60  tasks.o(i.prvCheckTasksWaitingTermination)
    i.prvCopyDataFromQueue                   0x08005ca8   Section        0  queue.o(i.prvCopyDataFromQueue)
    prvCopyDataFromQueue                     0x08005ca9   Thumb Code    42  queue.o(i.prvCopyDataFromQueue)
    i.prvCreateIdleTasks                     0x08005cd4   Section        0  tasks.o(i.prvCreateIdleTasks)
    prvCreateIdleTasks                       0x08005cd5   Thumb Code    86  tasks.o(i.prvCreateIdleTasks)
    i.prvCreateTask                          0x08005d3c   Section        0  tasks.o(i.prvCreateTask)
    prvCreateTask                            0x08005d3d   Thumb Code    90  tasks.o(i.prvCreateTask)
    i.prvDeleteTCB                           0x08005d96   Section        0  tasks.o(i.prvDeleteTCB)
    prvDeleteTCB                             0x08005d97   Thumb Code    18  tasks.o(i.prvDeleteTCB)
    i.prvGetNextExpireTime                   0x08005da8   Section        0  timers.o(i.prvGetNextExpireTime)
    prvGetNextExpireTime                     0x08005da9   Thumb Code    36  timers.o(i.prvGetNextExpireTime)
    i.prvHeapInit                            0x08005dd0   Section        0  heap_4.o(i.prvHeapInit)
    prvHeapInit                              0x08005dd1   Thumb Code    88  heap_4.o(i.prvHeapInit)
    i.prvIdleTask                            0x08005e3c   Section        0  tasks.o(i.prvIdleTask)
    prvIdleTask                              0x08005e3d   Thumb Code    32  tasks.o(i.prvIdleTask)
    i.prvInitialiseNewQueue                  0x08005e64   Section        0  queue.o(i.prvInitialiseNewQueue)
    prvInitialiseNewQueue                    0x08005e65   Thumb Code    42  queue.o(i.prvInitialiseNewQueue)
    i.prvInitialiseNewTask                   0x08005e8e   Section        0  tasks.o(i.prvInitialiseNewTask)
    prvInitialiseNewTask                     0x08005e8f   Thumb Code   204  tasks.o(i.prvInitialiseNewTask)
    i.prvInitialiseTaskLists                 0x08005f5c   Section        0  tasks.o(i.prvInitialiseTaskLists)
    prvInitialiseTaskLists                   0x08005f5d   Thumb Code    70  tasks.o(i.prvInitialiseTaskLists)
    i.prvInsertBlockIntoFreeList             0x08005fc4   Section        0  heap_4.o(i.prvInsertBlockIntoFreeList)
    prvInsertBlockIntoFreeList               0x08005fc5   Thumb Code   144  heap_4.o(i.prvInsertBlockIntoFreeList)
    i.prvInsertTimerInActiveList             0x08006064   Section        0  timers.o(i.prvInsertTimerInActiveList)
    prvInsertTimerInActiveList               0x08006065   Thumb Code    80  timers.o(i.prvInsertTimerInActiveList)
    i.prvIsQueueEmpty                        0x080060bc   Section        0  queue.o(i.prvIsQueueEmpty)
    prvIsQueueEmpty                          0x080060bd   Thumb Code    26  queue.o(i.prvIsQueueEmpty)
    i.prvProcessExpiredTimer                 0x080060d8   Section        0  timers.o(i.prvProcessExpiredTimer)
    prvProcessExpiredTimer                   0x080060d9   Thumb Code    62  timers.o(i.prvProcessExpiredTimer)
    i.prvProcessReceivedCommands             0x0800611c   Section        0  timers.o(i.prvProcessReceivedCommands)
    prvProcessReceivedCommands               0x0800611d   Thumb Code   288  timers.o(i.prvProcessReceivedCommands)
    i.prvProcessTimerOrBlockTask             0x08006240   Section        0  timers.o(i.prvProcessTimerOrBlockTask)
    prvProcessTimerOrBlockTask               0x08006241   Thumb Code   102  timers.o(i.prvProcessTimerOrBlockTask)
    i.prvReloadTimer                         0x080062b4   Section        0  timers.o(i.prvReloadTimer)
    prvReloadTimer                           0x080062b5   Thumb Code    40  timers.o(i.prvReloadTimer)
    i.prvResetNextTaskUnblockTime            0x080062dc   Section        0  tasks.o(i.prvResetNextTaskUnblockTime)
    prvResetNextTaskUnblockTime              0x080062dd   Thumb Code    40  tasks.o(i.prvResetNextTaskUnblockTime)
    i.prvSampleTimeNow                       0x0800630c   Section        0  timers.o(i.prvSampleTimeNow)
    prvSampleTimeNow                         0x0800630d   Thumb Code    40  timers.o(i.prvSampleTimeNow)
    i.prvSwitchTimerLists                    0x08006338   Section        0  timers.o(i.prvSwitchTimerLists)
    prvSwitchTimerLists                      0x08006339   Thumb Code    58  timers.o(i.prvSwitchTimerLists)
    i.prvTaskExitError                       0x0800637c   Section        0  port.o(i.prvTaskExitError)
    prvTaskExitError                         0x0800637d   Thumb Code    60  port.o(i.prvTaskExitError)
    i.prvTimerTask                           0x080063bc   Section        0  timers.o(i.prvTimerTask)
    prvTimerTask                             0x080063bd   Thumb Code    26  timers.o(i.prvTimerTask)
    i.prvUnlockQueue                         0x080063d6   Section        0  queue.o(i.prvUnlockQueue)
    prvUnlockQueue                           0x080063d7   Thumb Code   126  queue.o(i.prvUnlockQueue)
    i.pvPortMalloc                           0x08006454   Section        0  heap_4.o(i.pvPortMalloc)
    i.pxPortInitialiseStack                  0x0800664c   Section        0  port.o(i.pxPortInitialiseStack)
    i.uxListRemove                           0x08006678   Section        0  list.o(i.uxListRemove)
    i.vLedTask                               0x080066a0   Section        0  main.o(i.vLedTask)
    i.vListInitialise                        0x080066d4   Section        0  list.o(i.vListInitialise)
    i.vListInitialiseItem                    0x080066ee   Section        0  list.o(i.vListInitialiseItem)
    i.vListInsert                            0x080066f4   Section        0  list.o(i.vListInsert)
    i.vPortEnterCritical                     0x08006728   Section        0  port.o(i.vPortEnterCritical)
    i.vPortExitCritical                      0x0800677c   Section        0  port.o(i.vPortExitCritical)
    i.vPortFree                              0x080067b8   Section        0  heap_4.o(i.vPortFree)
    i.vPortSetupTimerInterrupt               0x08006878   Section        0  port.o(i.vPortSetupTimerInterrupt)
    i.vQueueAddToRegistry                    0x080068a0   Section        0  queue.o(i.vQueueAddToRegistry)
    i.vQueueWaitForMessageRestricted         0x08006900   Section        0  queue.o(i.vQueueWaitForMessageRestricted)
    i.vTaskInternalSetTimeOutState           0x0800694c   Section        0  tasks.o(i.vTaskInternalSetTimeOutState)
    i.vTaskMissedYield                       0x08006964   Section        0  tasks.o(i.vTaskMissedYield)
    i.vTaskPlaceOnEventList                  0x08006970   Section        0  tasks.o(i.vTaskPlaceOnEventList)
    i.vTaskPlaceOnEventListRestricted        0x080069a8   Section        0  tasks.o(i.vTaskPlaceOnEventListRestricted)
    i.vTaskStartScheduler                    0x08006a10   Section        0  tasks.o(i.vTaskStartScheduler)
    i.vTaskSuspendAll                        0x08006a8c   Section        0  tasks.o(i.vTaskSuspendAll)
    i.vTaskSwitchContext                     0x08006a9c   Section        0  tasks.o(i.vTaskSwitchContext)
    i.xPortStartScheduler                    0x08006b30   Section        0  port.o(i.xPortStartScheduler)
    i.xQueueGenericCreate                    0x08006c98   Section        0  queue.o(i.xQueueGenericCreate)
    i.xQueueGenericReset                     0x08006d00   Section        0  queue.o(i.xQueueGenericReset)
    i.xQueueReceive                          0x08006ddc   Section        0  queue.o(i.xQueueReceive)
    i.xTaskCheckForTimeOut                   0x08006f44   Section        0  tasks.o(i.xTaskCheckForTimeOut)
    i.xTaskCreate                            0x08006fd4   Section        0  tasks.o(i.xTaskCreate)
    i.xTaskGetSchedulerState                 0x0800700c   Section        0  tasks.o(i.xTaskGetSchedulerState)
    i.xTaskGetTickCount                      0x0800702c   Section        0  tasks.o(i.xTaskGetTickCount)
    i.xTaskIncrementTick                     0x08007038   Section        0  tasks.o(i.xTaskIncrementTick)
    i.xTaskRemoveFromEventList               0x08007204   Section        0  tasks.o(i.xTaskRemoveFromEventList)
    i.xTaskResumeAll                         0x08007334   Section        0  tasks.o(i.xTaskResumeAll)
    i.xTimerCreateTimerTask                  0x080074d4   Section        0  timers.o(i.xTimerCreateTimerTask)
    .constdata                               0x0800752c   Section        8  stm32f4xx_hal_dma.o(.constdata)
    flagBitshiftOffset                       0x0800752c   Data           8  stm32f4xx_hal_dma.o(.constdata)
    .constdata                               0x08007534   Section       24  system_stm32f4xx.o(.constdata)
    .data                                    0x20000000   Section       80  motor.o(.data)
    .data                                    0x20000050   Section        4  main.o(.data)
    .data                                    0x20000054   Section        8  crc.o(.data)
    .data                                    0x2000005c   Section        9  stm32f4xx_hal.o(.data)
    .data                                    0x20000068   Section        4  system_stm32f4xx.o(.data)
    .data                                    0x2000006c   Section       64  tasks.o(.data)
    pxDelayedTaskList                        0x20000070   Data           4  tasks.o(.data)
    pxOverflowDelayedTaskList                0x20000074   Data           4  tasks.o(.data)
    uxDeletedTasksWaitingCleanUp             0x20000078   Data           4  tasks.o(.data)
    uxCurrentNumberOfTasks                   0x2000007c   Data           4  tasks.o(.data)
    xTickCount                               0x20000080   Data           4  tasks.o(.data)
    uxTopReadyPriority                       0x20000084   Data           4  tasks.o(.data)
    xSchedulerRunning                        0x20000088   Data           4  tasks.o(.data)
    xPendedTicks                             0x2000008c   Data           4  tasks.o(.data)
    xYieldPendings                           0x20000090   Data           4  tasks.o(.data)
    xNumOfOverflows                          0x20000094   Data           4  tasks.o(.data)
    uxTaskNumber                             0x20000098   Data           4  tasks.o(.data)
    xNextTaskUnblockTime                     0x2000009c   Data           4  tasks.o(.data)
    xIdleTaskHandles                         0x200000a0   Data           4  tasks.o(.data)
    uxTopUsedPriority                        0x200000a4   Data           4  tasks.o(.data)
    uxSchedulerSuspended                     0x200000a8   Data           4  tasks.o(.data)
    .data                                    0x200000ac   Section       20  timers.o(.data)
    pxCurrentTimerList                       0x200000ac   Data           4  timers.o(.data)
    pxOverflowTimerList                      0x200000b0   Data           4  timers.o(.data)
    xTimerQueue                              0x200000b4   Data           4  timers.o(.data)
    xTimerTaskHandle                         0x200000b8   Data           4  timers.o(.data)
    xLastTime                                0x200000bc   Data           4  timers.o(.data)
    .data                                    0x200000c0   Section       12  port.o(.data)
    uxCriticalNesting                        0x200000c0   Data           4  port.o(.data)
    ucMaxSysCallPriority                     0x200000c4   Data           1  port.o(.data)
    ulMaxPRIGROUPValue                       0x200000c8   Data           4  port.o(.data)
    .data                                    0x200000cc   Section       28  heap_4.o(.data)
    xStart                                   0x200000cc   Data           8  heap_4.o(.data)
    pxEnd                                    0x200000d4   Data           4  heap_4.o(.data)
    xFreeBytesRemaining                      0x200000d8   Data           4  heap_4.o(.data)
    xMinimumEverFreeBytesRemaining           0x200000dc   Data           4  heap_4.o(.data)
    xNumberOfSuccessfulAllocations           0x200000e0   Data           4  heap_4.o(.data)
    xNumberOfSuccessfulFrees                 0x200000e4   Data           4  heap_4.o(.data)
    .data                                    0x200000e8   Section        4  stdout.o(.data)
    .bss                                     0x200000ec   Section       72  adc.o(.bss)
    .bss                                     0x20000134   Section       40  can.o(.bss)
    .bss                                     0x2000015c   Section      160  dcmi.o(.bss)
    .bss                                     0x200001fc   Section       12  iwdg.o(.bss)
    .bss                                     0x20000208   Section      864  tim.o(.bss)
    .bss                                     0x20000568   Section      136  usart.o(.bss)
    .bss                                     0x200005f0   Section       72  stm32f4xx_hal_timebase_tim.o(.bss)
    .bss                                     0x20000638   Section       64  queue.o(.bss)
    .bss                                     0x20000678   Section      200  tasks.o(.bss)
    pxReadyTasksLists                        0x20000678   Data         100  tasks.o(.bss)
    xDelayedTaskList1                        0x200006dc   Data          20  tasks.o(.bss)
    xDelayedTaskList2                        0x200006f0   Data          20  tasks.o(.bss)
    xPendingReadyList                        0x20000704   Data          20  tasks.o(.bss)
    xTasksWaitingTermination                 0x20000718   Data          20  tasks.o(.bss)
    xSuspendedTaskList                       0x2000072c   Data          20  tasks.o(.bss)
    .bss                                     0x20000740   Section       40  timers.o(.bss)
    xActiveTimerList1                        0x20000740   Data          20  timers.o(.bss)
    xActiveTimerList2                        0x20000754   Data          20  timers.o(.bss)
    .bss                                     0x20000768   Section    76800  heap_4.o(.bss)
    ucHeap                                   0x20000768   Data       76800  heap_4.o(.bss)
    STACK                                    0x20013368   Section     1024  startup_stm32f407xx.o(STACK)

    Global Symbols

    Symbol Name                              Value     Ov Type        Size  Object(Section)

    BuildAttributes$$THM_ISAv4$E$P$D$K$B$S$7EM$VFPi3$EXTD16$VFPS$VFMA$PE$A:L22UL41UL21$X:L11$S22US41US21$IEEE1$IW$USESV6$~STKCKD$USESV7$~SHL$OTIME$ROPI$EBA8$MICROLIB$REQ8$PRES8$EABIv2 0x00000000   Number         0  anon$$obj.o ABSOLUTE
    __ARM_use_no_argv                        0x00000000   Number         0  main.o ABSOLUTE
    _printf_a                                0x00000000   Number         0  stubs.o ABSOLUTE
    _printf_c                                0x00000000   Number         0  stubs.o ABSOLUTE
    _printf_charcount                        0x00000000   Number         0  stubs.o ABSOLUTE
    _printf_d                                0x00000000   Number         0  stubs.o ABSOLUTE
    _printf_e                                0x00000000   Number         0  stubs.o ABSOLUTE
    _printf_f                                0x00000000   Number         0  stubs.o ABSOLUTE
    _printf_flags                            0x00000000   Number         0  stubs.o ABSOLUTE
    _printf_fp_dec                           0x00000000   Number         0  stubs.o ABSOLUTE
    _printf_fp_hex                           0x00000000   Number         0  stubs.o ABSOLUTE
    _printf_g                                0x00000000   Number         0  stubs.o ABSOLUTE
    _printf_i                                0x00000000   Number         0  stubs.o ABSOLUTE
    _printf_int_dec                          0x00000000   Number         0  stubs.o ABSOLUTE
    _printf_l                                0x00000000   Number         0  stubs.o ABSOLUTE
    _printf_lc                               0x00000000   Number         0  stubs.o ABSOLUTE
    _printf_ll                               0x00000000   Number         0  stubs.o ABSOLUTE
    _printf_lld                              0x00000000   Number         0  stubs.o ABSOLUTE
    _printf_lli                              0x00000000   Number         0  stubs.o ABSOLUTE
    _printf_llo                              0x00000000   Number         0  stubs.o ABSOLUTE
    _printf_llu                              0x00000000   Number         0  stubs.o ABSOLUTE
    _printf_llx                              0x00000000   Number         0  stubs.o ABSOLUTE
    _printf_longlong_dec                     0x00000000   Number         0  stubs.o ABSOLUTE
    _printf_longlong_hex                     0x00000000   Number         0  stubs.o ABSOLUTE
    _printf_longlong_oct                     0x00000000   Number         0  stubs.o ABSOLUTE
    _printf_ls                               0x00000000   Number         0  stubs.o ABSOLUTE
    _printf_mbtowc                           0x00000000   Number         0  stubs.o ABSOLUTE
    _printf_n                                0x00000000   Number         0  stubs.o ABSOLUTE
    _printf_o                                0x00000000   Number         0  stubs.o ABSOLUTE
    _printf_p                                0x00000000   Number         0  stubs.o ABSOLUTE
    _printf_percent                          0x00000000   Number         0  stubs.o ABSOLUTE
    _printf_pre_padding                      0x00000000   Number         0  stubs.o ABSOLUTE
    _printf_return_value                     0x00000000   Number         0  stubs.o ABSOLUTE
    _printf_s                                0x00000000   Number         0  stubs.o ABSOLUTE
    _printf_sizespec                         0x00000000   Number         0  stubs.o ABSOLUTE
    _printf_str                              0x00000000   Number         0  stubs.o ABSOLUTE
    _printf_truncate_signed                  0x00000000   Number         0  stubs.o ABSOLUTE
    _printf_truncate_unsigned                0x00000000   Number         0  stubs.o ABSOLUTE
    _printf_u                                0x00000000   Number         0  stubs.o ABSOLUTE
    _printf_wc                               0x00000000   Number         0  stubs.o ABSOLUTE
    _printf_wctomb                           0x00000000   Number         0  stubs.o ABSOLUTE
    _printf_widthprec                        0x00000000   Number         0  stubs.o ABSOLUTE
    _printf_x                                0x00000000   Number         0  stubs.o ABSOLUTE
    __cpp_initialize__aeabi_                  - Undefined Weak Reference
    __cxa_finalize                            - Undefined Weak Reference
    __decompress                              - Undefined Weak Reference
    _clock_init                               - Undefined Weak Reference
    _microlib_exit                            - Undefined Weak Reference
    __Vectors_Size                           0x00000188   Number         0  startup_stm32f407xx.o ABSOLUTE
    __Vectors                                0x08000000   Data           4  startup_stm32f407xx.o(RESET)
    __Vectors_End                            0x08000188   Data           0  startup_stm32f407xx.o(RESET)
    __main                                   0x08000189   Thumb Code     0  entry.o(.ARM.Collect$$$$00000000)
    _main_stk                                0x08000189   Thumb Code     0  entry2.o(.ARM.Collect$$$$00000001)
    _main_scatterload                        0x0800018d   Thumb Code     0  entry5.o(.ARM.Collect$$$$00000004)
    __main_after_scatterload                 0x08000191   Thumb Code     0  entry5.o(.ARM.Collect$$$$00000004)
    _main_clock                              0x08000191   Thumb Code     0  entry7b.o(.ARM.Collect$$$$00000008)
    _main_cpp_init                           0x08000191   Thumb Code     0  entry8b.o(.ARM.Collect$$$$0000000A)
    _main_init                               0x08000191   Thumb Code     0  entry9a.o(.ARM.Collect$$$$0000000B)
    __rt_final_cpp                           0x08000199   Thumb Code     0  entry10a.o(.ARM.Collect$$$$0000000D)
    __rt_final_exit                          0x08000199   Thumb Code     0  entry11a.o(.ARM.Collect$$$$0000000F)
    SVC_Handler                              0x0800019d   Thumb Code    28  port.o(.emb_text)
    __asm___6_port_c_39a90d8d__prvStartFirstTask 0x080001bd   Thumb Code    36  port.o(.emb_text)
    __asm___6_port_c_39a90d8d__prvEnableVFP  0x080001e5   Thumb Code    16  port.o(.emb_text)
    PendSV_Handler                           0x080001f9   Thumb Code    88  port.o(.emb_text)
    vPortGetIPSR                             0x08000255   Thumb Code     6  port.o(.emb_text)
    Reset_Handler                            0x0800025d   Thumb Code     8  startup_stm32f407xx.o(.text)
    ADC_IRQHandler                           0x08000277   Thumb Code     0  startup_stm32f407xx.o(.text)
    CAN1_RX0_IRQHandler                      0x08000277   Thumb Code     0  startup_stm32f407xx.o(.text)
    CAN1_RX1_IRQHandler                      0x08000277   Thumb Code     0  startup_stm32f407xx.o(.text)
    CAN1_SCE_IRQHandler                      0x08000277   Thumb Code     0  startup_stm32f407xx.o(.text)
    CAN1_TX_IRQHandler                       0x08000277   Thumb Code     0  startup_stm32f407xx.o(.text)
    CAN2_RX0_IRQHandler                      0x08000277   Thumb Code     0  startup_stm32f407xx.o(.text)
    CAN2_RX1_IRQHandler                      0x08000277   Thumb Code     0  startup_stm32f407xx.o(.text)
    CAN2_SCE_IRQHandler                      0x08000277   Thumb Code     0  startup_stm32f407xx.o(.text)
    CAN2_TX_IRQHandler                       0x08000277   Thumb Code     0  startup_stm32f407xx.o(.text)
    DMA1_Stream0_IRQHandler                  0x08000277   Thumb Code     0  startup_stm32f407xx.o(.text)
    DMA1_Stream1_IRQHandler                  0x08000277   Thumb Code     0  startup_stm32f407xx.o(.text)
    DMA1_Stream2_IRQHandler                  0x08000277   Thumb Code     0  startup_stm32f407xx.o(.text)
    DMA1_Stream3_IRQHandler                  0x08000277   Thumb Code     0  startup_stm32f407xx.o(.text)
    DMA1_Stream4_IRQHandler                  0x08000277   Thumb Code     0  startup_stm32f407xx.o(.text)
    DMA1_Stream5_IRQHandler                  0x08000277   Thumb Code     0  startup_stm32f407xx.o(.text)
    DMA1_Stream6_IRQHandler                  0x08000277   Thumb Code     0  startup_stm32f407xx.o(.text)
    DMA1_Stream7_IRQHandler                  0x08000277   Thumb Code     0  startup_stm32f407xx.o(.text)
    DMA2_Stream0_IRQHandler                  0x08000277   Thumb Code     0  startup_stm32f407xx.o(.text)
    DMA2_Stream2_IRQHandler                  0x08000277   Thumb Code     0  startup_stm32f407xx.o(.text)
    DMA2_Stream3_IRQHandler                  0x08000277   Thumb Code     0  startup_stm32f407xx.o(.text)
    DMA2_Stream4_IRQHandler                  0x08000277   Thumb Code     0  startup_stm32f407xx.o(.text)
    DMA2_Stream5_IRQHandler                  0x08000277   Thumb Code     0  startup_stm32f407xx.o(.text)
    DMA2_Stream6_IRQHandler                  0x08000277   Thumb Code     0  startup_stm32f407xx.o(.text)
    DMA2_Stream7_IRQHandler                  0x08000277   Thumb Code     0  startup_stm32f407xx.o(.text)
    ETH_IRQHandler                           0x08000277   Thumb Code     0  startup_stm32f407xx.o(.text)
    ETH_WKUP_IRQHandler                      0x08000277   Thumb Code     0  startup_stm32f407xx.o(.text)
    EXTI0_IRQHandler                         0x08000277   Thumb Code     0  startup_stm32f407xx.o(.text)
    EXTI15_10_IRQHandler                     0x08000277   Thumb Code     0  startup_stm32f407xx.o(.text)
    EXTI1_IRQHandler                         0x08000277   Thumb Code     0  startup_stm32f407xx.o(.text)
    EXTI2_IRQHandler                         0x08000277   Thumb Code     0  startup_stm32f407xx.o(.text)
    EXTI3_IRQHandler                         0x08000277   Thumb Code     0  startup_stm32f407xx.o(.text)
    EXTI4_IRQHandler                         0x08000277   Thumb Code     0  startup_stm32f407xx.o(.text)
    EXTI9_5_IRQHandler                       0x08000277   Thumb Code     0  startup_stm32f407xx.o(.text)
    FLASH_IRQHandler                         0x08000277   Thumb Code     0  startup_stm32f407xx.o(.text)
    FMC_IRQHandler                           0x08000277   Thumb Code     0  startup_stm32f407xx.o(.text)
    FPU_IRQHandler                           0x08000277   Thumb Code     0  startup_stm32f407xx.o(.text)
    HASH_RNG_IRQHandler                      0x08000277   Thumb Code     0  startup_stm32f407xx.o(.text)
    I2C1_ER_IRQHandler                       0x08000277   Thumb Code     0  startup_stm32f407xx.o(.text)
    I2C1_EV_IRQHandler                       0x08000277   Thumb Code     0  startup_stm32f407xx.o(.text)
    I2C2_ER_IRQHandler                       0x08000277   Thumb Code     0  startup_stm32f407xx.o(.text)
    I2C2_EV_IRQHandler                       0x08000277   Thumb Code     0  startup_stm32f407xx.o(.text)
    I2C3_ER_IRQHandler                       0x08000277   Thumb Code     0  startup_stm32f407xx.o(.text)
    I2C3_EV_IRQHandler                       0x08000277   Thumb Code     0  startup_stm32f407xx.o(.text)
    OTG_FS_IRQHandler                        0x08000277   Thumb Code     0  startup_stm32f407xx.o(.text)
    OTG_FS_WKUP_IRQHandler                   0x08000277   Thumb Code     0  startup_stm32f407xx.o(.text)
    OTG_HS_EP1_IN_IRQHandler                 0x08000277   Thumb Code     0  startup_stm32f407xx.o(.text)
    OTG_HS_EP1_OUT_IRQHandler                0x08000277   Thumb Code     0  startup_stm32f407xx.o(.text)
    OTG_HS_IRQHandler                        0x08000277   Thumb Code     0  startup_stm32f407xx.o(.text)
    OTG_HS_WKUP_IRQHandler                   0x08000277   Thumb Code     0  startup_stm32f407xx.o(.text)
    PVD_IRQHandler                           0x08000277   Thumb Code     0  startup_stm32f407xx.o(.text)
    RCC_IRQHandler                           0x08000277   Thumb Code     0  startup_stm32f407xx.o(.text)
    RTC_Alarm_IRQHandler                     0x08000277   Thumb Code     0  startup_stm32f407xx.o(.text)
    RTC_WKUP_IRQHandler                      0x08000277   Thumb Code     0  startup_stm32f407xx.o(.text)
    SDIO_IRQHandler                          0x08000277   Thumb Code     0  startup_stm32f407xx.o(.text)
    SPI1_IRQHandler                          0x08000277   Thumb Code     0  startup_stm32f407xx.o(.text)
    SPI2_IRQHandler                          0x08000277   Thumb Code     0  startup_stm32f407xx.o(.text)
    SPI3_IRQHandler                          0x08000277   Thumb Code     0  startup_stm32f407xx.o(.text)
    TAMP_STAMP_IRQHandler                    0x08000277   Thumb Code     0  startup_stm32f407xx.o(.text)
    TIM1_BRK_TIM9_IRQHandler                 0x08000277   Thumb Code     0  startup_stm32f407xx.o(.text)
    TIM1_CC_IRQHandler                       0x08000277   Thumb Code     0  startup_stm32f407xx.o(.text)
    TIM1_TRG_COM_TIM11_IRQHandler            0x08000277   Thumb Code     0  startup_stm32f407xx.o(.text)
    TIM1_UP_TIM10_IRQHandler                 0x08000277   Thumb Code     0  startup_stm32f407xx.o(.text)
    TIM2_IRQHandler                          0x08000277   Thumb Code     0  startup_stm32f407xx.o(.text)
    TIM5_IRQHandler                          0x08000277   Thumb Code     0  startup_stm32f407xx.o(.text)
    TIM8_CC_IRQHandler                       0x08000277   Thumb Code     0  startup_stm32f407xx.o(.text)
    TIM8_TRG_COM_TIM14_IRQHandler            0x08000277   Thumb Code     0  startup_stm32f407xx.o(.text)
    TIM8_UP_TIM13_IRQHandler                 0x08000277   Thumb Code     0  startup_stm32f407xx.o(.text)
    UART4_IRQHandler                         0x08000277   Thumb Code     0  startup_stm32f407xx.o(.text)
    UART5_IRQHandler                         0x08000277   Thumb Code     0  startup_stm32f407xx.o(.text)
    USART2_IRQHandler                        0x08000277   Thumb Code     0  startup_stm32f407xx.o(.text)
    USART3_IRQHandler                        0x08000277   Thumb Code     0  startup_stm32f407xx.o(.text)
    USART6_IRQHandler                        0x08000277   Thumb Code     0  startup_stm32f407xx.o(.text)
    WWDG_IRQHandler                          0x08000277   Thumb Code     0  startup_stm32f407xx.o(.text)
    __aeabi_uldivmod                         0x08000281   Thumb Code    98  uldiv.o(.text)
    __aeabi_memcpy                           0x080002e3   Thumb Code    36  memcpya.o(.text)
    __aeabi_memcpy4                          0x080002e3   Thumb Code     0  memcpya.o(.text)
    __aeabi_memcpy8                          0x080002e3   Thumb Code     0  memcpya.o(.text)
    __aeabi_memset                           0x08000307   Thumb Code    14  memseta.o(.text)
    __aeabi_memset4                          0x08000307   Thumb Code     0  memseta.o(.text)
    __aeabi_memset8                          0x08000307   Thumb Code     0  memseta.o(.text)
    __aeabi_memclr                           0x08000315   Thumb Code     4  memseta.o(.text)
    __aeabi_memclr4                          0x08000315   Thumb Code     0  memseta.o(.text)
    __aeabi_memclr8                          0x08000315   Thumb Code     0  memseta.o(.text)
    memset                                   0x08000319   Thumb Code    18  memseta.o(.text)
    __aeabi_dmul                             0x0800032b   Thumb Code   228  dmul.o(.text)
    __aeabi_ddiv                             0x0800040f   Thumb Code   222  ddiv.o(.text)
    __aeabi_i2d                              0x080004ed   Thumb Code    34  dflti.o(.text)
    __aeabi_f2d                              0x0800050f   Thumb Code    38  f2d.o(.text)
    __aeabi_d2f                              0x08000535   Thumb Code    56  d2f.o(.text)
    __aeabi_uidiv                            0x0800056d   Thumb Code     0  uidiv.o(.text)
    __aeabi_uidivmod                         0x0800056d   Thumb Code    44  uidiv.o(.text)
    __aeabi_llsl                             0x08000599   Thumb Code    30  llshl.o(.text)
    _ll_shift_l                              0x08000599   Thumb Code     0  llshl.o(.text)
    __aeabi_llsr                             0x080005b7   Thumb Code    32  llushr.o(.text)
    _ll_ushift_r                             0x080005b7   Thumb Code     0  llushr.o(.text)
    __I$use$fp                               0x080005d7   Thumb Code     0  iusefp.o(.text)
    _float_round                             0x080005d7   Thumb Code    18  fepilogue.o(.text)
    _float_epilogue                          0x080005e9   Thumb Code    92  fepilogue.o(.text)
    _double_round                            0x08000645   Thumb Code    30  depilogue.o(.text)
    _double_epilogue                         0x08000663   Thumb Code   156  depilogue.o(.text)
    __aeabi_dadd                             0x080006ff   Thumb Code   322  dadd.o(.text)
    __aeabi_dsub                             0x08000841   Thumb Code     6  dadd.o(.text)
    __aeabi_drsub                            0x08000847   Thumb Code     6  dadd.o(.text)
    __aeabi_d2ulz                            0x0800084d   Thumb Code    48  dfixul.o(.text)
    __aeabi_cdrcmple                         0x0800087d   Thumb Code    48  cdrcmple.o(.text)
    __scatterload                            0x080008ad   Thumb Code    28  init.o(.text)
    __scatterload_rt2                        0x080008ad   Thumb Code     0  init.o(.text)
    __aeabi_lasr                             0x080008d1   Thumb Code    36  llsshr.o(.text)
    _ll_sshift_r                             0x080008d1   Thumb Code     0  llsshr.o(.text)
    BusFault_Handler                         0x08000a55   Thumb Code     4  stm32f4xx_it.o(i.BusFault_Handler)
    DCMI_IRQHandler                          0x08000a75   Thumb Code    10  stm32f4xx_it.o(i.DCMI_IRQHandler)
    DMA2_Stream1_IRQHandler                  0x08000a85   Thumb Code    10  stm32f4xx_it.o(i.DMA2_Stream1_IRQHandler)
    DebugMon_Handler                         0x08000b73   Thumb Code     2  stm32f4xx_it.o(i.DebugMon_Handler)
    Error_Handler                            0x08000b75   Thumb Code     6  main.o(i.Error_Handler)
    HAL_ADC_ConfigChannel                    0x08000b7d   Thumb Code   380  stm32f4xx_hal_adc.o(i.HAL_ADC_ConfigChannel)
    HAL_ADC_Init                             0x08000d09   Thumb Code   100  stm32f4xx_hal_adc.o(i.HAL_ADC_Init)
    HAL_ADC_MspInit                          0x08000d71   Thumb Code   114  adc.o(i.HAL_ADC_MspInit)
    HAL_CAN_Init                             0x08000df1   Thumb Code   372  stm32f4xx_hal_can.o(i.HAL_CAN_Init)
    HAL_CAN_MspInit                          0x08000f65   Thumb Code   124  can.o(i.HAL_CAN_MspInit)
    HAL_CRC_Init                             0x08000fed   Thumb Code    32  stm32f4xx_hal_crc.o(i.HAL_CRC_Init)
    HAL_CRC_MspInit                          0x0800100d   Thumb Code    44  crc.o(i.HAL_CRC_MspInit)
    HAL_DCMI_ErrorCallback                   0x08001041   Thumb Code     2  stm32f4xx_hal_dcmi.o(i.HAL_DCMI_ErrorCallback)
    HAL_DCMI_FrameEventCallback              0x08001043   Thumb Code     2  stm32f4xx_hal_dcmi.o(i.HAL_DCMI_FrameEventCallback)
    HAL_DCMI_IRQHandler                      0x08001045   Thumb Code   170  stm32f4xx_hal_dcmi.o(i.HAL_DCMI_IRQHandler)
    HAL_DCMI_Init                            0x080010f5   Thumb Code   146  stm32f4xx_hal_dcmi_ex.o(i.HAL_DCMI_Init)
    HAL_DCMI_LineEventCallback               0x08001187   Thumb Code     2  stm32f4xx_hal_dcmi.o(i.HAL_DCMI_LineEventCallback)
    HAL_DCMI_MspInit                         0x08001189   Thumb Code   382  dcmi.o(i.HAL_DCMI_MspInit)
    HAL_DCMI_VsyncEventCallback              0x08001329   Thumb Code     2  stm32f4xx_hal_dcmi.o(i.HAL_DCMI_VsyncEventCallback)
    HAL_DMA_Abort                            0x0800132b   Thumb Code   172  stm32f4xx_hal_dma.o(i.HAL_DMA_Abort)
    HAL_DMA_Abort_IT                         0x080013d7   Thumb Code    40  stm32f4xx_hal_dma.o(i.HAL_DMA_Abort_IT)
    HAL_DMA_IRQHandler                       0x08001401   Thumb Code   570  stm32f4xx_hal_dma.o(i.HAL_DMA_IRQHandler)
    HAL_DMA_Init                             0x08001641   Thumb Code   232  stm32f4xx_hal_dma.o(i.HAL_DMA_Init)
    HAL_Delay                                0x0800172d   Thumb Code    36  stm32f4xx_hal.o(i.HAL_Delay)
    HAL_GPIO_Init                            0x08001755   Thumb Code   454  stm32f4xx_hal_gpio.o(i.HAL_GPIO_Init)
    HAL_GPIO_WritePin                        0x08001949   Thumb Code    12  stm32f4xx_hal_gpio.o(i.HAL_GPIO_WritePin)
    HAL_GetTick                              0x08001955   Thumb Code     6  stm32f4xx_hal.o(i.HAL_GetTick)
    HAL_IWDG_Init                            0x08001961   Thumb Code    94  stm32f4xx_hal_iwdg.o(i.HAL_IWDG_Init)
    HAL_IncTick                              0x080019c1   Thumb Code    16  stm32f4xx_hal.o(i.HAL_IncTick)
    HAL_Init                                 0x080019d9   Thumb Code    54  stm32f4xx_hal.o(i.HAL_Init)
    HAL_InitTick                             0x08001a15   Thumb Code   160  stm32f4xx_hal_timebase_tim.o(i.HAL_InitTick)
    HAL_MspInit                              0x08001ac9   Thumb Code    68  stm32f4xx_hal_msp.o(i.HAL_MspInit)
    HAL_NVIC_EnableIRQ                       0x08001b11   Thumb Code    32  stm32f4xx_hal_cortex.o(i.HAL_NVIC_EnableIRQ)
    HAL_NVIC_SetPriority                     0x08001b31   Thumb Code   124  stm32f4xx_hal_cortex.o(i.HAL_NVIC_SetPriority)
    HAL_NVIC_SetPriorityGrouping             0x08001bad   Thumb Code    32  stm32f4xx_hal_cortex.o(i.HAL_NVIC_SetPriorityGrouping)
    HAL_RCC_ClockConfig                      0x08001bd5   Thumb Code   368  stm32f4xx_hal_rcc.o(i.HAL_RCC_ClockConfig)
    HAL_RCC_GetClockConfig                   0x08001d59   Thumb Code    58  stm32f4xx_hal_rcc.o(i.HAL_RCC_GetClockConfig)
    HAL_RCC_GetHCLKFreq                      0x08001d9d   Thumb Code     6  stm32f4xx_hal_rcc.o(i.HAL_RCC_GetHCLKFreq)
    HAL_RCC_GetPCLK1Freq                     0x08001da9   Thumb Code    22  stm32f4xx_hal_rcc.o(i.HAL_RCC_GetPCLK1Freq)
    HAL_RCC_GetPCLK2Freq                     0x08001dc9   Thumb Code    22  stm32f4xx_hal_rcc.o(i.HAL_RCC_GetPCLK2Freq)
    HAL_RCC_GetSysClockFreq                  0x08001de9   Thumb Code   162  stm32f4xx_hal_rcc.o(i.HAL_RCC_GetSysClockFreq)
    HAL_RCC_OscConfig                        0x08001e99   Thumb Code  1172  stm32f4xx_hal_rcc.o(i.HAL_RCC_OscConfig)
    HAL_TIMEx_BreakCallback                  0x08002335   Thumb Code     2  stm32f4xx_hal_tim_ex.o(i.HAL_TIMEx_BreakCallback)
    HAL_TIMEx_CommutCallback                 0x08002337   Thumb Code     2  stm32f4xx_hal_tim_ex.o(i.HAL_TIMEx_CommutCallback)
    HAL_TIMEx_ConfigBreakDeadTime            0x08002339   Thumb Code   116  stm32f4xx_hal_tim_ex.o(i.HAL_TIMEx_ConfigBreakDeadTime)
    HAL_TIMEx_MasterConfigSynchronization    0x080023ad   Thumb Code   150  stm32f4xx_hal_tim_ex.o(i.HAL_TIMEx_MasterConfigSynchronization)
    HAL_TIM_Base_Init                        0x08002461   Thumb Code   102  stm32f4xx_hal_tim.o(i.HAL_TIM_Base_Init)
    HAL_TIM_Base_MspInit                     0x080024c9   Thumb Code   352  tim.o(i.HAL_TIM_Base_MspInit)
    HAL_TIM_Base_Start                       0x08002649   Thumb Code   126  stm32f4xx_hal_tim.o(i.HAL_TIM_Base_Start)
    HAL_TIM_Base_Start_IT                    0x080026e5   Thumb Code   138  stm32f4xx_hal_tim.o(i.HAL_TIM_Base_Start_IT)
    HAL_TIM_ConfigClockSource                0x0800278d   Thumb Code   268  stm32f4xx_hal_tim.o(i.HAL_TIM_ConfigClockSource)
    HAL_TIM_Encoder_Init                     0x08002899   Thumb Code   200  stm32f4xx_hal_tim.o(i.HAL_TIM_Encoder_Init)
    HAL_TIM_Encoder_MspInit                  0x08002961   Thumb Code   538  tim.o(i.HAL_TIM_Encoder_MspInit)
    HAL_TIM_Encoder_Start                    0x08002b9d   Thumb Code   204  stm32f4xx_hal_tim.o(i.HAL_TIM_Encoder_Start)
    HAL_TIM_IC_CaptureCallback               0x08002c69   Thumb Code     2  stm32f4xx_hal_tim.o(i.HAL_TIM_IC_CaptureCallback)
    HAL_TIM_IRQHandler                       0x08002c6b   Thumb Code   406  stm32f4xx_hal_tim.o(i.HAL_TIM_IRQHandler)
    HAL_TIM_MspPostInit                      0x08002e01   Thumb Code   426  tim.o(i.HAL_TIM_MspPostInit)
    HAL_TIM_OC_DelayElapsedCallback          0x08002fd5   Thumb Code     2  stm32f4xx_hal_tim.o(i.HAL_TIM_OC_DelayElapsedCallback)
    HAL_TIM_PWM_ConfigChannel                0x08002fd7   Thumb Code   260  stm32f4xx_hal_tim.o(i.HAL_TIM_PWM_ConfigChannel)
    HAL_TIM_PWM_Init                         0x080030db   Thumb Code   102  stm32f4xx_hal_tim.o(i.HAL_TIM_PWM_Init)
    HAL_TIM_PWM_MspInit                      0x08003141   Thumb Code    44  tim.o(i.HAL_TIM_PWM_MspInit)
    HAL_TIM_PWM_PulseFinishedCallback        0x08003175   Thumb Code     2  stm32f4xx_hal_tim.o(i.HAL_TIM_PWM_PulseFinishedCallback)
    HAL_TIM_PWM_Start                        0x08003179   Thumb Code   238  stm32f4xx_hal_tim.o(i.HAL_TIM_PWM_Start)
    HAL_TIM_PeriodElapsedCallback            0x08003285   Thumb Code    38  main.o(i.HAL_TIM_PeriodElapsedCallback)
    HAL_TIM_TriggerCallback                  0x080032b9   Thumb Code     2  stm32f4xx_hal_tim.o(i.HAL_TIM_TriggerCallback)
    HAL_UARTEx_RxEventCallback               0x080032bb   Thumb Code     2  stm32f4xx_hal_uart.o(i.HAL_UARTEx_RxEventCallback)
    HAL_UART_ErrorCallback                   0x080032bd   Thumb Code     2  stm32f4xx_hal_uart.o(i.HAL_UART_ErrorCallback)
    HAL_UART_IRQHandler                      0x080032c1   Thumb Code   732  stm32f4xx_hal_uart.o(i.HAL_UART_IRQHandler)
    HAL_UART_Init                            0x080035a1   Thumb Code   114  stm32f4xx_hal_uart.o(i.HAL_UART_Init)
    HAL_UART_MspInit                         0x08003615   Thumb Code   252  usart.o(i.HAL_UART_MspInit)
    HAL_UART_RxCpltCallback                  0x08003725   Thumb Code     2  stm32f4xx_hal_uart.o(i.HAL_UART_RxCpltCallback)
    HAL_UART_Transmit                        0x08003727   Thumb Code   210  stm32f4xx_hal_uart.o(i.HAL_UART_Transmit)
    HAL_UART_TxCpltCallback                  0x080037f9   Thumb Code     2  stm32f4xx_hal_uart.o(i.HAL_UART_TxCpltCallback)
    HardFault_Handler                        0x080037fb   Thumb Code     4  stm32f4xx_it.o(i.HardFault_Handler)
    MX_ADC1_Init                             0x08003801   Thumb Code   100  adc.o(i.MX_ADC1_Init)
    MX_CAN1_Init                             0x08003871   Thumb Code    58  can.o(i.MX_CAN1_Init)
    MX_CRC_Init                              0x080038b5   Thumb Code    22  crc.o(i.MX_CRC_Init)
    MX_DCMI_Init                             0x080038d5   Thumb Code    42  dcmi.o(i.MX_DCMI_Init)
    MX_DMA_Init                              0x08003909   Thumb Code    52  dma.o(i.MX_DMA_Init)
    MX_GPIO_Init                             0x08003941   Thumb Code   438  gpio.o(i.MX_GPIO_Init)
    MX_IWDG_Init                             0x08003b11   Thumb Code    32  iwdg.o(i.MX_IWDG_Init)
    MX_TIM10_Init                            0x08003b39   Thumb Code   100  tim.o(i.MX_TIM10_Init)
    MX_TIM11_Init                            0x08003ba5   Thumb Code   100  tim.o(i.MX_TIM11_Init)
    MX_TIM13_Init                            0x08003c11   Thumb Code   100  tim.o(i.MX_TIM13_Init)
    MX_TIM14_Init                            0x08003c7d   Thumb Code   100  tim.o(i.MX_TIM14_Init)
    MX_TIM1_Init                             0x08003ce9   Thumb Code   118  tim.o(i.MX_TIM1_Init)
    MX_TIM2_Init                             0x08003d69   Thumb Code   118  tim.o(i.MX_TIM2_Init)
    MX_TIM3_Init                             0x08003de5   Thumb Code   116  tim.o(i.MX_TIM3_Init)
    MX_TIM4_Init                             0x08003e61   Thumb Code   116  tim.o(i.MX_TIM4_Init)
    MX_TIM5_Init                             0x08003edd   Thumb Code   146  tim.o(i.MX_TIM5_Init)
    MX_TIM6_Init                             0x08003f79   Thumb Code    68  tim.o(i.MX_TIM6_Init)
    MX_TIM7_Init                             0x08003fc5   Thumb Code    66  tim.o(i.MX_TIM7_Init)
    MX_TIM8_Init                             0x08004011   Thumb Code   222  tim.o(i.MX_TIM8_Init)
    MX_USART1_UART_Init                      0x080040f9   Thumb Code    46  usart.o(i.MX_USART1_UART_Init)
    MX_USART3_UART_Init                      0x08004131   Thumb Code    46  usart.o(i.MX_USART3_UART_Init)
    MemManage_Handler                        0x08004169   Thumb Code     4  stm32f4xx_it.o(i.MemManage_Handler)
    Motor_Init                               0x0800416d   Thumb Code   178  motor.o(i.Motor_Init)
    NMI_Handler                              0x0800423d   Thumb Code     4  stm32f4xx_it.o(i.NMI_Handler)
    PID_Calc                                 0x08004241   Thumb Code   388  pid.o(i.PID_Calc)
    SpeedAndAngleUpdate                      0x080043c9   Thumb Code   304  motor.o(i.SpeedAndAngleUpdate)
    SysTick_Handler                          0x08004529   Thumb Code    46  port.o(i.SysTick_Handler)
    SystemClock_Config                       0x0800455d   Thumb Code   178  main.o(i.SystemClock_Config)
    SystemInit                               0x08004619   Thumb Code    14  system_stm32f4xx.o(i.SystemInit)
    TIM3_IRQHandler                          0x0800462d   Thumb Code    10  stm32f4xx_it.o(i.TIM3_IRQHandler)
    TIM4_IRQHandler                          0x0800463d   Thumb Code    10  stm32f4xx_it.o(i.TIM4_IRQHandler)
    TIM6_DAC_IRQHandler                      0x0800464d   Thumb Code    10  stm32f4xx_it.o(i.TIM6_DAC_IRQHandler)
    TIM7_IRQHandler                          0x0800465d   Thumb Code    10  stm32f4xx_it.o(i.TIM7_IRQHandler)
    TIM8_BRK_TIM12_IRQHandler                0x0800466d   Thumb Code    16  stm32f4xx_it.o(i.TIM8_BRK_TIM12_IRQHandler)
    TIM_Base_SetConfig                       0x08004685   Thumb Code   170  stm32f4xx_hal_tim.o(i.TIM_Base_SetConfig)
    TIM_CCxChannelCmd                        0x0800475d   Thumb Code    34  stm32f4xx_hal_tim.o(i.TIM_CCxChannelCmd)
    TIM_ETR_SetConfig                        0x0800477f   Thumb Code    22  stm32f4xx_hal_tim.o(i.TIM_ETR_SetConfig)
    TIM_OC2_SetConfig                        0x08004819   Thumb Code   114  stm32f4xx_hal_tim.o(i.TIM_OC2_SetConfig)
    USART1_IRQHandler                        0x08004e69   Thumb Code    10  stm32f4xx_it.o(i.USART1_IRQHandler)
    UsageFault_Handler                       0x08004e79   Thumb Code     4  stm32f4xx_it.o(i.UsageFault_Handler)
    __0printf                                0x08004e7d   Thumb Code    22  printfa.o(i.__0printf)
    __1printf                                0x08004e7d   Thumb Code     0  printfa.o(i.__0printf)
    __2printf                                0x08004e7d   Thumb Code     0  printfa.o(i.__0printf)
    __c89printf                              0x08004e7d   Thumb Code     0  printfa.o(i.__0printf)
    printf                                   0x08004e7d   Thumb Code     0  printfa.o(i.__0printf)
    __scatterload_copy                       0x08004ed5   Thumb Code    14  handlers.o(i.__scatterload_copy)
    __scatterload_null                       0x08004ee3   Thumb Code     2  handlers.o(i.__scatterload_null)
    __scatterload_zeroinit                   0x08004ee5   Thumb Code    14  handlers.o(i.__scatterload_zeroinit)
    applyControlOutput                       0x080057a9   Thumb Code   282  motor.o(i.applyControlOutput)
    fputc                                    0x080058e5   Thumb Code    22  usart.o(i.fputc)
    main                                     0x08005901   Thumb Code   130  main.o(i.main)
    printfSpeed                              0x08005995   Thumb Code   124  motor.o(i.printfSpeed)
    pvPortMalloc                             0x08006455   Thumb Code   474  heap_4.o(i.pvPortMalloc)
    pxPortInitialiseStack                    0x0800664d   Thumb Code    38  port.o(i.pxPortInitialiseStack)
    uxListRemove                             0x08006679   Thumb Code    40  list.o(i.uxListRemove)
    vLedTask                                 0x080066a1   Thumb Code    48  main.o(i.vLedTask)
    vListInitialise                          0x080066d5   Thumb Code    26  list.o(i.vListInitialise)
    vListInitialiseItem                      0x080066ef   Thumb Code     6  list.o(i.vListInitialiseItem)
    vListInsert                              0x080066f5   Thumb Code    52  list.o(i.vListInsert)
    vPortEnterCritical                       0x08006729   Thumb Code    76  port.o(i.vPortEnterCritical)
    vPortExitCritical                        0x0800677d   Thumb Code    56  port.o(i.vPortExitCritical)
    vPortFree                                0x080067b9   Thumb Code   174  heap_4.o(i.vPortFree)
    vPortSetupTimerInterrupt                 0x08006879   Thumb Code    36  port.o(i.vPortSetupTimerInterrupt)
    vQueueAddToRegistry                      0x080068a1   Thumb Code    90  queue.o(i.vQueueAddToRegistry)
    vQueueWaitForMessageRestricted           0x08006901   Thumb Code    74  queue.o(i.vQueueWaitForMessageRestricted)
    vTaskInternalSetTimeOutState             0x0800694d   Thumb Code    14  tasks.o(i.vTaskInternalSetTimeOutState)
    vTaskMissedYield                         0x08006965   Thumb Code     8  tasks.o(i.vTaskMissedYield)
    vTaskPlaceOnEventList                    0x08006971   Thumb Code    52  tasks.o(i.vTaskPlaceOnEventList)
    vTaskPlaceOnEventListRestricted          0x080069a9   Thumb Code    98  tasks.o(i.vTaskPlaceOnEventListRestricted)
    vTaskStartScheduler                      0x08006a11   Thumb Code   106  tasks.o(i.vTaskStartScheduler)
    vTaskSuspendAll                          0x08006a8d   Thumb Code    12  tasks.o(i.vTaskSuspendAll)
    vTaskSwitchContext                       0x08006a9d   Thumb Code   126  tasks.o(i.vTaskSwitchContext)
    xPortStartScheduler                      0x08006b31   Thumb Code   330  port.o(i.xPortStartScheduler)
    xQueueGenericCreate                      0x08006c99   Thumb Code   102  queue.o(i.xQueueGenericCreate)
    xQueueGenericReset                       0x08006d01   Thumb Code   214  queue.o(i.xQueueGenericReset)
    xQueueReceive                            0x08006ddd   Thumb Code   356  queue.o(i.xQueueReceive)
    xTaskCheckForTimeOut                     0x08006f45   Thumb Code   136  tasks.o(i.xTaskCheckForTimeOut)
    xTaskCreate                              0x08006fd5   Thumb Code    56  tasks.o(i.xTaskCreate)
    xTaskGetSchedulerState                   0x0800700d   Thumb Code    24  tasks.o(i.xTaskGetSchedulerState)
    xTaskGetTickCount                        0x0800702d   Thumb Code     6  tasks.o(i.xTaskGetTickCount)
    xTaskIncrementTick                       0x08007039   Thumb Code   414  tasks.o(i.xTaskIncrementTick)
    xTaskRemoveFromEventList                 0x08007205   Thumb Code   280  tasks.o(i.xTaskRemoveFromEventList)
    xTaskResumeAll                           0x08007335   Thumb Code   380  tasks.o(i.xTaskResumeAll)
    xTimerCreateTimerTask                    0x080074d5   Thumb Code    66  timers.o(i.xTimerCreateTimerTask)
    AHBPrescTable                            0x08007534   Data          16  system_stm32f4xx.o(.constdata)
    APBPrescTable                            0x08007544   Data           8  system_stm32f4xx.o(.constdata)
    Region$$Table$$Base                      0x0800754c   Number         0  anon$$obj.o(Region$$Table)
    Region$$Table$$Limit                     0x0800756c   Number         0  anon$$obj.o(Region$$Table)
    Motor1                                   0x20000000   Data           4  motor.o(.data)
    Motor2                                   0x20000004   Data           4  motor.o(.data)
    Motor3                                   0x20000008   Data           4  motor.o(.data)
    Motor4                                   0x2000000c   Data           4  motor.o(.data)
    pid                                      0x20000010   Data          64  motor.o(.data)
    xLedTask                                 0x20000050   Data           4  main.o(.data)
    hcrc                                     0x20000054   Data           8  crc.o(.data)
    uwTick                                   0x2000005c   Data           4  stm32f4xx_hal.o(.data)
    uwTickPrio                               0x20000060   Data           4  stm32f4xx_hal.o(.data)
    uwTickFreq                               0x20000064   Data           1  stm32f4xx_hal.o(.data)
    SystemCoreClock                          0x20000068   Data           4  system_stm32f4xx.o(.data)
    pxCurrentTCB                             0x2000006c   Data           4  tasks.o(.data)
    __stdout                                 0x200000e8   Data           4  stdout.o(.data)
    hadc1                                    0x200000ec   Data          72  adc.o(.bss)
    hcan1                                    0x20000134   Data          40  can.o(.bss)
    hdcmi                                    0x2000015c   Data          64  dcmi.o(.bss)
    hdma_dcmi                                0x2000019c   Data          96  dcmi.o(.bss)
    hiwdg                                    0x200001fc   Data          12  iwdg.o(.bss)
    htim1                                    0x20000208   Data          72  tim.o(.bss)
    htim2                                    0x20000250   Data          72  tim.o(.bss)
    htim3                                    0x20000298   Data          72  tim.o(.bss)
    htim4                                    0x200002e0   Data          72  tim.o(.bss)
    htim5                                    0x20000328   Data          72  tim.o(.bss)
    htim6                                    0x20000370   Data          72  tim.o(.bss)
    htim7                                    0x200003b8   Data          72  tim.o(.bss)
    htim8                                    0x20000400   Data          72  tim.o(.bss)
    htim10                                   0x20000448   Data          72  tim.o(.bss)
    htim11                                   0x20000490   Data          72  tim.o(.bss)
    htim13                                   0x200004d8   Data          72  tim.o(.bss)
    htim14                                   0x20000520   Data          72  tim.o(.bss)
    huart1                                   0x20000568   Data          68  usart.o(.bss)
    huart3                                   0x200005ac   Data          68  usart.o(.bss)
    htim12                                   0x200005f0   Data          72  stm32f4xx_hal_timebase_tim.o(.bss)
    xQueueRegistry                           0x20000638   Data          64  queue.o(.bss)
    __initial_sp                             0x20013768   Data           0  startup_stm32f407xx.o(STACK)



==============================================================================

Memory Map of the image

  Image Entry point : 0x08000189

  Load Region LR_IROM1 (Base: 0x08000000, Size: 0x00007658, Max: 0x00100000, ABSOLUTE)

    Execution Region ER_IROM1 (Exec base: 0x08000000, Load base: 0x08000000, Size: 0x0000756c, Max: 0x00100000, ABSOLUTE)

    Exec Addr    Load Addr    Size         Type   Attr      Idx    E Section Name        Object

    0x08000000   0x08000000   0x00000188   Data   RO            3    RESET               startup_stm32f407xx.o
    0x08000188   0x08000188   0x00000000   Code   RO         5739  * .ARM.Collect$$$$00000000  mc_w.l(entry.o)
    0x08000188   0x08000188   0x00000004   Code   RO         6023    .ARM.Collect$$$$00000001  mc_w.l(entry2.o)
    0x0800018c   0x0800018c   0x00000004   Code   RO         6026    .ARM.Collect$$$$00000004  mc_w.l(entry5.o)
    0x08000190   0x08000190   0x00000000   Code   RO         6028    .ARM.Collect$$$$00000008  mc_w.l(entry7b.o)
    0x08000190   0x08000190   0x00000000   Code   RO         6030    .ARM.Collect$$$$0000000A  mc_w.l(entry8b.o)
    0x08000190   0x08000190   0x00000008   Code   RO         6031    .ARM.Collect$$$$0000000B  mc_w.l(entry9a.o)
    0x08000198   0x08000198   0x00000000   Code   RO         6033    .ARM.Collect$$$$0000000D  mc_w.l(entry10a.o)
    0x08000198   0x08000198   0x00000000   Code   RO         6035    .ARM.Collect$$$$0000000F  mc_w.l(entry11a.o)
    0x08000198   0x08000198   0x00000004   Code   RO         6024    .ARM.Collect$$$$00002712  mc_w.l(entry2.o)
    0x0800019c   0x0800019c   0x000000be   Code   RO         5601    .emb_text           port.o
    0x0800025a   0x0800025a   0x00000002   PAD
    0x0800025c   0x0800025c   0x00000024   Code   RO            4    .text               startup_stm32f407xx.o
    0x08000280   0x08000280   0x00000062   Code   RO         5742    .text               mc_w.l(uldiv.o)
    0x080002e2   0x080002e2   0x00000024   Code   RO         5744    .text               mc_w.l(memcpya.o)
    0x08000306   0x08000306   0x00000024   Code   RO         5748    .text               mc_w.l(memseta.o)
    0x0800032a   0x0800032a   0x000000e4   Code   RO         6013    .text               mf_w.l(dmul.o)
    0x0800040e   0x0800040e   0x000000de   Code   RO         6015    .text               mf_w.l(ddiv.o)
    0x080004ec   0x080004ec   0x00000022   Code   RO         6017    .text               mf_w.l(dflti.o)
    0x0800050e   0x0800050e   0x00000026   Code   RO         6019    .text               mf_w.l(f2d.o)
    0x08000534   0x08000534   0x00000038   Code   RO         6021    .text               mf_w.l(d2f.o)
    0x0800056c   0x0800056c   0x0000002c   Code   RO         6038    .text               mc_w.l(uidiv.o)
    0x08000598   0x08000598   0x0000001e   Code   RO         6040    .text               mc_w.l(llshl.o)
    0x080005b6   0x080005b6   0x00000020   Code   RO         6042    .text               mc_w.l(llushr.o)
    0x080005d6   0x080005d6   0x00000000   Code   RO         6044    .text               mc_w.l(iusefp.o)
    0x080005d6   0x080005d6   0x0000006e   Code   RO         6045    .text               mf_w.l(fepilogue.o)
    0x08000644   0x08000644   0x000000ba   Code   RO         6047    .text               mf_w.l(depilogue.o)
    0x080006fe   0x080006fe   0x0000014e   Code   RO         6049    .text               mf_w.l(dadd.o)
    0x0800084c   0x0800084c   0x00000030   Code   RO         6051    .text               mf_w.l(dfixul.o)
    0x0800087c   0x0800087c   0x00000030   Code   RO         6053    .text               mf_w.l(cdrcmple.o)
    0x080008ac   0x080008ac   0x00000024   Code   RO         6055    .text               mc_w.l(init.o)
    0x080008d0   0x080008d0   0x00000024   Code   RO         6057    .text               mc_w.l(llsshr.o)
    0x080008f4   0x080008f4   0x00000160   Code   RO         1136    i.ADC_Init          stm32f4xx_hal_adc.o
    0x08000a54   0x08000a54   0x00000004   Code   RO          964    i.BusFault_Handler  stm32f4xx_it.o
    0x08000a58   0x08000a58   0x0000001c   Code   RO         2887    i.DCMI_DMAError     stm32f4xx_hal_dcmi.o
    0x08000a74   0x08000a74   0x00000010   Code   RO          965    i.DCMI_IRQHandler   stm32f4xx_it.o
    0x08000a84   0x08000a84   0x00000010   Code   RO          966    i.DMA2_Stream1_IRQHandler  stm32f4xx_it.o
    0x08000a94   0x08000a94   0x00000034   Code   RO         1915    i.DMA_CalcBaseAndBitshift  stm32f4xx_hal_dma.o
    0x08000ac8   0x08000ac8   0x000000aa   Code   RO         1916    i.DMA_CheckFifoParam  stm32f4xx_hal_dma.o
    0x08000b72   0x08000b72   0x00000002   Code   RO          967    i.DebugMon_Handler  stm32f4xx_it.o
    0x08000b74   0x08000b74   0x00000006   Code   RO          282    i.Error_Handler     main.o
    0x08000b7a   0x08000b7a   0x00000002   PAD
    0x08000b7c   0x08000b7c   0x0000018c   Code   RO         1138    i.HAL_ADC_ConfigChannel  stm32f4xx_hal_adc.o
    0x08000d08   0x08000d08   0x00000068   Code   RO         1147    i.HAL_ADC_Init      stm32f4xx_hal_adc.o
    0x08000d70   0x08000d70   0x00000080   Code   RO          542    i.HAL_ADC_MspInit   adc.o
    0x08000df0   0x08000df0   0x00000174   Code   RO         2607    i.HAL_CAN_Init      stm32f4xx_hal_can.o
    0x08000f64   0x08000f64   0x00000088   Code   RO          584    i.HAL_CAN_MspInit   can.o
    0x08000fec   0x08000fec   0x00000020   Code   RO         2831    i.HAL_CRC_Init      stm32f4xx_hal_crc.o
    0x0800100c   0x0800100c   0x00000034   Code   RO          626    i.HAL_CRC_MspInit   crc.o
    0x08001040   0x08001040   0x00000002   Code   RO         2894    i.HAL_DCMI_ErrorCallback  stm32f4xx_hal_dcmi.o
    0x08001042   0x08001042   0x00000002   Code   RO         2895    i.HAL_DCMI_FrameEventCallback  stm32f4xx_hal_dcmi.o
    0x08001044   0x08001044   0x000000b0   Code   RO         2898    i.HAL_DCMI_IRQHandler  stm32f4xx_hal_dcmi.o
    0x080010f4   0x080010f4   0x00000092   Code   RO         3029    i.HAL_DCMI_Init     stm32f4xx_hal_dcmi_ex.o
    0x08001186   0x08001186   0x00000002   Code   RO         2900    i.HAL_DCMI_LineEventCallback  stm32f4xx_hal_dcmi.o
    0x08001188   0x08001188   0x000001a0   Code   RO          668    i.HAL_DCMI_MspInit  dcmi.o
    0x08001328   0x08001328   0x00000002   Code   RO         2907    i.HAL_DCMI_VsyncEventCallback  stm32f4xx_hal_dcmi.o
    0x0800132a   0x0800132a   0x000000ac   Code   RO         1918    i.HAL_DMA_Abort     stm32f4xx_hal_dma.o
    0x080013d6   0x080013d6   0x00000028   Code   RO         1919    i.HAL_DMA_Abort_IT  stm32f4xx_hal_dma.o
    0x080013fe   0x080013fe   0x00000002   PAD
    0x08001400   0x08001400   0x00000240   Code   RO         1923    i.HAL_DMA_IRQHandler  stm32f4xx_hal_dma.o
    0x08001640   0x08001640   0x000000ec   Code   RO         1924    i.HAL_DMA_Init      stm32f4xx_hal_dma.o
    0x0800172c   0x0800172c   0x00000028   Code   RO         2342    i.HAL_Delay         stm32f4xx_hal.o
    0x08001754   0x08001754   0x000001f4   Code   RO         1811    i.HAL_GPIO_Init     stm32f4xx_hal_gpio.o
    0x08001948   0x08001948   0x0000000c   Code   RO         1815    i.HAL_GPIO_WritePin  stm32f4xx_hal_gpio.o
    0x08001954   0x08001954   0x0000000c   Code   RO         2348    i.HAL_GetTick       stm32f4xx_hal.o
    0x08001960   0x08001960   0x0000005e   Code   RO         3053    i.HAL_IWDG_Init     stm32f4xx_hal_iwdg.o
    0x080019be   0x080019be   0x00000002   PAD
    0x080019c0   0x080019c0   0x00000018   Code   RO         2354    i.HAL_IncTick       stm32f4xx_hal.o
    0x080019d8   0x080019d8   0x0000003c   Code   RO         2355    i.HAL_Init          stm32f4xx_hal.o
    0x08001a14   0x08001a14   0x000000b4   Code   RO         1094    i.HAL_InitTick      stm32f4xx_hal_timebase_tim.o
    0x08001ac8   0x08001ac8   0x00000048   Code   RO         1070    i.HAL_MspInit       stm32f4xx_hal_msp.o
    0x08001b10   0x08001b10   0x00000020   Code   RO         2200    i.HAL_NVIC_EnableIRQ  stm32f4xx_hal_cortex.o
    0x08001b30   0x08001b30   0x0000007c   Code   RO         2206    i.HAL_NVIC_SetPriority  stm32f4xx_hal_cortex.o
    0x08001bac   0x08001bac   0x00000028   Code   RO         2207    i.HAL_NVIC_SetPriorityGrouping  stm32f4xx_hal_cortex.o
    0x08001bd4   0x08001bd4   0x00000184   Code   RO         1412    i.HAL_RCC_ClockConfig  stm32f4xx_hal_rcc.o
    0x08001d58   0x08001d58   0x00000044   Code   RO         1416    i.HAL_RCC_GetClockConfig  stm32f4xx_hal_rcc.o
    0x08001d9c   0x08001d9c   0x0000000c   Code   RO         1417    i.HAL_RCC_GetHCLKFreq  stm32f4xx_hal_rcc.o
    0x08001da8   0x08001da8   0x00000020   Code   RO         1419    i.HAL_RCC_GetPCLK1Freq  stm32f4xx_hal_rcc.o
    0x08001dc8   0x08001dc8   0x00000020   Code   RO         1420    i.HAL_RCC_GetPCLK2Freq  stm32f4xx_hal_rcc.o
    0x08001de8   0x08001de8   0x000000b0   Code   RO         1421    i.HAL_RCC_GetSysClockFreq  stm32f4xx_hal_rcc.o
    0x08001e98   0x08001e98   0x0000049c   Code   RO         1424    i.HAL_RCC_OscConfig  stm32f4xx_hal_rcc.o
    0x08002334   0x08002334   0x00000002   Code   RO         3800    i.HAL_TIMEx_BreakCallback  stm32f4xx_hal_tim_ex.o
    0x08002336   0x08002336   0x00000002   Code   RO         3801    i.HAL_TIMEx_CommutCallback  stm32f4xx_hal_tim_ex.o
    0x08002338   0x08002338   0x00000074   Code   RO         3803    i.HAL_TIMEx_ConfigBreakDeadTime  stm32f4xx_hal_tim_ex.o
    0x080023ac   0x080023ac   0x000000b4   Code   RO         3819    i.HAL_TIMEx_MasterConfigSynchronization  stm32f4xx_hal_tim_ex.o
    0x08002460   0x08002460   0x00000066   Code   RO         3085    i.HAL_TIM_Base_Init  stm32f4xx_hal_tim.o
    0x080024c6   0x080024c6   0x00000002   PAD
    0x080024c8   0x080024c8   0x00000180   Code   RO          767    i.HAL_TIM_Base_MspInit  tim.o
    0x08002648   0x08002648   0x0000009c   Code   RO         3088    i.HAL_TIM_Base_Start  stm32f4xx_hal_tim.o
    0x080026e4   0x080026e4   0x000000a8   Code   RO         3090    i.HAL_TIM_Base_Start_IT  stm32f4xx_hal_tim.o
    0x0800278c   0x0800278c   0x0000010c   Code   RO         3094    i.HAL_TIM_ConfigClockSource  stm32f4xx_hal_tim.o
    0x08002898   0x08002898   0x000000c8   Code   RO         3106    i.HAL_TIM_Encoder_Init  stm32f4xx_hal_tim.o
    0x08002960   0x08002960   0x0000023c   Code   RO          769    i.HAL_TIM_Encoder_MspInit  tim.o
    0x08002b9c   0x08002b9c   0x000000cc   Code   RO         3109    i.HAL_TIM_Encoder_Start  stm32f4xx_hal_tim.o
    0x08002c68   0x08002c68   0x00000002   Code   RO         3119    i.HAL_TIM_IC_CaptureCallback  stm32f4xx_hal_tim.o
    0x08002c6a   0x08002c6a   0x00000196   Code   RO         3133    i.HAL_TIM_IRQHandler  stm32f4xx_hal_tim.o
    0x08002e00   0x08002e00   0x000001d4   Code   RO          770    i.HAL_TIM_MspPostInit  tim.o
    0x08002fd4   0x08002fd4   0x00000002   Code   RO         3136    i.HAL_TIM_OC_DelayElapsedCallback  stm32f4xx_hal_tim.o
    0x08002fd6   0x08002fd6   0x00000104   Code   RO         3157    i.HAL_TIM_PWM_ConfigChannel  stm32f4xx_hal_tim.o
    0x080030da   0x080030da   0x00000066   Code   RO         3160    i.HAL_TIM_PWM_Init  stm32f4xx_hal_tim.o
    0x08003140   0x08003140   0x00000034   Code   RO          772    i.HAL_TIM_PWM_MspInit  tim.o
    0x08003174   0x08003174   0x00000002   Code   RO         3163    i.HAL_TIM_PWM_PulseFinishedCallback  stm32f4xx_hal_tim.o
    0x08003176   0x08003176   0x00000002   PAD
    0x08003178   0x08003178   0x0000010c   Code   RO         3165    i.HAL_TIM_PWM_Start  stm32f4xx_hal_tim.o
    0x08003284   0x08003284   0x00000034   Code   RO          283    i.HAL_TIM_PeriodElapsedCallback  main.o
    0x080032b8   0x080032b8   0x00000002   Code   RO         3176    i.HAL_TIM_TriggerCallback  stm32f4xx_hal_tim.o
    0x080032ba   0x080032ba   0x00000002   Code   RO         4078    i.HAL_UARTEx_RxEventCallback  stm32f4xx_hal_uart.o
    0x080032bc   0x080032bc   0x00000002   Code   RO         4092    i.HAL_UART_ErrorCallback  stm32f4xx_hal_uart.o
    0x080032be   0x080032be   0x00000002   PAD
    0x080032c0   0x080032c0   0x000002e0   Code   RO         4095    i.HAL_UART_IRQHandler  stm32f4xx_hal_uart.o
    0x080035a0   0x080035a0   0x00000072   Code   RO         4096    i.HAL_UART_Init     stm32f4xx_hal_uart.o
    0x08003612   0x08003612   0x00000002   PAD
    0x08003614   0x08003614   0x00000110   Code   RO          905    i.HAL_UART_MspInit  usart.o
    0x08003724   0x08003724   0x00000002   Code   RO         4102    i.HAL_UART_RxCpltCallback  stm32f4xx_hal_uart.o
    0x08003726   0x08003726   0x000000d2   Code   RO         4104    i.HAL_UART_Transmit  stm32f4xx_hal_uart.o
    0x080037f8   0x080037f8   0x00000002   Code   RO         4107    i.HAL_UART_TxCpltCallback  stm32f4xx_hal_uart.o
    0x080037fa   0x080037fa   0x00000004   Code   RO          968    i.HardFault_Handler  stm32f4xx_it.o
    0x080037fe   0x080037fe   0x00000002   PAD
    0x08003800   0x08003800   0x00000070   Code   RO          543    i.MX_ADC1_Init      adc.o
    0x08003870   0x08003870   0x00000044   Code   RO          585    i.MX_CAN1_Init      can.o
    0x080038b4   0x080038b4   0x00000020   Code   RO          627    i.MX_CRC_Init       crc.o
    0x080038d4   0x080038d4   0x00000034   Code   RO          669    i.MX_DCMI_Init      dcmi.o
    0x08003908   0x08003908   0x00000038   Code   RO          709    i.MX_DMA_Init       dma.o
    0x08003940   0x08003940   0x000001d0   Code   RO          514    i.MX_GPIO_Init      gpio.o
    0x08003b10   0x08003b10   0x00000028   Code   RO          736    i.MX_IWDG_Init      iwdg.o
    0x08003b38   0x08003b38   0x0000006c   Code   RO          773    i.MX_TIM10_Init     tim.o
    0x08003ba4   0x08003ba4   0x0000006c   Code   RO          774    i.MX_TIM11_Init     tim.o
    0x08003c10   0x08003c10   0x0000006c   Code   RO          775    i.MX_TIM13_Init     tim.o
    0x08003c7c   0x08003c7c   0x0000006c   Code   RO          776    i.MX_TIM14_Init     tim.o
    0x08003ce8   0x08003ce8   0x00000080   Code   RO          777    i.MX_TIM1_Init      tim.o
    0x08003d68   0x08003d68   0x0000007c   Code   RO          778    i.MX_TIM2_Init      tim.o
    0x08003de4   0x08003de4   0x0000007c   Code   RO          779    i.MX_TIM3_Init      tim.o
    0x08003e60   0x08003e60   0x0000007c   Code   RO          780    i.MX_TIM4_Init      tim.o
    0x08003edc   0x08003edc   0x0000009c   Code   RO          781    i.MX_TIM5_Init      tim.o
    0x08003f78   0x08003f78   0x0000004c   Code   RO          782    i.MX_TIM6_Init      tim.o
    0x08003fc4   0x08003fc4   0x0000004c   Code   RO          783    i.MX_TIM7_Init      tim.o
    0x08004010   0x08004010   0x000000e8   Code   RO          784    i.MX_TIM8_Init      tim.o
    0x080040f8   0x080040f8   0x00000038   Code   RO          906    i.MX_USART1_UART_Init  usart.o
    0x08004130   0x08004130   0x00000038   Code   RO          907    i.MX_USART3_UART_Init  usart.o
    0x08004168   0x08004168   0x00000004   Code   RO          969    i.MemManage_Handler  stm32f4xx_it.o
    0x0800416c   0x0800416c   0x000000d0   Code   RO           13    i.Motor_Init        motor.o
    0x0800423c   0x0800423c   0x00000004   Code   RO          970    i.NMI_Handler       stm32f4xx_it.o
    0x08004240   0x08004240   0x00000188   Code   RO          257    i.PID_Calc          pid.o
    0x080043c8   0x080043c8   0x00000160   Code   RO           14    i.SpeedAndAngleUpdate  motor.o
    0x08004528   0x08004528   0x00000034   Code   RO         5602    i.SysTick_Handler   port.o
    0x0800455c   0x0800455c   0x000000bc   Code   RO          284    i.SystemClock_Config  main.o
    0x08004618   0x08004618   0x00000014   Code   RO         4435    i.SystemInit        system_stm32f4xx.o
    0x0800462c   0x0800462c   0x00000010   Code   RO          971    i.TIM3_IRQHandler   stm32f4xx_it.o
    0x0800463c   0x0800463c   0x00000010   Code   RO          972    i.TIM4_IRQHandler   stm32f4xx_it.o
    0x0800464c   0x0800464c   0x00000010   Code   RO          973    i.TIM6_DAC_IRQHandler  stm32f4xx_it.o
    0x0800465c   0x0800465c   0x00000010   Code   RO          974    i.TIM7_IRQHandler   stm32f4xx_it.o
    0x0800466c   0x0800466c   0x00000018   Code   RO          975    i.TIM8_BRK_TIM12_IRQHandler  stm32f4xx_it.o
    0x08004684   0x08004684   0x000000d8   Code   RO         3178    i.TIM_Base_SetConfig  stm32f4xx_hal_tim.o
    0x0800475c   0x0800475c   0x00000022   Code   RO         3179    i.TIM_CCxChannelCmd  stm32f4xx_hal_tim.o
    0x0800477e   0x0800477e   0x00000016   Code   RO         3189    i.TIM_ETR_SetConfig  stm32f4xx_hal_tim.o
    0x08004794   0x08004794   0x00000012   Code   RO         3190    i.TIM_ITRx_SetConfig  stm32f4xx_hal_tim.o
    0x080047a6   0x080047a6   0x00000002   PAD
    0x080047a8   0x080047a8   0x00000070   Code   RO         3191    i.TIM_OC1_SetConfig  stm32f4xx_hal_tim.o
    0x08004818   0x08004818   0x0000007c   Code   RO         3192    i.TIM_OC2_SetConfig  stm32f4xx_hal_tim.o
    0x08004894   0x08004894   0x00000078   Code   RO         3193    i.TIM_OC3_SetConfig  stm32f4xx_hal_tim.o
    0x0800490c   0x0800490c   0x00000054   Code   RO         3194    i.TIM_OC4_SetConfig  stm32f4xx_hal_tim.o
    0x08004960   0x08004960   0x00000026   Code   RO         3196    i.TIM_TI1_ConfigInputStage  stm32f4xx_hal_tim.o
    0x08004986   0x08004986   0x00000028   Code   RO         3198    i.TIM_TI2_ConfigInputStage  stm32f4xx_hal_tim.o
    0x080049ae   0x080049ae   0x00000014   Code   RO         4109    i.UART_DMAAbortOnError  stm32f4xx_hal_uart.o
    0x080049c2   0x080049c2   0x0000006c   Code   RO         4119    i.UART_EndRxTransfer  stm32f4xx_hal_uart.o
    0x08004a2e   0x08004a2e   0x00000020   Code   RO         4120    i.UART_EndTransmit_IT  stm32f4xx_hal_uart.o
    0x08004a4e   0x08004a4e   0x000000f8   Code   RO         4122    i.UART_Receive_IT   stm32f4xx_hal_uart.o
    0x08004b46   0x08004b46   0x00000002   PAD
    0x08004b48   0x08004b48   0x0000022c   Code   RO         4123    i.UART_SetConfig    stm32f4xx_hal_uart.o
    0x08004d74   0x08004d74   0x00000060   Code   RO         4126    i.UART_Transmit_IT  stm32f4xx_hal_uart.o
    0x08004dd4   0x08004dd4   0x00000092   Code   RO         4127    i.UART_WaitOnFlagUntilTimeout  stm32f4xx_hal_uart.o
    0x08004e66   0x08004e66   0x00000002   PAD
    0x08004e68   0x08004e68   0x00000010   Code   RO          976    i.USART1_IRQHandler  stm32f4xx_it.o
    0x08004e78   0x08004e78   0x00000004   Code   RO          977    i.UsageFault_Handler  stm32f4xx_it.o
    0x08004e7c   0x08004e7c   0x00000020   Code   RO         5985    i.__0printf         mc_w.l(printfa.o)
    0x08004e9c   0x08004e9c   0x00000010   Code   RO         2213    i.__NVIC_GetPriorityGrouping  stm32f4xx_hal_cortex.o
    0x08004eac   0x08004eac   0x00000028   Code   RO         2214    i.__NVIC_SetPriority  stm32f4xx_hal_cortex.o
    0x08004ed4   0x08004ed4   0x0000000e   Code   RO         6061    i.__scatterload_copy  mc_w.l(handlers.o)
    0x08004ee2   0x08004ee2   0x00000002   Code   RO         6062    i.__scatterload_null  mc_w.l(handlers.o)
    0x08004ee4   0x08004ee4   0x0000000e   Code   RO         6063    i.__scatterload_zeroinit  mc_w.l(handlers.o)
    0x08004ef2   0x08004ef2   0x00000002   PAD
    0x08004ef4   0x08004ef4   0x00000184   Code   RO         5992    i._fp_digits        mc_w.l(printfa.o)
    0x08005078   0x08005078   0x000006dc   Code   RO         5993    i._printf_core      mc_w.l(printfa.o)
    0x08005754   0x08005754   0x00000024   Code   RO         5994    i._printf_post_padding  mc_w.l(printfa.o)
    0x08005778   0x08005778   0x0000002e   Code   RO         5995    i._printf_pre_padding  mc_w.l(printfa.o)
    0x080057a6   0x080057a6   0x00000002   PAD
    0x080057a8   0x080057a8   0x0000013c   Code   RO           15    i.applyControlOutput  motor.o
    0x080058e4   0x080058e4   0x0000001c   Code   RO          909    i.fputc             usart.o
    0x08005900   0x08005900   0x00000094   Code   RO          285    i.main              main.o
    0x08005994   0x08005994   0x000000a4   Code   RO           24    i.printfSpeed       motor.o
    0x08005a38   0x08005a38   0x000000cc   Code   RO         5038    i.prvAddCurrentTaskToDelayedList  tasks.o
    0x08005b04   0x08005b04   0x000000f8   Code   RO         5039    i.prvAddNewTaskToReadyList  tasks.o
    0x08005bfc   0x08005bfc   0x00000064   Code   RO         5424    i.prvCheckForValidListAndQueue  timers.o
    0x08005c60   0x08005c60   0x00000048   Code   RO         5040    i.prvCheckTasksWaitingTermination  tasks.o
    0x08005ca8   0x08005ca8   0x0000002a   Code   RO         4649    i.prvCopyDataFromQueue  queue.o
    0x08005cd2   0x08005cd2   0x00000002   PAD
    0x08005cd4   0x08005cd4   0x00000068   Code   RO         5041    i.prvCreateIdleTasks  tasks.o
    0x08005d3c   0x08005d3c   0x0000005a   Code   RO         5042    i.prvCreateTask     tasks.o
    0x08005d96   0x08005d96   0x00000012   Code   RO         5043    i.prvDeleteTCB      tasks.o
    0x08005da8   0x08005da8   0x00000028   Code   RO         5425    i.prvGetNextExpireTime  timers.o
    0x08005dd0   0x08005dd0   0x0000006c   Code   RO         5678    i.prvHeapInit       heap_4.o
    0x08005e3c   0x08005e3c   0x00000028   Code   RO         5044    i.prvIdleTask       tasks.o
    0x08005e64   0x08005e64   0x0000002a   Code   RO         4653    i.prvInitialiseNewQueue  queue.o
    0x08005e8e   0x08005e8e   0x000000cc   Code   RO         5045    i.prvInitialiseNewTask  tasks.o
    0x08005f5a   0x08005f5a   0x00000002   PAD
    0x08005f5c   0x08005f5c   0x00000068   Code   RO         5046    i.prvInitialiseTaskLists  tasks.o
    0x08005fc4   0x08005fc4   0x000000a0   Code   RO         5679    i.prvInsertBlockIntoFreeList  heap_4.o
    0x08006064   0x08006064   0x00000058   Code   RO         5427    i.prvInsertTimerInActiveList  timers.o
    0x080060bc   0x080060bc   0x0000001a   Code   RO         4654    i.prvIsQueueEmpty   queue.o
    0x080060d6   0x080060d6   0x00000002   PAD
    0x080060d8   0x080060d8   0x00000044   Code   RO         5428    i.prvProcessExpiredTimer  timers.o
    0x0800611c   0x0800611c   0x00000124   Code   RO         5429    i.prvProcessReceivedCommands  timers.o
    0x08006240   0x08006240   0x00000074   Code   RO         5430    i.prvProcessTimerOrBlockTask  timers.o
    0x080062b4   0x080062b4   0x00000028   Code   RO         5431    i.prvReloadTimer    timers.o
    0x080062dc   0x080062dc   0x00000030   Code   RO         5048    i.prvResetNextTaskUnblockTime  tasks.o
    0x0800630c   0x0800630c   0x0000002c   Code   RO         5432    i.prvSampleTimeNow  timers.o
    0x08006338   0x08006338   0x00000044   Code   RO         5433    i.prvSwitchTimerLists  timers.o
    0x0800637c   0x0800637c   0x00000040   Code   RO         5603    i.prvTaskExitError  port.o
    0x080063bc   0x080063bc   0x0000001a   Code   RO         5434    i.prvTimerTask      timers.o
    0x080063d6   0x080063d6   0x0000007e   Code   RO         4656    i.prvUnlockQueue    queue.o
    0x08006454   0x08006454   0x000001f8   Code   RO         5681    i.pvPortMalloc      heap_4.o
    0x0800664c   0x0800664c   0x0000002c   Code   RO         5604    i.pxPortInitialiseStack  port.o
    0x08006678   0x08006678   0x00000028   Code   RO         4609    i.uxListRemove      list.o
    0x080066a0   0x080066a0   0x00000034   Code   RO          286    i.vLedTask          main.o
    0x080066d4   0x080066d4   0x0000001a   Code   RO         4610    i.vListInitialise   list.o
    0x080066ee   0x080066ee   0x00000006   Code   RO         4611    i.vListInitialiseItem  list.o
    0x080066f4   0x080066f4   0x00000034   Code   RO         4612    i.vListInsert       list.o
    0x08006728   0x08006728   0x00000054   Code   RO         5606    i.vPortEnterCritical  port.o
    0x0800677c   0x0800677c   0x0000003c   Code   RO         5607    i.vPortExitCritical  port.o
    0x080067b8   0x080067b8   0x000000c0   Code   RO         5682    i.vPortFree         heap_4.o
    0x08006878   0x08006878   0x00000028   Code   RO         5608    i.vPortSetupTimerInterrupt  port.o
    0x080068a0   0x080068a0   0x00000060   Code   RO         4664    i.vQueueAddToRegistry  queue.o
    0x08006900   0x08006900   0x0000004a   Code   RO         4668    i.vQueueWaitForMessageRestricted  queue.o
    0x0800694a   0x0800694a   0x00000002   PAD
    0x0800694c   0x0800694c   0x00000018   Code   RO         5067    i.vTaskInternalSetTimeOutState  tasks.o
    0x08006964   0x08006964   0x0000000c   Code   RO         5068    i.vTaskMissedYield  tasks.o
    0x08006970   0x08006970   0x00000038   Code   RO         5069    i.vTaskPlaceOnEventList  tasks.o
    0x080069a8   0x080069a8   0x00000068   Code   RO         5070    i.vTaskPlaceOnEventListRestricted  tasks.o
    0x08006a10   0x08006a10   0x0000007c   Code   RO         5078    i.vTaskStartScheduler  tasks.o
    0x08006a8c   0x08006a8c   0x00000010   Code   RO         5080    i.vTaskSuspendAll   tasks.o
    0x08006a9c   0x08006a9c   0x00000094   Code   RO         5081    i.vTaskSwitchContext  tasks.o
    0x08006b30   0x08006b30   0x00000168   Code   RO         5610    i.xPortStartScheduler  port.o
    0x08006c98   0x08006c98   0x00000066   Code   RO         4671    i.xQueueGenericCreate  queue.o
    0x08006cfe   0x08006cfe   0x00000002   PAD
    0x08006d00   0x08006d00   0x000000dc   Code   RO         4672    i.xQueueGenericReset  queue.o
    0x08006ddc   0x08006ddc   0x00000168   Code   RO         4681    i.xQueueReceive     queue.o
    0x08006f44   0x08006f44   0x00000090   Code   RO         5083    i.xTaskCheckForTimeOut  tasks.o
    0x08006fd4   0x08006fd4   0x00000038   Code   RO         5084    i.xTaskCreate       tasks.o
    0x0800700c   0x0800700c   0x00000020   Code   RO         5091    i.xTaskGetSchedulerState  tasks.o
    0x0800702c   0x0800702c   0x0000000c   Code   RO         5092    i.xTaskGetTickCount  tasks.o
    0x08007038   0x08007038   0x000001cc   Code   RO         5094    i.xTaskIncrementTick  tasks.o
    0x08007204   0x08007204   0x00000130   Code   RO         5097    i.xTaskRemoveFromEventList  tasks.o
    0x08007334   0x08007334   0x000001a0   Code   RO         5098    i.xTaskResumeAll    tasks.o
    0x080074d4   0x080074d4   0x00000058   Code   RO         5442    i.xTimerCreateTimerTask  timers.o
    0x0800752c   0x0800752c   0x00000008   Data   RO         1930    .constdata          stm32f4xx_hal_dma.o
    0x08007534   0x08007534   0x00000018   Data   RO         4436    .constdata          system_stm32f4xx.o
    0x0800754c   0x0800754c   0x00000020   Data   RO         6059    Region$$Table       anon$$obj.o


    Execution Region RW_IRAM1 (Exec base: 0x20000000, Load base: 0x0800756c, Size: 0x00013768, Max: 0x0001c000, ABSOLUTE)

    Exec Addr    Load Addr    Size         Type   Attr      Idx    E Section Name        Object

    0x20000000   0x0800756c   0x00000050   Data   RW           27    .data               motor.o
    0x20000050   0x080075bc   0x00000004   Data   RW          287    .data               main.o
    0x20000054   0x080075c0   0x00000008   Data   RW          628    .data               crc.o
    0x2000005c   0x080075c8   0x00000009   Data   RW         2362    .data               stm32f4xx_hal.o
    0x20000065   0x080075d1   0x00000003   PAD
    0x20000068   0x080075d4   0x00000004   Data   RW         4437    .data               system_stm32f4xx.o
    0x2000006c   0x080075d8   0x00000040   Data   RW         5101    .data               tasks.o
    0x200000ac   0x08007618   0x00000014   Data   RW         5451    .data               timers.o
    0x200000c0   0x0800762c   0x0000000c   Data   RW         5611    .data               port.o
    0x200000cc   0x08007638   0x0000001c   Data   RW         5688    .data               heap_4.o
    0x200000e8   0x08007654   0x00000004   Data   RW         6037    .data               mc_w.l(stdout.o)
    0x200000ec        -       0x00000048   Zero   RW          544    .bss                adc.o
    0x20000134        -       0x00000028   Zero   RW          586    .bss                can.o
    0x2000015c        -       0x000000a0   Zero   RW          670    .bss                dcmi.o
    0x200001fc        -       0x0000000c   Zero   RW          737    .bss                iwdg.o
    0x20000208        -       0x00000360   Zero   RW          785    .bss                tim.o
    0x20000568        -       0x00000088   Zero   RW          910    .bss                usart.o
    0x200005f0        -       0x00000048   Zero   RW         1097    .bss                stm32f4xx_hal_timebase_tim.o
    0x20000638        -       0x00000040   Zero   RW         4685    .bss                queue.o
    0x20000678        -       0x000000c8   Zero   RW         5100    .bss                tasks.o
    0x20000740        -       0x00000028   Zero   RW         5450    .bss                timers.o
    0x20000768        -       0x00012c00   Zero   RW         5687    .bss                heap_4.o
    0x20013368        -       0x00000400   Zero   RW            1    STACK               startup_stm32f407xx.o


    Execution Region RW_IRAM2 (Exec base: 0x2001c000, Load base: 0x08007658, Size: 0x00000000, Max: 0x00004000, ABSOLUTE)

    **** No section assigned to this execution region ****


==============================================================================

Image component sizes


      Code (inc. data)   RO Data    RW Data    ZI Data      Debug   Object Name

       240         26          0          0         72       1925   adc.o
       204         22          0          0         40       1873   can.o
        84         18          0          8          0       1699   crc.o
         0          0          0          0          0       8720   croutine.o
       468         44          0          0        160       2164   dcmi.o
        56          4          0          0          0        866   dma.o
         0          0          0          0          0      15520   event_groups.o
       464         26          0          0          0       1315   gpio.o
       964         84          0         28      76800       6259   heap_4.o
        40          8          0          0         12        791   iwdg.o
       124          0          0          0          0       2933   list.o
       446         46          0          4          0     684682   main.o
      1040        152          0         80          0     730908   motor.o
       392          4          0          0          0       1101   pid.o
       894         78          0         12          0      11356   port.o
      1088         16          0          0         64      12879   queue.o
        36          8        392          0       1024        884   startup_stm32f407xx.o
       136         24          0          9          0       9074   stm32f4xx_hal.o
       852         28          0          0          0       2951   stm32f4xx_hal_adc.o
       372          0          0          0          0       1427   stm32f4xx_hal_can.o
       252         22          0          0          0      33978   stm32f4xx_hal_cortex.o
        32          0          0          0          0       1135   stm32f4xx_hal_crc.o
       212          6          0          0          0       4460   stm32f4xx_hal_dcmi.o
       146          0          0          0          0       1200   stm32f4xx_hal_dcmi_ex.o
      1246         16          8          0          0       5723   stm32f4xx_hal_dma.o
       512         46          0          0          0       2264   stm32f4xx_hal_gpio.o
        94          0          0          0          0       1368   stm32f4xx_hal_iwdg.o
        72          4          0          0          0        958   stm32f4xx_hal_msp.o
      1888         94          0          0          0       6673   stm32f4xx_hal_rcc.o
      2950        172          0          0          0      19878   stm32f4xx_hal_tim.o
       300         30          0          0          0       3569   stm32f4xx_hal_tim_ex.o
       180         20          0          0         72       1620   stm32f4xx_hal_timebase_tim.o
      2274         14          0          0          0      12380   stm32f4xx_hal_uart.o
       158         50          0          0          0       7501   stm32f4xx_it.o
        20          6         24          4          0       1283   system_stm32f4xx.o
      3040        336          0         64        200      30575   tasks.o
      2948        218          0          0        864      12791   tim.o
       970        110          0         20         40      27392   timers.o
       412         46          0          0        136       3219   usart.o

    ----------------------------------------------------------------------
     25640       1778        456        232      79484    1677294   Object Totals
         0          0         32          0          0          0   (incl. Generated)
        34          0          0          3          0          0   (incl. Padding)

    ----------------------------------------------------------------------

      Code (inc. data)   RO Data    RW Data    ZI Data      Debug   Library Member Name

         0          0          0          0          0          0   entry.o
         0          0          0          0          0          0   entry10a.o
         0          0          0          0          0          0   entry11a.o
         8          4          0          0          0          0   entry2.o
         4          0          0          0          0          0   entry5.o
         0          0          0          0          0          0   entry7b.o
         0          0          0          0          0          0   entry8b.o
         8          4          0          0          0          0   entry9a.o
        30          0          0          0          0          0   handlers.o
        36          8          0          0          0         68   init.o
         0          0          0          0          0          0   iusefp.o
        30          0          0          0          0         68   llshl.o
        36          0          0          0          0         68   llsshr.o
        32          0          0          0          0         68   llushr.o
        36          0          0          0          0         68   memcpya.o
        36          0          0          0          0        108   memseta.o
      2258         90          0          0          0        452   printfa.o
         0          0          0          4          0          0   stdout.o
        44          0          0          0          0         80   uidiv.o
        98          0          0          0          0         92   uldiv.o
        48          0          0          0          0         68   cdrcmple.o
        56          0          0          0          0         88   d2f.o
       334          0          0          0          0        148   dadd.o
       222          0          0          0          0        100   ddiv.o
       186          0          0          0          0        176   depilogue.o
        48          0          0          0          0         68   dfixul.o
        34          0          0          0          0         76   dflti.o
       228          0          0          0          0         96   dmul.o
        38          0          0          0          0         68   f2d.o
       110          0          0          0          0        168   fepilogue.o

    ----------------------------------------------------------------------
      3964        106          0          4          0       2128   Library Totals
         4          0          0          0          0          0   (incl. Padding)

    ----------------------------------------------------------------------

      Code (inc. data)   RO Data    RW Data    ZI Data      Debug   Library Name

      2656        106          0          4          0       1072   mc_w.l
      1304          0          0          0          0       1056   mf_w.l

    ----------------------------------------------------------------------
      3964        106          0          4          0       2128   Library Totals

    ----------------------------------------------------------------------

==============================================================================


      Code (inc. data)   RO Data    RW Data    ZI Data      Debug   

     29604       1884        456        236      79484    1659686   Grand Totals
     29604       1884        456        236      79484    1659686   ELF Image Totals
     29604       1884        456        236          0          0   ROM Totals

==============================================================================

    Total RO  Size (Code + RO Data)                30060 (  29.36kB)
    Total RW  Size (RW Data + ZI Data)             79720 (  77.85kB)
    Total ROM Size (Code + RO Data + RW Data)      30296 (  29.59kB)

==============================================================================

