Component: ARM Compiler 5.06 update 5 (build 528) Tool: armlink [4d35e2]

==============================================================================

Section Cross References

    startup_stm32f407xx.o(RESET) refers to startup_stm32f407xx.o(STACK) for __initial_sp
    startup_stm32f407xx.o(RESET) refers to startup_stm32f407xx.o(.text) for Reset_Handler
    startup_stm32f407xx.o(RESET) refers to stm32f4xx_it.o(i.NMI_Handler) for NMI_Handler
    startup_stm32f407xx.o(RESET) refers to stm32f4xx_it.o(i.HardFault_Handler) for HardFault_Handler
    startup_stm32f407xx.o(RESET) refers to stm32f4xx_it.o(i.MemManage_Handler) for MemManage_Handler
    startup_stm32f407xx.o(RESET) refers to stm32f4xx_it.o(i.BusFault_Handler) for BusFault_Handler
    startup_stm32f407xx.o(RESET) refers to stm32f4xx_it.o(i.UsageFault_Handler) for UsageFault_Handler
    startup_stm32f407xx.o(RESET) refers to port.o(.emb_text) for SVC_Handler
    startup_stm32f407xx.o(RESET) refers to stm32f4xx_it.o(i.DebugMon_Handler) for DebugMon_Handler
    startup_stm32f407xx.o(RESET) refers to port.o(i.SysTick_Handler) for SysTick_Handler
    startup_stm32f407xx.o(RESET) refers to stm32f4xx_it.o(i.TIM3_IRQHandler) for TIM3_IRQHandler
    startup_stm32f407xx.o(RESET) refers to stm32f4xx_it.o(i.TIM4_IRQHandler) for TIM4_IRQHandler
    startup_stm32f407xx.o(RESET) refers to stm32f4xx_it.o(i.USART1_IRQHandler) for USART1_IRQHandler
    startup_stm32f407xx.o(RESET) refers to stm32f4xx_it.o(i.TIM8_BRK_TIM12_IRQHandler) for TIM8_BRK_TIM12_IRQHandler
    startup_stm32f407xx.o(RESET) refers to stm32f4xx_it.o(i.TIM6_DAC_IRQHandler) for TIM6_DAC_IRQHandler
    startup_stm32f407xx.o(RESET) refers to stm32f4xx_it.o(i.TIM7_IRQHandler) for TIM7_IRQHandler
    startup_stm32f407xx.o(RESET) refers to stm32f4xx_it.o(i.DMA2_Stream1_IRQHandler) for DMA2_Stream1_IRQHandler
    startup_stm32f407xx.o(RESET) refers to stm32f4xx_it.o(i.DCMI_IRQHandler) for DCMI_IRQHandler
    startup_stm32f407xx.o(.text) refers to system_stm32f4xx.o(i.SystemInit) for SystemInit
    startup_stm32f407xx.o(.text) refers to entry.o(.ARM.Collect$$$$00000000) for __main
    motor.o(i.Motor_Init) refers to stm32f4xx_hal_tim.o(i.HAL_TIM_Encoder_Start) for HAL_TIM_Encoder_Start
    motor.o(i.Motor_Init) refers to stm32f4xx_hal_tim.o(i.HAL_TIM_Base_Start) for HAL_TIM_Base_Start
    motor.o(i.Motor_Init) refers to stm32f4xx_hal_tim.o(i.HAL_TIM_PWM_Start) for HAL_TIM_PWM_Start
    motor.o(i.Motor_Init) refers to stm32f4xx_hal_tim.o(i.HAL_TIM_Base_Start_IT) for HAL_TIM_Base_Start_IT
    motor.o(i.Motor_Init) refers to tim.o(.bss) for htim1
    motor.o(i.SpeedAndAngleUpdate) refers to dflti.o(.text) for __aeabi_i2d
    motor.o(i.SpeedAndAngleUpdate) refers to ddiv.o(.text) for __aeabi_ddiv
    motor.o(i.SpeedAndAngleUpdate) refers to dmul.o(.text) for __aeabi_dmul
    motor.o(i.SpeedAndAngleUpdate) refers to d2f.o(.text) for __aeabi_d2f
    motor.o(i.SpeedAndAngleUpdate) refers to tim.o(.bss) for htim1
    motor.o(i.SpeedAndAngleUpdate) refers to motor.o(.data) for Motor1
    motor.o(i.applyControlOutput) refers to pid.o(i.PID_Calc) for PID_Calc
    motor.o(i.applyControlOutput) refers to motor.o(.data) for pid
    motor.o(i.applyControlOutput) refers to tim.o(.bss) for htim5
    motor.o(i.moveBL) refers to stm32f4xx_hal_gpio.o(i.HAL_GPIO_WritePin) for HAL_GPIO_WritePin
    motor.o(i.moveBR) refers to stm32f4xx_hal_gpio.o(i.HAL_GPIO_WritePin) for HAL_GPIO_WritePin
    motor.o(i.moveBackward) refers to stm32f4xx_hal_gpio.o(i.HAL_GPIO_WritePin) for HAL_GPIO_WritePin
    motor.o(i.moveFL) refers to stm32f4xx_hal_gpio.o(i.HAL_GPIO_WritePin) for HAL_GPIO_WritePin
    motor.o(i.moveFR) refers to stm32f4xx_hal_gpio.o(i.HAL_GPIO_WritePin) for HAL_GPIO_WritePin
    motor.o(i.moveForward) refers to stm32f4xx_hal_gpio.o(i.HAL_GPIO_WritePin) for HAL_GPIO_WritePin
    motor.o(i.moveLeft) refers to stm32f4xx_hal_gpio.o(i.HAL_GPIO_WritePin) for HAL_GPIO_WritePin
    motor.o(i.moveRight) refers to stm32f4xx_hal_gpio.o(i.HAL_GPIO_WritePin) for HAL_GPIO_WritePin
    motor.o(i.printfSpeed) refers to stm32f4xx_hal.o(i.HAL_Delay) for HAL_Delay
    motor.o(i.printfSpeed) refers to f2d.o(.text) for __aeabi_f2d
    motor.o(i.printfSpeed) refers to printfa.o(i.__0printf) for __2printf
    motor.o(i.printfSpeed) refers to motor.o(.data) for Motor4
    motor.o(i.rotateCCW) refers to stm32f4xx_hal_gpio.o(i.HAL_GPIO_WritePin) for HAL_GPIO_WritePin
    motor.o(i.rotateCW) refers to stm32f4xx_hal_gpio.o(i.HAL_GPIO_WritePin) for HAL_GPIO_WritePin
    main.o(i.HAL_TIM_PeriodElapsedCallback) refers to stm32f4xx_hal.o(i.HAL_IncTick) for HAL_IncTick
    main.o(i.HAL_TIM_PeriodElapsedCallback) refers to motor.o(i.applyControlOutput) for applyControlOutput
    main.o(i.HAL_TIM_PeriodElapsedCallback) refers to motor.o(i.SpeedAndAngleUpdate) for SpeedAndAngleUpdate
    main.o(i.SystemClock_Config) refers to memseta.o(.text) for __aeabi_memclr4
[...]
    ..\Drivers\STM32F4xx_HAL_Driver\Src\stm32f4xx_hal_dcmi.c 0x00000000   Number         0  stm32f4xx_hal_dcmi.o ABSOLUTE
    ..\Drivers\STM32F4xx_HAL_Driver\Src\stm32f4xx_hal_dcmi_ex.c 0x00000000   Number         0  stm32f4xx_hal_dcmi_ex.o ABSOLUTE
    ..\Drivers\STM32F4xx_HAL_Driver\Src\stm32f4xx_hal_dma.c 0x00000000   Number         0  stm32f4xx_hal_dma.o ABSOLUTE
    ..\Drivers\STM32F4xx_HAL_Driver\Src\stm32f4xx_hal_dma_ex.c 0x00000000   Number         0  stm32f4xx_hal_dma_ex.o ABSOLUTE
    ..\Drivers\STM32F4xx_HAL_Driver\Src\stm32f4xx_hal_exti.c 0x00000000   Number         0  stm32f4xx_hal_exti.o ABSOLUTE
    ..\Drivers\STM32F4xx_HAL_Driver\Src\stm32f4xx_hal_flash.c 0x00000000   Number         0  stm32f4xx_hal_flash.o ABSOLUTE
    ..\Drivers\STM32F4xx_HAL_Driver\Src\stm32f4xx_hal_flash_ex.c 0x00000000   Number         0  stm32f4xx_hal_flash_ex.o ABSOLUTE
    ..\Drivers\STM32F4xx_HAL_Driver\Src\stm32f4xx_hal_flash_ramfunc.c 0x00000000   Number         0  stm32f4xx_hal_flash_ramfunc.o ABSOLUTE
    ..\Drivers\STM32F4xx_HAL_Driver\Src\stm32f4xx_hal_gpio.c 0x00000000   Number         0  stm32f4xx_hal_gpio.o ABSOLUTE
    ..\Drivers\STM32F4xx_HAL_Driver\Src\stm32f4xx_hal_iwdg.c 0x00000000   Number         0  stm32f4xx_hal_iwdg.o ABSOLUTE
    ..\Drivers\STM32F4xx_HAL_Driver\Src\stm32f4xx_hal_pwr.c 0x00000000   Number         0  stm32f4xx_hal_pwr.o ABSOLUTE
    ..\Drivers\STM32F4xx_HAL_Driver\Src\stm32f4xx_hal_pwr_ex.c 0x00000000   Number         0  stm32f4xx_hal_pwr_ex.o ABSOLUTE
    ..\Drivers\STM32F4xx_HAL_Driver\Src\stm32f4xx_hal_rcc.c 0x00000000   Number         0  stm32f4xx_hal_rcc.o ABSOLUTE
    ..\Drivers\STM32F4xx_HAL_Driver\Src\stm32f4xx_hal_rcc_ex.c 0x00000000   Number         0  stm32f4xx_hal_rcc_ex.o ABSOLUTE
    ..\Drivers\STM32F4xx_HAL_Driver\Src\stm32f4xx_hal_tim.c 0x00000000   Number         0  stm32f4xx_hal_tim.o ABSOLUTE
    ..\Drivers\STM32F4xx_HAL_Driver\Src\stm32f4xx_hal_tim_ex.c 0x00000000   Number         0  stm32f4xx_hal_tim_ex.o ABSOLUTE
    ..\Drivers\STM32F4xx_HAL_Driver\Src\stm32f4xx_hal_uart.c 0x00000000   Number         0  stm32f4xx_hal_uart.o ABSOLUTE
    ..\FreeRTOS\croutine.c                   0x00000000   Number         0  croutine.o ABSOLUTE
    ..\FreeRTOS\event_groups.c               0x00000000   Number         0  event_groups.o ABSOLUTE
    ..\FreeRTOS\list.c                       0x00000000   Number         0  list.o ABSOLUTE
    ..\FreeRTOS\portable\MemMang\heap_4.c    0x00000000   Number         0  heap_4.o ABSOLUTE
    ..\FreeRTOS\portable\RVDS\ARM_CM4F\port.c 0x00000000   Number         0  port.o ABSOLUTE
    ..\FreeRTOS\queue.c                      0x00000000   Number         0  queue.o ABSOLUTE
    ..\FreeRTOS\stream_buffer.c              0x00000000   Number         0  stream_buffer.o ABSOLUTE
    ..\FreeRTOS\tasks.c                      0x00000000   Number         0  tasks.o ABSOLUTE
    ..\FreeRTOS\timers.c                     0x00000000   Number         0  timers.o ABSOLUTE
    ..\\Core\\Src\\Motor.c                   0x00000000   Number         0  motor.o ABSOLUTE
    ..\\Core\\Src\\pid.c                     0x00000000   Number         0  pid.o ABSOLUTE
    ..\\FreeRTOS\\portable\\RVDS\\ARM_CM4F\\port.c 0x00000000   Number         0  port.o ABSOLUTE
    cdrcmple.s                               0x00000000   Number         0  cdrcmple.o ABSOLUTE
    dc.s                                     0x00000000   Number         0  dc.o ABSOLUTE
    handlers.s                               0x00000000   Number         0  handlers.o ABSOLUTE
    init.s                                   0x00000000   Number         0  init.o ABSOLUTE
    startup_stm32f407xx.s                    0x00000000   Number         0  startup_stm32f407xx.o ABSOLUTE
    RESET                                    0x08000000   Section      392  startup_stm32f407xx.o(RESET)
    .ARM.Collect$$$$00000000                 0x08000188   Section        0  entry.o(.ARM.Collect$$$$00000000)
    .ARM.Collect$$$$00000001                 0x08000188   Section        4  entry2.o(.ARM.Collect$$$$00000001)
    .ARM.Collect$$$$00000004                 0x0800018c   Section        4  entry5.o(.ARM.Collect$$$$00000004)
    .ARM.Collect$$$$00000008                 0x08000190   Section        0  entry7b.o(.ARM.Collect$$$$00000008)
    .ARM.Collect$$$$0000000A                 0x08000190   Section        0  entry8b.o(.ARM.Collect$$$$0000000A)
    .ARM.Collect$$$$0000000B                 0x08000190   Section        8  entry9a.o(.ARM.Collect$$$$0000000B)
    .ARM.Collect$$$$0000000D                 0x08000198   Section        0  entry10a.o(.ARM.Collect$$$$0000000D)
    .ARM.Collect$$$$0000000F                 0x08000198   Section        0  entry11a.o(.ARM.Collect$$$$0000000F)
    .ARM.Collect$$$$00002712                 0x08000198   Section        4  entry2.o(.ARM.Collect$$$$00002712)
    __lit__00000000                          0x08000198   Data           4  entry2.o(.ARM.Collect$$$$00002712)
    .emb_text                                0x0800019c   Section      190  port.o(.emb_text)
    $v0                                      0x0800019c   Number         0  port.o(.emb_text)
    .text                                    0x0800025c   Section       36  startup_stm32f407xx.o(.text)
    $v0                                      0x0800025c   Number         0  startup_stm32f407xx.o(.text)
    .text                                    0x08000280   Section        0  uldiv.o(.text)
    .text                                    0x080002e2   Section        0  memseta.o(.text)
    .text                                    0x08000306   Section        0  dmul.o(.text)
    .text                                    0x080003ea   Section        0  ddiv.o(.text)
    .text                                    0x080004c8   Section        0  dflti.o(.text)
    .text                                    0x080004ea   Section        0  f2d.o(.text)
    .text                                    0x08000510   Section        0  d2f.o(.text)
    .text                                    0x08000548   Section        0  uidiv.o(.text)
    .text                                    0x08000574   Section        0  llshl.o(.text)
    .text                                    0x08000592   Section        0  llushr.o(.text)
    .text                                    0x080005b2   Section        0  fepilogue.o(.text)
    .text                                    0x080005b2   Section        0  iusefp.o(.text)
    .text                                    0x08000620   Section        0  depilogue.o(.text)
    .text                                    0x080006da   Section        0  dadd.o(.text)
    .text                                    0x08000828   Section        0  dfixul.o(.text)
    .text                                    0x08000858   Section       48  cdrcmple.o(.text)
    .text                                    0x08000888   Section       36  init.o(.text)
    .text                                    0x080008ac   Section        0  llsshr.o(.text)
    i.ADC_Init                               0x080008d0   Section        0  stm32f4xx_hal_adc.o(i.ADC_Init)
    ADC_Init                                 0x080008d1   Thumb Code   344  stm32f4xx_hal_adc.o(i.ADC_Init)
    i.BusFault_Handler                       0x08000a30   Section        0  stm32f4xx_it.o(i.BusFault_Handler)
    i.DCMI_DMAError                          0x08000a34   Section        0  stm32f4xx_hal_dcmi.o(i.DCMI_DMAError)
    DCMI_DMAError                            0x08000a35   Thumb Code    28  stm32f4xx_hal_dcmi.o(i.DCMI_DMAError)
    i.DCMI_IRQHandler                        0x08000a50   Section        0  stm32f4xx_it.o(i.DCMI_IRQHandler)
    i.DMA2_Stream1_IRQHandler                0x08000a60   Section        0  stm32f4xx_it.o(i.DMA2_Stream1_IRQHandler)
    i.DMA_CalcBaseAndBitshift                0x08000a70   Section        0  stm32f4xx_hal_dma.o(i.DMA_CalcBaseAndBitshift)
    DMA_CalcBaseAndBitshift                  0x08000a71   Thumb Code    46  stm32f4xx_hal_dma.o(i.DMA_CalcBaseAndBitshift)
    i.DMA_CheckFifoParam                     0x08000aa4   Section        0  stm32f4xx_hal_dma.o(i.DMA_CheckFifoParam)
    DMA_CheckFifoParam                       0x08000aa5   Thumb Code   170  stm32f4xx_hal_dma.o(i.DMA_CheckFifoParam)
    i.DebugMon_Handler                       0x08000b4e   Section        0  stm32f4xx_it.o(i.DebugMon_Handler)
    i.Error_Handler                          0x08000b50   Section        0  main.o(i.Error_Handler)
    i.HAL_ADC_ConfigChannel                  0x08000b58   Section        0  stm32f4xx_hal_adc.o(i.HAL_ADC_ConfigChannel)
    i.HAL_ADC_Init                           0x08000ce4   Section        0  stm32f4xx_hal_adc.o(i.HAL_ADC_Init)
    i.HAL_ADC_MspInit                        0x08000d4c   Section        0  adc.o(i.HAL_ADC_MspInit)
    i.HAL_CAN_Init                           0x08000dcc   Section        0  stm32f4xx_hal_can.o(i.HAL_CAN_Init)
    i.HAL_CAN_MspInit                        0x08000f40   Section        0  can.o(i.HAL_CAN_MspInit)
    i.HAL_CRC_Init                           0x08000fc8   Section        0  stm32f4xx_hal_crc.o(i.HAL_CRC_Init)
    i.HAL_CRC_MspInit                        0x08000fe8   Section        0  crc.o(i.HAL_CRC_MspInit)
    i.HAL_DCMI_ErrorCallback                 0x0800101c   Section        0  stm32f4xx_hal_dcmi.o(i.HAL_DCMI_ErrorCallback)
    i.HAL_DCMI_FrameEventCallback            0x0800101e   Section        0  stm32f4xx_hal_dcmi.o(i.HAL_DCMI_FrameEventCallback)
    i.HAL_DCMI_IRQHandler                    0x08001020   Section        0  stm32f4xx_hal_dcmi.o(i.HAL_DCMI_IRQHandler)
    i.HAL_DCMI_Init                          0x080010d0   Section        0  stm32f4xx_hal_dcmi_ex.o(i.HAL_DCMI_Init)
    i.HAL_DCMI_LineEventCallback             0x08001162   Section        0  stm32f4xx_hal_dcmi.o(i.HAL_DCMI_LineEventCallback)
    i.HAL_DCMI_MspInit                       0x08001164   Section        0  dcmi.o(i.HAL_DCMI_MspInit)
    i.HAL_DCMI_VsyncEventCallback            0x08001304   Section        0  stm32f4xx_hal_dcmi.o(i.HAL_DCMI_VsyncEventCallback)
    i.HAL_DMA_Abort                          0x08001306   Section        0  stm32f4xx_hal_dma.o(i.HAL_DMA_Abort)
    i.HAL_DMA_Abort_IT                       0x080013b2   Section        0  stm32f4xx_hal_dma.o(i.HAL_DMA_Abort_IT)
    i.HAL_DMA_IRQHandler                     0x080013dc   Section        0  stm32f4xx_hal_dma.o(i.HAL_DMA_IRQHandler)
    i.HAL_DMA_Init                           0x0800161c   Section        0  stm32f4xx_hal_dma.o(i.HAL_DMA_Init)
    i.HAL_Delay                              0x08001708   Section        0  stm32f4xx_hal.o(i.HAL_Delay)
    i.HAL_GPIO_Init                          0x08001730   Section        0  stm32f4xx_hal_gpio.o(i.HAL_GPIO_Init)
    i.HAL_GPIO_WritePin                      0x08001924   Section        0  stm32f4xx_hal_gpio.o(i.HAL_GPIO_WritePin)
    i.HAL_GetTick                            0x08001930   Section        0  stm32f4xx_hal.o(i.HAL_GetTick)
    i.HAL_IWDG_Init                          0x0800193c   Section        0  stm32f4xx_hal_iwdg.o(i.HAL_IWDG_Init)
    i.HAL_IncTick                            0x0800199c   Section        0  stm32f4xx_hal.o(i.HAL_IncTick)
    i.HAL_Init                               0x080019b4   Section        0  stm32f4xx_hal.o(i.HAL_Init)
    i.HAL_InitTick                           0x080019f0   Section        0  stm32f4xx_hal_timebase_tim.o(i.HAL_InitTick)
    i.HAL_MspInit                            0x08001aa4   Section        0  stm32f4xx_hal_msp.o(i.HAL_MspInit)
    i.HAL_NVIC_EnableIRQ                     0x08001aec   Section        0  stm32f4xx_hal_cortex.o(i.HAL_NVIC_EnableIRQ)
    i.HAL_NVIC_SetPriority                   0x08001b0c   Section        0  stm32f4xx_hal_cortex.o(i.HAL_NVIC_SetPriority)
    i.HAL_NVIC_SetPriorityGrouping           0x08001b88   Section        0  stm32f4xx_hal_cortex.o(i.HAL_NVIC_SetPriorityGrouping)
    i.HAL_RCC_ClockConfig                    0x08001bb0   Section        0  stm32f4xx_hal_rcc.o(i.HAL_RCC_ClockConfig)
    i.HAL_RCC_GetClockConfig                 0x08001d34   Section        0  stm32f4xx_hal_rcc.o(i.HAL_RCC_GetClockConfig)
    i.HAL_RCC_GetHCLKFreq                    0x08001d78   Section        0  stm32f4xx_hal_rcc.o(i.HAL_RCC_GetHCLKFreq)
    i.HAL_RCC_GetPCLK1Freq                   0x08001d84   Section        0  stm32f4xx_hal_rcc.o(i.HAL_RCC_GetPCLK1Freq)
    i.HAL_RCC_GetPCLK2Freq                   0x08001da4   Section        0  stm32f4xx_hal_rcc.o(i.HAL_RCC_GetPCLK2Freq)
    i.HAL_RCC_GetSysClockFreq                0x08001dc4   Section        0  stm32f4xx_hal_rcc.o(i.HAL_RCC_GetSysClockFreq)
    i.HAL_RCC_OscConfig                      0x08001e74   Section        0  stm32f4xx_hal_rcc.o(i.HAL_RCC_OscConfig)
    i.HAL_TIMEx_BreakCallback                0x08002310   Section        0  stm32f4xx_hal_tim_ex.o(i.HAL_TIMEx_BreakCallback)
    i.HAL_TIMEx_CommutCallback               0x08002312   Section        0  stm32f4xx_hal_tim_ex.o(i.HAL_TIMEx_CommutCallback)
    i.HAL_TIMEx_ConfigBreakDeadTime          0x08002314   Section        0  stm32f4xx_hal_tim_ex.o(i.HAL_TIMEx_ConfigBreakDeadTime)
    i.HAL_TIMEx_MasterConfigSynchronization  0x08002388   Section        0  stm32f4xx_hal_tim_ex.o(i.HAL_TIMEx_MasterConfigSynchronization)
    i.HAL_TIM_Base_Init                      0x0800243c   Section        0  stm32f4xx_hal_tim.o(i.HAL_TIM_Base_Init)
    i.HAL_TIM_Base_MspInit                   0x080024a4   Section        0  tim.o(i.HAL_TIM_Base_MspInit)
    i.HAL_TIM_Base_Start                     0x08002624   Section        0  stm32f4xx_hal_tim.o(i.HAL_TIM_Base_Start)
    i.HAL_TIM_Base_Start_IT                  0x080026c0   Section        0  stm32f4xx_hal_tim.o(i.HAL_TIM_Base_Start_IT)
    i.HAL_TIM_ConfigClockSource              0x08002768   Section        0  stm32f4xx_hal_tim.o(i.HAL_TIM_ConfigClockSource)
    i.HAL_TIM_Encoder_Init                   0x08002874   Section        0  stm32f4xx_hal_tim.o(i.HAL_TIM_Encoder_Init)
    i.HAL_TIM_Encoder_MspInit                0x0800293c   Section        0  tim.o(i.HAL_TIM_Encoder_MspInit)
    i.HAL_TIM_Encoder_Start                  0x08002b78   Section        0  stm32f4xx_hal_tim.o(i.HAL_TIM_Encoder_Start)
    i.HAL_TIM_IC_CaptureCallback             0x08002c44   Section        0  stm32f4xx_hal_tim.o(i.HAL_TIM_IC_CaptureCallback)
    i.HAL_TIM_IRQHandler                     0x08002c46   Section        0  stm32f4xx_hal_tim.o(i.HAL_TIM_IRQHandler)
    i.HAL_TIM_MspPostInit                    0x08002ddc   Section        0  tim.o(i.HAL_TIM_MspPostInit)
    i.HAL_TIM_OC_DelayElapsedCallback        0x08002fb0   Section        0  stm32f4xx_hal_tim.o(i.HAL_TIM_OC_DelayElapsedCallback)
    i.HAL_TIM_PWM_ConfigChannel              0x08002fb2   Section        0  stm32f4xx_hal_tim.o(i.HAL_TIM_PWM_ConfigChannel)
    i.HAL_TIM_PWM_Init                       0x080030b6   Section        0  stm32f4xx_hal_tim.o(i.HAL_TIM_PWM_Init)
    i.HAL_TIM_PWM_MspInit                    0x0800311c   Section        0  tim.o(i.HAL_TIM_PWM_MspInit)
    i.HAL_TIM_PWM_PulseFinishedCallback      0x08003150   Section        0  stm32f4xx_hal_tim.o(i.HAL_TIM_PWM_PulseFinishedCallback)
    i.HAL_TIM_PWM_Start                      0x08003154   Section        0  stm32f4xx_hal_tim.o(i.HAL_TIM_PWM_Start)
    i.HAL_TIM_PeriodElapsedCallback          0x08003260   Section        0  main.o(i.HAL_TIM_PeriodElapsedCallback)
    i.HAL_TIM_TriggerCallback                0x08003294   Section        0  stm32f4xx_hal_tim.o(i.HAL_TIM_TriggerCallback)
    i.HAL_UARTEx_RxEventCallback             0x08003296   Section        0  stm32f4xx_hal_uart.o(i.HAL_UARTEx_RxEventCallback)
    i.HAL_UART_ErrorCallback                 0x08003298   Section        0  stm32f4xx_hal_uart.o(i.HAL_UART_ErrorCallback)
    i.HAL_UART_IRQHandler                    0x0800329c   Section        0  stm32f4xx_hal_uart.o(i.HAL_UART_IRQHandler)
    i.HAL_UART_Init                          0x0800357c   Section        0  stm32f4xx_hal_uart.o(i.HAL_UART_Init)
    i.HAL_UART_MspInit                       0x080035f0   Section        0  usart.o(i.HAL_UART_MspInit)
    i.HAL_UART_RxCpltCallback                0x08003700   Section        0  stm32f4xx_hal_uart.o(i.HAL_UART_RxCpltCallback)
    i.HAL_UART_Transmit                      0x08003702   Section        0  stm32f4xx_hal_uart.o(i.HAL_UART_Transmit)
    i.HAL_UART_TxCpltCallback                0x080037d4   Section        0  stm32f4xx_hal_uart.o(i.HAL_UART_TxCpltCallback)
    i.HardFault_Handler                      0x080037d6   Section        0  stm32f4xx_it.o(i.HardFault_Handler)
    i.MX_ADC1_Init                           0x080037dc   Section        0  adc.o(i.MX_ADC1_Init)
    i.MX_CAN1_Init                           0x0800384c   Section        0  can.o(i.MX_CAN1_Init)
    i.MX_CRC_Init                            0x08003890   Section        0  crc.o(i.MX_CRC_Init)
    i.MX_DCMI_Init                           0x080038b0   Section        0  dcmi.o(i.MX_DCMI_Init)
    i.MX_DMA_Init                            0x080038e4   Section        0  dma.o(i.MX_DMA_Init)
    i.MX_GPIO_Init                           0x0800391c   Section        0  gpio.o(i.MX_GPIO_Init)
    i.MX_IWDG_Init                           0x08003aec   Section        0  iwdg.o(i.MX_IWDG_Init)
    i.MX_TIM10_Init                          0x08003b14   Section        0  tim.o(i.MX_TIM10_Init)
    i.MX_TIM11_Init                          0x08003b80   Section        0  tim.o(i.MX_TIM11_Init)
    i.MX_TIM13_Init                          0x08003bec   Section        0  tim.o(i.MX_TIM13_Init)
    i.MX_TIM14_Init                          0x08003c58   Section        0  tim.o(i.MX_TIM14_Init)
    i.MX_TIM1_Init                           0x08003cc4   Section        0  tim.o(i.MX_TIM1_Init)
    i.MX_TIM2_Init                           0x08003d44   Section        0  tim.o(i.MX_TIM2_Init)
    i.MX_TIM3_Init                           0x08003dc0   Section        0  tim.o(i.MX_TIM3_Init)
    i.MX_TIM4_Init                           0x08003e3c   Section        0  tim.o(i.MX_TIM4_Init)
    i.MX_TIM5_Init                           0x08003eb8   Section        0  tim.o(i.MX_TIM5_Init)
    i.MX_TIM6_Init                           0x08003f54   Section        0  tim.o(i.MX_TIM6_Init)
    i.MX_TIM7_Init                           0x08003fa0   Section        0  tim.o(i.MX_TIM7_Init)
    i.MX_TIM8_Init                           0x08003fec   Section        0  tim.o(i.MX_TIM8_Init)
    i.MX_USART1_UART_Init                    0x080040d4   Section        0  usart.o(i.MX_USART1_UART_Init)
    i.MX_USART3_UART_Init                    0x0800410c   Section        0  usart.o(i.MX_USART3_UART_Init)
    i.MemManage_Handler                      0x08004144   Section        0  stm32f4xx_it.o(i.MemManage_Handler)
    i.Motor_Init                             0x08004148   Section        0  motor.o(i.Motor_Init)
    i.NMI_Handler                            0x08004218   Section        0  stm32f4xx_it.o(i.NMI_Handler)
    i.PID_Calc                               0x0800421c   Section        0  pid.o(i.PID_Calc)
    i.SpeedAndAngleUpdate                    0x080043a4   Section        0  motor.o(i.SpeedAndAngleUpdate)
    i.SysTick_Handler                        0x08004504   Section        0  port.o(i.SysTick_Handler)
    i.SystemClock_Config                     0x08004538   Section        0  main.o(i.SystemClock_Config)
    i.SystemInit                             0x080045f4   Section        0  system_stm32f4xx.o(i.SystemInit)
    i.TIM3_IRQHandler                        0x08004608   Section        0  stm32f4xx_it.o(i.TIM3_IRQHandler)
    i.TIM4_IRQHandler                        0x08004618   Section        0  stm32f4xx_it.o(i.TIM4_IRQHandler)
    i.TIM6_DAC_IRQHandler                    0x08004628   Section        0  stm32f4xx_it.o(i.TIM6_DAC_IRQHandler)
    i.TIM7_IRQHandler                        0x08004638   Section        0  stm32f4xx_it.o(i.TIM7_IRQHandler)
    i.TIM8_BRK_TIM12_IRQHandler              0x08004648   Section        0  stm32f4xx_it.o(i.TIM8_BRK_TIM12_IRQHandler)
    i.TIM_Base_SetConfig                     0x08004660   Section        0  stm32f4xx_hal_tim.o(i.TIM_Base_SetConfig)
    i.TIM_CCxChannelCmd                      0x08004738   Section        0  stm32f4xx_hal_tim.o(i.TIM_CCxChannelCmd)
    i.TIM_ETR_SetConfig                      0x0800475a   Section        0  stm32f4xx_hal_tim.o(i.TIM_ETR_SetConfig)
    i.TIM_ITRx_SetConfig                     0x08004770   Section        0  stm32f4xx_hal_tim.o(i.TIM_ITRx_SetConfig)
    TIM_ITRx_SetConfig                       0x08004771   Thumb Code    18  stm32f4xx_hal_tim.o(i.TIM_ITRx_SetConfig)
    i.TIM_OC1_SetConfig                      0x08004784   Section        0  stm32f4xx_hal_tim.o(i.TIM_OC1_SetConfig)
    TIM_OC1_SetConfig                        0x08004785   Thumb Code   104  stm32f4xx_hal_tim.o(i.TIM_OC1_SetConfig)
    i.TIM_OC2_SetConfig                      0x080047f4   Section        0  stm32f4xx_hal_tim.o(i.TIM_OC2_SetConfig)
    i.TIM_OC3_SetConfig                      0x08004870   Section        0  stm32f4xx_hal_tim.o(i.TIM_OC3_SetConfig)
    TIM_OC3_SetConfig                        0x08004871   Thumb Code   112  stm32f4xx_hal_tim.o(i.TIM_OC3_SetConfig)
    i.TIM_OC4_SetConfig                      0x080048e8   Section        0  stm32f4xx_hal_tim.o(i.TIM_OC4_SetConfig)
    TIM_OC4_SetConfig                        0x080048e9   Thumb Code    74  stm32f4xx_hal_tim.o(i.TIM_OC4_SetConfig)
    i.TIM_TI1_ConfigInputStage               0x0800493c   Section        0  stm32f4xx_hal_tim.o(i.TIM_TI1_ConfigInputStage)
    TIM_TI1_ConfigInputStage                 0x0800493d   Thumb Code    38  stm32f4xx_hal_tim.o(i.TIM_TI1_ConfigInputStage)
    i.TIM_TI2_ConfigInputStage               0x08004962   Section        0  stm32f4xx_hal_tim.o(i.TIM_TI2_ConfigInputStage)
    TIM_TI2_ConfigInputStage                 0x08004963   Thumb Code    40  stm32f4xx_hal_tim.o(i.TIM_TI2_ConfigInputStage)
    i.UART_DMAAbortOnError                   0x0800498a   Section        0  stm32f4xx_hal_uart.o(i.UART_DMAAbortOnError)
    UART_DMAAbortOnError                     0x0800498b   Thumb Code    20  stm32f4xx_hal_uart.o(i.UART_DMAAbortOnError)
    i.UART_EndRxTransfer                     0x0800499e   Section        0  stm32f4xx_hal_uart.o(i.UART_EndRxTransfer)
    UART_EndRxTransfer                       0x0800499f   Thumb Code   108  stm32f4xx_hal_uart.o(i.UART_EndRxTransfer)
    i.UART_EndTransmit_IT                    0x08004a0a   Section        0  stm32f4xx_hal_uart.o(i.UART_EndTransmit_IT)
    UART_EndTransmit_IT                      0x08004a0b   Thumb Code    32  stm32f4xx_hal_uart.o(i.UART_EndTransmit_IT)
    i.UART_Receive_IT                        0x08004a2a   Section        0  stm32f4xx_hal_uart.o(i.UART_Receive_IT)
    UART_Receive_IT                          0x08004a2b   Thumb Code   248  stm32f4xx_hal_uart.o(i.UART_Receive_IT)
    i.UART_SetConfig                         0x08004b24   Section        0  stm32f4xx_hal_uart.o(i.UART_SetConfig)
    UART_SetConfig                           0x08004b25   Thumb Code   546  stm32f4xx_hal_uart.o(i.UART_SetConfig)
    i.UART_Transmit_IT                       0x08004d50   Section        0  stm32f4xx_hal_uart.o(i.UART_Transmit_IT)
    UART_Transmit_IT                         0x08004d51   Thumb Code    96  stm32f4xx_hal_uart.o(i.UART_Transmit_IT)
    i.UART_WaitOnFlagUntilTimeout            0x08004db0   Section        0  stm32f4xx_hal_uart.o(i.UART_WaitOnFlagUntilTimeout)
    UART_WaitOnFlagUntilTimeout              0x08004db1   Thumb Code   146  stm32f4xx_hal_uart.o(i.UART_WaitOnFlagUntilTimeout)
    i.USART1_IRQHandler                      0x08004e44   Section        0  stm32f4xx_it.o(i.USART1_IRQHandler)
    i.UsageFault_Handler                     0x08004e54   Section        0  stm32f4xx_it.o(i.UsageFault_Handler)
    i.__0printf                              0x08004e58   Section        0  printfa.o(i.__0printf)
    i.__NVIC_GetPriorityGrouping             0x08004e78   Section        0  stm32f4xx_hal_cortex.o(i.__NVIC_GetPriorityGrouping)
    __NVIC_GetPriorityGrouping               0x08004e79   Thumb Code    10  stm32f4xx_hal_cortex.o(i.__NVIC_GetPriorityGrouping)
    i.__NVIC_SetPriority                     0x08004e88   Section        0  stm32f4xx_hal_cortex.o(i.__NVIC_SetPriority)
    __NVIC_SetPriority                       0x08004e89   Thumb Code    32  stm32f4xx_hal_cortex.o(i.__NVIC_SetPriority)
    i.__scatterload_copy                     0x08004eb0   Section       14  handlers.o(i.__scatterload_copy)
    i.__scatterload_null                     0x08004ebe   Section        2  handlers.o(i.__scatterload_null)
    i.__scatterload_zeroinit                 0x08004ec0   Section       14  handlers.o(i.__scatterload_zeroinit)
    i._fp_digits                             0x08004ed0   Section        0  printfa.o(i._fp_digits)
    _fp_digits                               0x08004ed1   Thumb Code   366  printfa.o(i._fp_digits)
    i._printf_core                           0x08005054   Section        0  printfa.o(i._printf_core)
    _printf_core                             0x08005055   Thumb Code  1744  printfa.o(i._printf_core)
    i._printf_post_padding                   0x08005730   Section        0  printfa.o(i._printf_post_padding)
    _printf_post_padding                     0x08005731   Thumb Code    36  printfa.o(i._printf_post_padding)
    i._printf_pre_padding                    0x08005754   Section        0  printfa.o(i._printf_pre_padding)
    _printf_pre_padding                      0x08005755   Thumb Code    46  printfa.o(i._printf_pre_padding)
    i.applyControlOutput                     0x08005784   Section        0  motor.o(i.applyControlOutput)
    i.fputc                                  0x080058c0   Section        0  usart.o(i.fputc)
    i.main                                   0x080058dc   Section        0  main.o(i.main)
    i.printfSpeed                            0x08005944   Section        0  motor.o(i.printfSpeed)
    i.prvResetNextTaskUnblockTime            0x080059e8   Section        0  tasks.o(i.prvResetNextTaskUnblockTime)
    prvResetNextTaskUnblockTime              0x080059e9   Thumb Code    40  tasks.o(i.prvResetNextTaskUnblockTime)
    i.vTaskSwitchContext                     0x08005a18   Section        0  tasks.o(i.vTaskSwitchContext)
    i.xTaskIncrementTick                     0x08005aac   Section        0  tasks.o(i.xTaskIncrementTick)
    .constdata                               0x08005c78   Section        8  stm32f4xx_hal_dma.o(.constdata)
    flagBitshiftOffset                       0x08005c78   Data           8  stm32f4xx_hal_dma.o(.constdata)
    .constdata                               0x08005c80   Section       24  system_stm32f4xx.o(.constdata)
    .data                                    0x20000000   Section       80  motor.o(.data)
    .data                                    0x20000050   Section        8  crc.o(.data)
    .data                                    0x20000058   Section        9  stm32f4xx_hal.o(.data)
    .data                                    0x20000064   Section        4  system_stm32f4xx.o(.data)
    .data                                    0x20000068   Section       64  tasks.o(.data)
    pxDelayedTaskList                        0x2000006c   Data           4  tasks.o(.data)
    pxOverflowDelayedTaskList                0x20000070   Data           4  tasks.o(.data)
    uxDeletedTasksWaitingCleanUp             0x20000074   Data           4  tasks.o(.data)
    uxCurrentNumberOfTasks                   0x20000078   Data           4  tasks.o(.data)
    xTickCount                               0x2000007c   Data           4  tasks.o(.data)
    uxTopReadyPriority                       0x20000080   Data           4  tasks.o(.data)
    xSchedulerRunning                        0x20000084   Data           4  tasks.o(.data)
    xPendedTicks                             0x20000088   Data           4  tasks.o(.data)
    xYieldPendings                           0x2000008c   Data           4  tasks.o(.data)
    xNumOfOverflows                          0x20000090   Data           4  tasks.o(.data)
    uxTaskNumber                             0x20000094   Data           4  tasks.o(.data)
    xNextTaskUnblockTime                     0x20000098   Data           4  tasks.o(.data)
    xIdleTaskHandles                         0x2000009c   Data           4  tasks.o(.data)
    uxTopUsedPriority                        0x200000a0   Data           4  tasks.o(.data)
    uxSchedulerSuspended                     0x200000a4   Data           4  tasks.o(.data)
    .data                                    0x200000a8   Section        4  stdout.o(.data)
    .bss                                     0x200000ac   Section       72  adc.o(.bss)
    .bss                                     0x200000f4   Section       40  can.o(.bss)
    .bss                                     0x2000011c   Section      160  dcmi.o(.bss)
    .bss                                     0x200001bc   Section       12  iwdg.o(.bss)
    .bss                                     0x200001c8   Section      864  tim.o(.bss)
    .bss                                     0x20000528   Section      136  usart.o(.bss)
    .bss                                     0x200005b0   Section       72  stm32f4xx_hal_timebase_tim.o(.bss)
    .bss                                     0x200005f8   Section      200  tasks.o(.bss)
    pxReadyTasksLists                        0x200005f8   Data         100  tasks.o(.bss)
    xDelayedTaskList1                        0x2000065c   Data          20  tasks.o(.bss)
    xDelayedTaskList2                        0x20000670   Data          20  tasks.o(.bss)
    xPendingReadyList                        0x20000684   Data          20  tasks.o(.bss)
    xTasksWaitingTermination                 0x20000698   Data          20  tasks.o(.bss)
    xSuspendedTaskList                       0x200006ac   Data          20  tasks.o(.bss)
    STACK                                    0x200006c0   Section     1024  startup_stm32f407xx.o(STACK)

    Global Symbols

    Symbol Name                              Value     Ov Type        Size  Object(Section)

    BuildAttributes$$THM_ISAv4$E$P$D$K$B$S$7EM$VFPi3$EXTD16$VFPS$VFMA$PE$A:L22UL41UL21$X:L11$S22US41US21$IEEE1$IW$USESV6$~STKCKD$USESV7$~SHL$OTIME$ROPI$EBA8$MICROLIB$REQ8$PRES8$EABIv2 0x00000000   Number         0  anon$$obj.o ABSOLUTE
    __ARM_use_no_argv                        0x00000000   Number         0  main.o ABSOLUTE
    _printf_a                                0x00000000   Number         0  stubs.o ABSOLUTE
    _printf_c                                0x00000000   Number         0  stubs.o ABSOLUTE
    _printf_charcount                        0x00000000   Number         0  stubs.o ABSOLUTE
    _printf_d                                0x00000000   Number         0  stubs.o ABSOLUTE
    _printf_e                                0x00000000   Number         0  stubs.o ABSOLUTE
    _printf_f                                0x00000000   Number         0  stubs.o ABSOLUTE
    _printf_flags                            0x00000000   Number         0  stubs.o ABSOLUTE
    _printf_fp_dec                           0x00000000   Number         0  stubs.o ABSOLUTE
    _printf_fp_hex                           0x00000000   Number         0  stubs.o ABSOLUTE
    _printf_g                                0x00000000   Number         0  stubs.o ABSOLUTE
    _printf_i                                0x00000000   Number         0  stubs.o ABSOLUTE
    _printf_int_dec                          0x00000000   Number         0  stubs.o ABSOLUTE
    _printf_l                                0x00000000   Number         0  stubs.o ABSOLUTE
    _printf_lc                               0x00000000   Number         0  stubs.o ABSOLUTE
    _printf_ll                               0x00000000   Number         0  stubs.o ABSOLUTE
    _printf_lld                              0x00000000   Number         0  stubs.o ABSOLUTE
    _printf_lli                              0x00000000   Number         0  stubs.o ABSOLUTE
    _printf_llo                              0x00000000   Number         0  stubs.o ABSOLUTE
    _printf_llu                              0x00000000   Number         0  stubs.o ABSOLUTE
    _printf_llx                              0x00000000   Number         0  stubs.o ABSOLUTE
    _printf_longlong_dec                     0x00000000   Number         0  stubs.o ABSOLUTE
    _printf_longlong_hex                     0x00000000   Number         0  stubs.o ABSOLUTE
    _printf_longlong_oct                     0x00000000   Number         0  stubs.o ABSOLUTE
    _printf_ls                               0x00000000   Number         0  stubs.o ABSOLUTE
    _printf_mbtowc                           0x00000000   Number         0  stubs.o ABSOLUTE
    _printf_n                                0x00000000   Number         0  stubs.o ABSOLUTE
    _printf_o                                0x00000000   Number         0  stubs.o ABSOLUTE
    _printf_p                                0x00000000   Number         0  stubs.o ABSOLUTE
    _printf_percent                          0x00000000   Number         0  stubs.o ABSOLUTE
    _printf_pre_padding                      0x00000000   Number         0  stubs.o ABSOLUTE
    _printf_return_value                     0x00000000   Number         0  stubs.o ABSOLUTE
    _printf_s                                0x00000000   Number         0  stubs.o ABSOLUTE
    _printf_sizespec                         0x00000000   Number         0  stubs.o ABSOLUTE
    _printf_str                              0x00000000   Number         0  stubs.o ABSOLUTE
    _printf_truncate_signed                  0x00000000   Number         0  stubs.o ABSOLUTE
    _printf_truncate_unsigned                0x00000000   Number         0  stubs.o ABSOLUTE
    _printf_u                                0x00000000   Number         0  stubs.o ABSOLUTE
    _printf_wc                               0x00000000   Number         0  stubs.o ABSOLUTE
    _printf_wctomb                           0x00000000   Number         0  stubs.o ABSOLUTE
    _printf_widthprec                        0x00000000   Number         0  stubs.o ABSOLUTE
    _printf_x                                0x00000000   Number         0  stubs.o ABSOLUTE
    __cpp_initialize__aeabi_                  - Undefined Weak Reference
    __cxa_finalize                            - Undefined Weak Reference
    __decompress                              - Undefined Weak Reference
    _clock_init                               - Undefined Weak Reference
    _microlib_exit                            - Undefined Weak Reference
    __Vectors_Size                           0x00000188   Number         0  startup_stm32f407xx.o ABSOLUTE
    __Vectors                                0x08000000   Data           4  startup_stm32f407xx.o(RESET)
    __Vectors_End                            0x08000188   Data           0  startup_stm32f407xx.o(RESET)
    __main                                   0x08000189   Thumb Code     0  entry.o(.ARM.Collect$$$$00000000)
    _main_stk                                0x08000189   Thumb Code     0  entry2.o(.ARM.Collect$$$$00000001)
    _main_scatterload                        0x0800018d   Thumb Code     0  entry5.o(.ARM.Collect$$$$00000004)
    __main_after_scatterload                 0x08000191   Thumb Code     0  entry5.o(.ARM.Collect$$$$00000004)
    _main_clock                              0x08000191   Thumb Code     0  entry7b.o(.ARM.Collect$$$$00000008)
    _main_cpp_init                           0x08000191   Thumb Code     0  entry8b.o(.ARM.Collect$$$$0000000A)
    _main_init                               0x08000191   Thumb Code     0  entry9a.o(.ARM.Collect$$$$0000000B)
    __rt_final_cpp                           0x08000199   Thumb Code     0  entry10a.o(.ARM.Collect$$$$0000000D)
    __rt_final_exit                          0x08000199   Thumb Code     0  entry11a.o(.ARM.Collect$$$$0000000F)
    SVC_Handler                              0x0800019d   Thumb Code    28  port.o(.emb_text)
    __asm___6_port_c_39a90d8d__prvStartFirstTask 0x080001bd   Thumb Code    36  port.o(.emb_text)
    __asm___6_port_c_39a90d8d__prvEnableVFP  0x080001e5   Thumb Code    16  port.o(.emb_text)
    PendSV_Handler                           0x080001f9   Thumb Code    88  port.o(.emb_text)
    vPortGetIPSR                             0x08000255   Thumb Code     6  port.o(.emb_text)
    Reset_Handler                            0x0800025d   Thumb Code     8  startup_stm32f407xx.o(.text)
    ADC_IRQHandler                           0x08000277   Thumb Code     0  startup_stm32f407xx.o(.text)
    CAN1_RX0_IRQHandler                      0x08000277   Thumb Code     0  startup_stm32f407xx.o(.text)
    CAN1_RX1_IRQHandler                      0x08000277   Thumb Code     0  startup_stm32f407xx.o(.text)
    CAN1_SCE_IRQHandler                      0x08000277   Thumb Code     0  startup_stm32f407xx.o(.text)
    CAN1_TX_IRQHandler                       0x08000277   Thumb Code     0  startup_stm32f407xx.o(.text)
    CAN2_RX0_IRQHandler                      0x08000277   Thumb Code     0  startup_stm32f407xx.o(.text)
    CAN2_RX1_IRQHandler                      0x08000277   Thumb Code     0  startup_stm32f407xx.o(.text)
    CAN2_SCE_IRQHandler                      0x08000277   Thumb Code     0  startup_stm32f407xx.o(.text)
    CAN2_TX_IRQHandler                       0x08000277   Thumb Code     0  startup_stm32f407xx.o(.text)
    DMA1_Stream0_IRQHandler                  0x08000277   Thumb Code     0  startup_stm32f407xx.o(.text)
    DMA1_Stream1_IRQHandler                  0x08000277   Thumb Code     0  startup_stm32f407xx.o(.text)
    DMA1_Stream2_IRQHandler                  0x08000277   Thumb Code     0  startup_stm32f407xx.o(.text)
    DMA1_Stream3_IRQHandler                  0x08000277   Thumb Code     0  startup_stm32f407xx.o(.text)
    DMA1_Stream4_IRQHandler                  0x08000277   Thumb Code     0  startup_stm32f407xx.o(.text)
    DMA1_Stream5_IRQHandler                  0x08000277   Thumb Code     0  startup_stm32f407xx.o(.text)
    DMA1_Stream6_IRQHandler                  0x08000277   Thumb Code     0  startup_stm32f407xx.o(.text)
    DMA1_Stream7_IRQHandler                  0x08000277   Thumb Code     0  startup_stm32f407xx.o(.text)
    DMA2_Stream0_IRQHandler                  0x08000277   Thumb Code     0  startup_stm32f407xx.o(.text)
    DMA2_Stream2_IRQHandler                  0x08000277   Thumb Code     0  startup_stm32f407xx.o(.text)
    DMA2_Stream3_IRQHandler                  0x08000277   Thumb Code     0  startup_stm32f407xx.o(.text)
    DMA2_Stream4_IRQHandler                  0x08000277   Thumb Code     0  startup_stm32f407xx.o(.text)
    DMA2_Stream5_IRQHandler                  0x08000277   Thumb Code     0  startup_stm32f407xx.o(.text)
    DMA2_Stream6_IRQHandler                  0x08000277   Thumb Code     0  startup_stm32f407xx.o(.text)
    DMA2_Stream7_IRQHandler                  0x08000277   Thumb Code     0  startup_stm32f407xx.o(.text)
    ETH_IRQHandler                           0x08000277   Thumb Code     0  startup_stm32f407xx.o(.text)
    ETH_WKUP_IRQHandler                      0x08000277   Thumb Code     0  startup_stm32f407xx.o(.text)
    EXTI0_IRQHandler                         0x08000277   Thumb Code     0  startup_stm32f407xx.o(.text)
    EXTI15_10_IRQHandler                     0x08000277   Thumb Code     0  startup_stm32f407xx.o(.text)
    EXTI1_IRQHandler                         0x08000277   Thumb Code     0  startup_stm32f407xx.o(.text)
    EXTI2_IRQHandler                         0x08000277   Thumb Code     0  startup_stm32f407xx.o(.text)
    EXTI3_IRQHandler                         0x08000277   Thumb Code     0  startup_stm32f407xx.o(.text)
    EXTI4_IRQHandler                         0x08000277   Thumb Code     0  startup_stm32f407xx.o(.text)
    EXTI9_5_IRQHandler                       0x08000277   Thumb Code     0  startup_stm32f407xx.o(.text)
    FLASH_IRQHandler                         0x08000277   Thumb Code     0  startup_stm32f407xx.o(.text)
    FMC_IRQHandler                           0x08000277   Thumb Code     0  startup_stm32f407xx.o(.text)
    FPU_IRQHandler                           0x08000277   Thumb Code     0  startup_stm32f407xx.o(.text)
    HASH_RNG_IRQHandler                      0x08000277   Thumb Code     0  startup_stm32f407xx.o(.text)
    I2C1_ER_IRQHandler                       0x08000277   Thumb Code     0  startup_stm32f407xx.o(.text)
    I2C1_EV_IRQHandler                       0x08000277   Thumb Code     0  startup_stm32f407xx.o(.text)
    I2C2_ER_IRQHandler                       0x08000277   Thumb Code     0  startup_stm32f407xx.o(.text)
    I2C2_EV_IRQHandler                       0x08000277   Thumb Code     0  startup_stm32f407xx.o(.text)
    I2C3_ER_IRQHandler                       0x08000277   Thumb Code     0  startup_stm32f407xx.o(.text)
    I2C3_EV_IRQHandler                       0x08000277   Thumb Code     0  startup_stm32f407xx.o(.text)
    OTG_FS_IRQHandler                        0x08000277   Thumb Code     0  startup_stm32f407xx.o(.text)
    OTG_FS_WKUP_IRQHandler                   0x08000277   Thumb Code     0  startup_stm32f407xx.o(.text)
    OTG_HS_EP1_IN_IRQHandler                 0x08000277   Thumb Code     0  startup_stm32f407xx.o(.text)
    OTG_HS_EP1_OUT_IRQHandler                0x08000277   Thumb Code     0  startup_stm32f407xx.o(.text)
    OTG_HS_IRQHandler                        0x08000277   Thumb Code     0  startup_stm32f407xx.o(.text)
    OTG_HS_WKUP_IRQHandler                   0x08000277   Thumb Code     0  startup_stm32f407xx.o(.text)
    PVD_IRQHandler                           0x08000277   Thumb Code     0  startup_stm32f407xx.o(.text)
    RCC_IRQHandler                           0x08000277   Thumb Code     0  startup_stm32f407xx.o(.text)
    RTC_Alarm_IRQHandler                     0x08000277   Thumb Code     0  startup_stm32f407xx.o(.text)
    RTC_WKUP_IRQHandler                      0x08000277   Thumb Code     0  startup_stm32f407xx.o(.text)
    SDIO_IRQHandler                          0x08000277   Thumb Code     0  startup_stm32f407xx.o(.text)
    SPI1_IRQHandler                          0x08000277   Thumb Code     0  startup_stm32f407xx.o(.text)
    SPI2_IRQHandler                          0x08000277   Thumb Code     0  startup_stm32f407xx.o(.text)
    SPI3_IRQHandler                          0x08000277   Thumb Code     0  startup_stm32f407xx.o(.text)
    TAMP_STAMP_IRQHandler                    0x08000277   Thumb Code     0  startup_stm32f407xx.o(.text)
    TIM1_BRK_TIM9_IRQHandler                 0x08000277   Thumb Code     0  startup_stm32f407xx.o(.text)
    TIM1_CC_IRQHandler                       0x08000277   Thumb Code     0  startup_stm32f407xx.o(.text)
    TIM1_TRG_COM_TIM11_IRQHandler            0x08000277   Thumb Code     0  startup_stm32f407xx.o(.text)
    TIM1_UP_TIM10_IRQHandler                 0x08000277   Thumb Code     0  startup_stm32f407xx.o(.text)
    TIM2_IRQHandler                          0x08000277   Thumb Code     0  startup_stm32f407xx.o(.text)
    TIM5_IRQHandler                          0x08000277   Thumb Code     0  startup_stm32f407xx.o(.text)
    TIM8_CC_IRQHandler                       0x08000277   Thumb Code     0  startup_stm32f407xx.o(.text)
    TIM8_TRG_COM_TIM14_IRQHandler            0x08000277   Thumb Code     0  startup_stm32f407xx.o(.text)
    TIM8_UP_TIM13_IRQHandler                 0x08000277   Thumb Code     0  startup_stm32f407xx.o(.text)
    UART4_IRQHandler                         0x08000277   Thumb Code     0  startup_stm32f407xx.o(.text)
    UART5_IRQHandler                         0x08000277   Thumb Code     0  startup_stm32f407xx.o(.text)
    USART2_IRQHandler                        0x08000277   Thumb Code     0  startup_stm32f407xx.o(.text)
    USART3_IRQHandler                        0x08000277   Thumb Code     0  startup_stm32f407xx.o(.text)
    USART6_IRQHandler                        0x08000277   Thumb Code     0  startup_stm32f407xx.o(.text)
    WWDG_IRQHandler                          0x08000277   Thumb Code     0  startup_stm32f407xx.o(.text)
    __aeabi_uldivmod                         0x08000281   Thumb Code    98  uldiv.o(.text)
    __aeabi_memset                           0x080002e3   Thumb Code    14  memseta.o(.text)
    __aeabi_memset4                          0x080002e3   Thumb Code     0  memseta.o(.text)
    __aeabi_memset8                          0x080002e3   Thumb Code     0  memseta.o(.text)
    __aeabi_memclr                           0x080002f1   Thumb Code     4  memseta.o(.text)
    __aeabi_memclr4                          0x080002f1   Thumb Code     0  memseta.o(.text)
    __aeabi_memclr8                          0x080002f1   Thumb Code     0  memseta.o(.text)
    memset                                   0x080002f5   Thumb Code    18  memseta.o(.text)
    __aeabi_dmul                             0x08000307   Thumb Code   228  dmul.o(.text)
    __aeabi_ddiv                             0x080003eb   Thumb Code   222  ddiv.o(.text)
    __aeabi_i2d                              0x080004c9   Thumb Code    34  dflti.o(.text)
    __aeabi_f2d                              0x080004eb   Thumb Code    38  f2d.o(.text)
    __aeabi_d2f                              0x08000511   Thumb Code    56  d2f.o(.text)
    __aeabi_uidiv                            0x08000549   Thumb Code     0  uidiv.o(.text)
    __aeabi_uidivmod                         0x08000549   Thumb Code    44  uidiv.o(.text)
    __aeabi_llsl                             0x08000575   Thumb Code    30  llshl.o(.text)
    _ll_shift_l                              0x08000575   Thumb Code     0  llshl.o(.text)
    __aeabi_llsr                             0x08000593   Thumb Code    32  llushr.o(.text)
    _ll_ushift_r                             0x08000593   Thumb Code     0  llushr.o(.text)
    __I$use$fp                               0x080005b3   Thumb Code     0  iusefp.o(.text)
    _float_round                             0x080005b3   Thumb Code    18  fepilogue.o(.text)
    _float_epilogue                          0x080005c5   Thumb Code    92  fepilogue.o(.text)
    _double_round                            0x08000621   Thumb Code    30  depilogue.o(.text)
    _double_epilogue                         0x0800063f   Thumb Code   156  depilogue.o(.text)
    __aeabi_dadd                             0x080006db   Thumb Code   322  dadd.o(.text)
    __aeabi_dsub                             0x0800081d   Thumb Code     6  dadd.o(.text)
    __aeabi_drsub                            0x08000823   Thumb Code     6  dadd.o(.text)
    __aeabi_d2ulz                            0x08000829   Thumb Code    48  dfixul.o(.text)
    __aeabi_cdrcmple                         0x08000859   Thumb Code    48  cdrcmple.o(.text)
    __scatterload                            0x08000889   Thumb Code    28  init.o(.text)
    __scatterload_rt2                        0x08000889   Thumb Code     0  init.o(.text)
    __aeabi_lasr                             0x080008ad   Thumb Code    36  llsshr.o(.text)
    _ll_sshift_r                             0x080008ad   Thumb Code     0  llsshr.o(.text)
    BusFault_Handler                         0x08000a31   Thumb Code     4  stm32f4xx_it.o(i.BusFault_Handler)
    DCMI_IRQHandler                          0x08000a51   Thumb Code    10  stm32f4xx_it.o(i.DCMI_IRQHandler)
    DMA2_Stream1_IRQHandler                  0x08000a61   Thumb Code    10  stm32f4xx_it.o(i.DMA2_Stream1_IRQHandler)
    DebugMon_Handler                         0x08000b4f   Thumb Code     2  stm32f4xx_it.o(i.DebugMon_Handler)
    Error_Handler                            0x08000b51   Thumb Code     6  main.o(i.Error_Handler)
    HAL_ADC_ConfigChannel                    0x08000b59   Thumb Code   380  stm32f4xx_hal_adc.o(i.HAL_ADC_ConfigChannel)
    HAL_ADC_Init                             0x08000ce5   Thumb Code   100  stm32f4xx_hal_adc.o(i.HAL_ADC_Init)
    HAL_ADC_MspInit                          0x08000d4d   Thumb Code   114  adc.o(i.HAL_ADC_MspInit)
    HAL_CAN_Init                             0x08000dcd   Thumb Code   372  stm32f4xx_hal_can.o(i.HAL_CAN_Init)
    HAL_CAN_MspInit                          0x08000f41   Thumb Code   124  can.o(i.HAL_CAN_MspInit)
    HAL_CRC_Init                             0x08000fc9   Thumb Code    32  stm32f4xx_hal_crc.o(i.HAL_CRC_Init)
    HAL_CRC_MspInit                          0x08000fe9   Thumb Code    44  crc.o(i.HAL_CRC_MspInit)
    HAL_DCMI_ErrorCallback                   0x0800101d   Thumb Code     2  stm32f4xx_hal_dcmi.o(i.HAL_DCMI_ErrorCallback)
    HAL_DCMI_FrameEventCallback              0x0800101f   Thumb Code     2  stm32f4xx_hal_dcmi.o(i.HAL_DCMI_FrameEventCallback)
    HAL_DCMI_IRQHandler                      0x08001021   Thumb Code   170  stm32f4xx_hal_dcmi.o(i.HAL_DCMI_IRQHandler)
    HAL_DCMI_Init                            0x080010d1   Thumb Code   146  stm32f4xx_hal_dcmi_ex.o(i.HAL_DCMI_Init)
    HAL_DCMI_LineEventCallback               0x08001163   Thumb Code     2  stm32f4xx_hal_dcmi.o(i.HAL_DCMI_LineEventCallback)
    HAL_DCMI_MspInit                         0x08001165   Thumb Code   382  dcmi.o(i.HAL_DCMI_MspInit)
    HAL_DCMI_VsyncEventCallback              0x08001305   Thumb Code     2  stm32f4xx_hal_dcmi.o(i.HAL_DCMI_VsyncEventCallback)
    HAL_DMA_Abort                            0x08001307   Thumb Code   172  stm32f4xx_hal_dma.o(i.HAL_DMA_Abort)
    HAL_DMA_Abort_IT                         0x080013b3   Thumb Code    40  stm32f4xx_hal_dma.o(i.HAL_DMA_Abort_IT)
    HAL_DMA_IRQHandler                       0x080013dd   Thumb Code   570  stm32f4xx_hal_dma.o(i.HAL_DMA_IRQHandler)
    HAL_DMA_Init                             0x0800161d   Thumb Code   232  stm32f4xx_hal_dma.o(i.HAL_DMA_Init)
    HAL_Delay                                0x08001709   Thumb Code    36  stm32f4xx_hal.o(i.HAL_Delay)
    HAL_GPIO_Init                            0x08001731   Thumb Code   454  stm32f4xx_hal_gpio.o(i.HAL_GPIO_Init)
    HAL_GPIO_WritePin                        0x08001925   Thumb Code    12  stm32f4xx_hal_gpio.o(i.HAL_GPIO_WritePin)
    HAL_GetTick                              0x08001931   Thumb Code     6  stm32f4xx_hal.o(i.HAL_GetTick)
    HAL_IWDG_Init                            0x0800193d   Thumb Code    94  stm32f4xx_hal_iwdg.o(i.HAL_IWDG_Init)
    HAL_IncTick                              0x0800199d   Thumb Code    16  stm32f4xx_hal.o(i.HAL_IncTick)
    HAL_Init                                 0x080019b5   Thumb Code    54  stm32f4xx_hal.o(i.HAL_Init)
    HAL_InitTick                             0x080019f1   Thumb Code   160  stm32f4xx_hal_timebase_tim.o(i.HAL_InitTick)
    HAL_MspInit                              0x08001aa5   Thumb Code    68  stm32f4xx_hal_msp.o(i.HAL_MspInit)
    HAL_NVIC_EnableIRQ                       0x08001aed   Thumb Code    32  stm32f4xx_hal_cortex.o(i.HAL_NVIC_EnableIRQ)
    HAL_NVIC_SetPriority                     0x08001b0d   Thumb Code   124  stm32f4xx_hal_cortex.o(i.HAL_NVIC_SetPriority)
    HAL_NVIC_SetPriorityGrouping             0x08001b89   Thumb Code    32  stm32f4xx_hal_cortex.o(i.HAL_NVIC_SetPriorityGrouping)
    HAL_RCC_ClockConfig                      0x08001bb1   Thumb Code   368  stm32f4xx_hal_rcc.o(i.HAL_RCC_ClockConfig)
    HAL_RCC_GetClockConfig                   0x08001d35   Thumb Code    58  stm32f4xx_hal_rcc.o(i.HAL_RCC_GetClockConfig)
    HAL_RCC_GetHCLKFreq                      0x08001d79   Thumb Code     6  stm32f4xx_hal_rcc.o(i.HAL_RCC_GetHCLKFreq)
    HAL_RCC_GetPCLK1Freq                     0x08001d85   Thumb Code    22  stm32f4xx_hal_rcc.o(i.HAL_RCC_GetPCLK1Freq)
    HAL_RCC_GetPCLK2Freq                     0x08001da5   Thumb Code    22  stm32f4xx_hal_rcc.o(i.HAL_RCC_GetPCLK2Freq)
    HAL_RCC_GetSysClockFreq                  0x08001dc5   Thumb Code   162  stm32f4xx_hal_rcc.o(i.HAL_RCC_GetSysClockFreq)
    HAL_RCC_OscConfig                        0x08001e75   Thumb Code  1172  stm32f4xx_hal_rcc.o(i.HAL_RCC_OscConfig)
    HAL_TIMEx_BreakCallback                  0x08002311   Thumb Code     2  stm32f4xx_hal_tim_ex.o(i.HAL_TIMEx_BreakCallback)
    HAL_TIMEx_CommutCallback                 0x08002313   Thumb Code     2  stm32f4xx_hal_tim_ex.o(i.HAL_TIMEx_CommutCallback)
    HAL_TIMEx_ConfigBreakDeadTime            0x08002315   Thumb Code   116  stm32f4xx_hal_tim_ex.o(i.HAL_TIMEx_ConfigBreakDeadTime)
    HAL_TIMEx_MasterConfigSynchronization    0x08002389   Thumb Code   150  stm32f4xx_hal_tim_ex.o(i.HAL_TIMEx_MasterConfigSynchronization)
    HAL_TIM_Base_Init                        0x0800243d   Thumb Code   102  stm32f4xx_hal_tim.o(i.HAL_TIM_Base_Init)
    HAL_TIM_Base_MspInit                     0x080024a5   Thumb Code   352  tim.o(i.HAL_TIM_Base_MspInit)
    HAL_TIM_Base_Start                       0x08002625   Thumb Code   126  stm32f4xx_hal_tim.o(i.HAL_TIM_Base_Start)
    HAL_TIM_Base_Start_IT                    0x080026c1   Thumb Code   138  stm32f4xx_hal_tim.o(i.HAL_TIM_Base_Start_IT)
    HAL_TIM_ConfigClockSource                0x08002769   Thumb Code   268  stm32f4xx_hal_tim.o(i.HAL_TIM_ConfigClockSource)
    HAL_TIM_Encoder_Init                     0x08002875   Thumb Code   200  stm32f4xx_hal_tim.o(i.HAL_TIM_Encoder_Init)
    HAL_TIM_Encoder_MspInit                  0x0800293d   Thumb Code   538  tim.o(i.HAL_TIM_Encoder_MspInit)
    HAL_TIM_Encoder_Start                    0x08002b79   Thumb Code   204  stm32f4xx_hal_tim.o(i.HAL_TIM_Encoder_Start)
    HAL_TIM_IC_CaptureCallback               0x08002c45   Thumb Code     2  stm32f4xx_hal_tim.o(i.HAL_TIM_IC_CaptureCallback)
    HAL_TIM_IRQHandler                       0x08002c47   Thumb Code   406  stm32f4xx_hal_tim.o(i.HAL_TIM_IRQHandler)
    HAL_TIM_MspPostInit                      0x08002ddd   Thumb Code   426  tim.o(i.HAL_TIM_MspPostInit)
    HAL_TIM_OC_DelayElapsedCallback          0x08002fb1   Thumb Code     2  stm32f4xx_hal_tim.o(i.HAL_TIM_OC_DelayElapsedCallback)
    HAL_TIM_PWM_ConfigChannel                0x08002fb3   Thumb Code   260  stm32f4xx_hal_tim.o(i.HAL_TIM_PWM_ConfigChannel)
    HAL_TIM_PWM_Init                         0x080030b7   Thumb Code   102  stm32f4xx_hal_tim.o(i.HAL_TIM_PWM_Init)
    HAL_TIM_PWM_MspInit                      0x0800311d   Thumb Code    44  tim.o(i.HAL_TIM_PWM_MspInit)
    HAL_TIM_PWM_PulseFinishedCallback        0x08003151   Thumb Code     2  stm32f4xx_hal_tim.o(i.HAL_TIM_PWM_PulseFinishedCallback)
    HAL_TIM_PWM_Start                        0x08003155   Thumb Code   238  stm32f4xx_hal_tim.o(i.HAL_TIM_PWM_Start)
    HAL_TIM_PeriodElapsedCallback            0x08003261   Thumb Code    38  main.o(i.HAL_TIM_PeriodElapsedCallback)
    HAL_TIM_TriggerCallback                  0x08003295   Thumb Code     2  stm32f4xx_hal_tim.o(i.HAL_TIM_TriggerCallback)
    HAL_UARTEx_RxEventCallback               0x08003297   Thumb Code     2  stm32f4xx_hal_uart.o(i.HAL_UARTEx_RxEventCallback)
    HAL_UART_ErrorCallback                   0x08003299   Thumb Code     2  stm32f4xx_hal_uart.o(i.HAL_UART_ErrorCallback)
    HAL_UART_IRQHandler                      0x0800329d   Thumb Code   732  stm32f4xx_hal_uart.o(i.HAL_UART_IRQHandler)
    HAL_UART_Init                            0x0800357d   Thumb Code   114  stm32f4xx_hal_uart.o(i.HAL_UART_Init)
    HAL_UART_MspInit                         0x080035f1   Thumb Code   252  usart.o(i.HAL_UART_MspInit)
    HAL_UART_RxCpltCallback                  0x08003701   Thumb Code     2  stm32f4xx_hal_uart.o(i.HAL_UART_RxCpltCallback)
    HAL_UART_Transmit                        0x08003703   Thumb Code   210  stm32f4xx_hal_uart.o(i.HAL_UART_Transmit)
    HAL_UART_TxCpltCallback                  0x080037d5   Thumb Code     2  stm32f4xx_hal_uart.o(i.HAL_UART_TxCpltCallback)
    HardFault_Handler                        0x080037d7   Thumb Code     4  stm32f4xx_it.o(i.HardFault_Handler)
    MX_ADC1_Init                             0x080037dd   Thumb Code   100  adc.o(i.MX_ADC1_Init)
    MX_CAN1_Init                             0x0800384d   Thumb Code    58  can.o(i.MX_CAN1_Init)
    MX_CRC_Init                              0x08003891   Thumb Code    22  crc.o(i.MX_CRC_Init)
    MX_DCMI_Init                             0x080038b1   Thumb Code    42  dcmi.o(i.MX_DCMI_Init)
    MX_DMA_Init                              0x080038e5   Thumb Code    52  dma.o(i.MX_DMA_Init)
    MX_GPIO_Init                             0x0800391d   Thumb Code   438  gpio.o(i.MX_GPIO_Init)
    MX_IWDG_Init                             0x08003aed   Thumb Code    32  iwdg.o(i.MX_IWDG_Init)
    MX_TIM10_Init                            0x08003b15   Thumb Code   100  tim.o(i.MX_TIM10_Init)
    MX_TIM11_Init                            0x08003b81   Thumb Code   100  tim.o(i.MX_TIM11_Init)
    MX_TIM13_Init                            0x08003bed   Thumb Code   100  tim.o(i.MX_TIM13_Init)
    MX_TIM14_Init                            0x08003c59   Thumb Code   100  tim.o(i.MX_TIM14_Init)
    MX_TIM1_Init                             0x08003cc5   Thumb Code   118  tim.o(i.MX_TIM1_Init)
    MX_TIM2_Init                             0x08003d45   Thumb Code   118  tim.o(i.MX_TIM2_Init)
    MX_TIM3_Init                             0x08003dc1   Thumb Code   116  tim.o(i.MX_TIM3_Init)
    MX_TIM4_Init                             0x08003e3d   Thumb Code   116  tim.o(i.MX_TIM4_Init)
    MX_TIM5_Init                             0x08003eb9   Thumb Code   146  tim.o(i.MX_TIM5_Init)
    MX_TIM6_Init                             0x08003f55   Thumb Code    68  tim.o(i.MX_TIM6_Init)
    MX_TIM7_Init                             0x08003fa1   Thumb Code    66  tim.o(i.MX_TIM7_Init)
    MX_TIM8_Init                             0x08003fed   Thumb Code   222  tim.o(i.MX_TIM8_Init)
    MX_USART1_UART_Init                      0x080040d5   Thumb Code    46  usart.o(i.MX_USART1_UART_Init)
    MX_USART3_UART_Init                      0x0800410d   Thumb Code    46  usart.o(i.MX_USART3_UART_Init)
    MemManage_Handler                        0x08004145   Thumb Code     4  stm32f4xx_it.o(i.MemManage_Handler)
    Motor_Init                               0x08004149   Thumb Code   178  motor.o(i.Motor_Init)
    NMI_Handler                              0x08004219   Thumb Code     4  stm32f4xx_it.o(i.NMI_Handler)
    PID_Calc                                 0x0800421d   Thumb Code   388  pid.o(i.PID_Calc)
    SpeedAndAngleUpdate                      0x080043a5   Thumb Code   304  motor.o(i.SpeedAndAngleUpdate)
    SysTick_Handler                          0x08004505   Thumb Code    46  port.o(i.SysTick_Handler)
    SystemClock_Config                       0x08004539   Thumb Code   178  main.o(i.SystemClock_Config)
    SystemInit                               0x080045f5   Thumb Code    14  system_stm32f4xx.o(i.SystemInit)
    TIM3_IRQHandler                          0x08004609   Thumb Code    10  stm32f4xx_it.o(i.TIM3_IRQHandler)
    TIM4_IRQHandler                          0x08004619   Thumb Code    10  stm32f4xx_it.o(i.TIM4_IRQHandler)
    TIM6_DAC_IRQHandler                      0x08004629   Thumb Code    10  stm32f4xx_it.o(i.TIM6_DAC_IRQHandler)
    TIM7_IRQHandler                          0x08004639   Thumb Code    10  stm32f4xx_it.o(i.TIM7_IRQHandler)
    TIM8_BRK_TIM12_IRQHandler                0x08004649   Thumb Code    16  stm32f4xx_it.o(i.TIM8_BRK_TIM12_IRQHandler)
    TIM_Base_SetConfig                       0x08004661   Thumb Code   170  stm32f4xx_hal_tim.o(i.TIM_Base_SetConfig)
    TIM_CCxChannelCmd                        0x08004739   Thumb Code    34  stm32f4xx_hal_tim.o(i.TIM_CCxChannelCmd)
    TIM_ETR_SetConfig                        0x0800475b   Thumb Code    22  stm32f4xx_hal_tim.o(i.TIM_ETR_SetConfig)
    TIM_OC2_SetConfig                        0x080047f5   Thumb Code   114  stm32f4xx_hal_tim.o(i.TIM_OC2_SetConfig)
    USART1_IRQHandler                        0x08004e45   Thumb Code    10  stm32f4xx_it.o(i.USART1_IRQHandler)
    UsageFault_Handler                       0x08004e55   Thumb Code     4  stm32f4xx_it.o(i.UsageFault_Handler)
    __0printf                                0x08004e59   Thumb Code    22  printfa.o(i.__0printf)
    __1printf                                0x08004e59   Thumb Code     0  printfa.o(i.__0printf)
    __2printf                                0x08004e59   Thumb Code     0  printfa.o(i.__0printf)
    __c89printf                              0x08004e59   Thumb Code     0  printfa.o(i.__0printf)
    printf                                   0x08004e59   Thumb Code     0  printfa.o(i.__0printf)
    __scatterload_copy                       0x08004eb1   Thumb Code    14  handlers.o(i.__scatterload_copy)
    __scatterload_null                       0x08004ebf   Thumb Code     2  handlers.o(i.__scatterload_null)
    __scatterload_zeroinit                   0x08004ec1   Thumb Code    14  handlers.o(i.__scatterload_zeroinit)
    applyControlOutput                       0x08005785   Thumb Code   282  motor.o(i.applyControlOutput)
    fputc                                    0x080058c1   Thumb Code    22  usart.o(i.fputc)
    main                                     0x080058dd   Thumb Code   104  main.o(i.main)
    printfSpeed                              0x08005945   Thumb Code   124  motor.o(i.printfSpeed)
    vTaskSwitchContext                       0x08005a19   Thumb Code   126  tasks.o(i.vTaskSwitchContext)
    xTaskIncrementTick                       0x08005aad   Thumb Code   414  tasks.o(i.xTaskIncrementTick)
    AHBPrescTable                            0x08005c80   Data          16  system_stm32f4xx.o(.constdata)
    APBPrescTable                            0x08005c90   Data           8  system_stm32f4xx.o(.constdata)
    Region$$Table$$Base                      0x08005c98   Number         0  anon$$obj.o(Region$$Table)
    Region$$Table$$Limit                     0x08005cb8   Number         0  anon$$obj.o(Region$$Table)
    Motor1                                   0x20000000   Data           4  motor.o(.data)
    Motor2                                   0x20000004   Data           4  motor.o(.data)
    Motor3                                   0x20000008   Data           4  motor.o(.data)
    Motor4                                   0x2000000c   Data           4  motor.o(.data)
    pid                                      0x20000010   Data          64  motor.o(.data)
    hcrc                                     0x20000050   Data           8  crc.o(.data)
    uwTick                                   0x20000058   Data           4  stm32f4xx_hal.o(.data)
    uwTickPrio                               0x2000005c   Data           4  stm32f4xx_hal.o(.data)
    uwTickFreq                               0x20000060   Data           1  stm32f4xx_hal.o(.data)
    SystemCoreClock                          0x20000064   Data           4  system_stm32f4xx.o(.data)
    pxCurrentTCB                             0x20000068   Data           4  tasks.o(.data)
    __stdout                                 0x200000a8   Data           4  stdout.o(.data)
    hadc1                                    0x200000ac   Data          72  adc.o(.bss)
    hcan1                                    0x200000f4   Data          40  can.o(.bss)
    hdcmi                                    0x2000011c   Data          64  dcmi.o(.bss)
    hdma_dcmi                                0x2000015c   Data          96  dcmi.o(.bss)
    hiwdg                                    0x200001bc   Data          12  iwdg.o(.bss)
    htim1                                    0x200001c8   Data          72  tim.o(.bss)
    htim2                                    0x20000210   Data          72  tim.o(.bss)
    htim3                                    0x20000258   Data          72  tim.o(.bss)
    htim4                                    0x200002a0   Data          72  tim.o(.bss)
    htim5                                    0x200002e8   Data          72  tim.o(.bss)
    htim6                                    0x20000330   Data          72  tim.o(.bss)
    htim7                                    0x20000378   Data          72  tim.o(.bss)
    htim8                                    0x200003c0   Data          72  tim.o(.bss)
    htim10                                   0x20000408   Data          72  tim.o(.bss)
    htim11                                   0x20000450   Data          72  tim.o(.bss)
    htim13                                   0x20000498   Data          72  tim.o(.bss)
    htim14                                   0x200004e0   Data          72  tim.o(.bss)
    huart1                                   0x20000528   Data          68  usart.o(.bss)
    huart3                                   0x2000056c   Data          68  usart.o(.bss)
    htim12                                   0x200005b0   Data          72  stm32f4xx_hal_timebase_tim.o(.bss)
    __initial_sp                             0x20000ac0   Data           0  startup_stm32f407xx.o(STACK)



==============================================================================

Memory Map of the image

  Image Entry point : 0x08000189

  Load Region LR_IROM1 (Base: 0x08000000, Size: 0x00005d64, Max: 0x00100000, ABSOLUTE)

    Execution Region ER_IROM1 (Exec base: 0x08000000, Load base: 0x08000000, Size: 0x00005cb8, Max: 0x00100000, ABSOLUTE)

    Exec Addr    Load Addr    Size         Type   Attr      Idx    E Section Name        Object

    0x08000000   0x08000000   0x00000188   Data   RO            3    RESET               startup_stm32f407xx.o
    0x08000188   0x08000188   0x00000000   Code   RO         5569  * .ARM.Collect$$$$00000000  mc_w.l(entry.o)
    0x08000188   0x08000188   0x00000004   Code   RO         5853    .ARM.Collect$$$$00000001  mc_w.l(entry2.o)
    0x0800018c   0x0800018c   0x00000004   Code   RO         5856    .ARM.Collect$$$$00000004  mc_w.l(entry5.o)
    0x08000190   0x08000190   0x00000000   Code   RO         5858    .ARM.Collect$$$$00000008  mc_w.l(entry7b.o)
    0x08000190   0x08000190   0x00000000   Code   RO         5860    .ARM.Collect$$$$0000000A  mc_w.l(entry8b.o)
    0x08000190   0x08000190   0x00000008   Code   RO         5861    .ARM.Collect$$$$0000000B  mc_w.l(entry9a.o)
    0x08000198   0x08000198   0x00000000   Code   RO         5863    .ARM.Collect$$$$0000000D  mc_w.l(entry10a.o)
    0x08000198   0x08000198   0x00000000   Code   RO         5865    .ARM.Collect$$$$0000000F  mc_w.l(entry11a.o)
    0x08000198   0x08000198   0x00000004   Code   RO         5854    .ARM.Collect$$$$00002712  mc_w.l(entry2.o)
    0x0800019c   0x0800019c   0x000000be   Code   RO         5431    .emb_text           port.o
    0x0800025a   0x0800025a   0x00000002   PAD
    0x0800025c   0x0800025c   0x00000024   Code   RO            4    .text               startup_stm32f407xx.o
    0x08000280   0x08000280   0x00000062   Code   RO         5572    .text               mc_w.l(uldiv.o)
    0x080002e2   0x080002e2   0x00000024   Code   RO         5578    .text               mc_w.l(memseta.o)
    0x08000306   0x08000306   0x000000e4   Code   RO         5843    .text               mf_w.l(dmul.o)
    0x080003ea   0x080003ea   0x000000de   Code   RO         5845    .text               mf_w.l(ddiv.o)
    0x080004c8   0x080004c8   0x00000022   Code   RO         5847    .text               mf_w.l(dflti.o)
    0x080004ea   0x080004ea   0x00000026   Code   RO         5849    .text               mf_w.l(f2d.o)
    0x08000510   0x08000510   0x00000038   Code   RO         5851    .text               mf_w.l(d2f.o)
    0x08000548   0x08000548   0x0000002c   Code   RO         5868    .text               mc_w.l(uidiv.o)
    0x08000574   0x08000574   0x0000001e   Code   RO         5870    .text               mc_w.l(llshl.o)
    0x08000592   0x08000592   0x00000020   Code   RO         5872    .text               mc_w.l(llushr.o)
    0x080005b2   0x080005b2   0x00000000   Code   RO         5874    .text               mc_w.l(iusefp.o)
    0x080005b2   0x080005b2   0x0000006e   Code   RO         5875    .text               mf_w.l(fepilogue.o)
    0x08000620   0x08000620   0x000000ba   Code   RO         5877    .text               mf_w.l(depilogue.o)
    0x080006da   0x080006da   0x0000014e   Code   RO         5879    .text               mf_w.l(dadd.o)
    0x08000828   0x08000828   0x00000030   Code   RO         5881    .text               mf_w.l(dfixul.o)
    0x08000858   0x08000858   0x00000030   Code   RO         5883    .text               mf_w.l(cdrcmple.o)
    0x08000888   0x08000888   0x00000024   Code   RO         5885    .text               mc_w.l(init.o)
    0x080008ac   0x080008ac   0x00000024   Code   RO         5887    .text               mc_w.l(llsshr.o)
    0x080008d0   0x080008d0   0x00000160   Code   RO          966    i.ADC_Init          stm32f4xx_hal_adc.o
    0x08000a30   0x08000a30   0x00000004   Code   RO          794    i.BusFault_Handler  stm32f4xx_it.o
    0x08000a34   0x08000a34   0x0000001c   Code   RO         2717    i.DCMI_DMAError     stm32f4xx_hal_dcmi.o
    0x08000a50   0x08000a50   0x00000010   Code   RO          795    i.DCMI_IRQHandler   stm32f4xx_it.o
    0x08000a60   0x08000a60   0x00000010   Code   RO          796    i.DMA2_Stream1_IRQHandler  stm32f4xx_it.o
    0x08000a70   0x08000a70   0x00000034   Code   RO         1745    i.DMA_CalcBaseAndBitshift  stm32f4xx_hal_dma.o
    0x08000aa4   0x08000aa4   0x000000aa   Code   RO         1746    i.DMA_CheckFifoParam  stm32f4xx_hal_dma.o
    0x08000b4e   0x08000b4e   0x00000002   Code   RO          797    i.DebugMon_Handler  stm32f4xx_it.o
    0x08000b50   0x08000b50   0x00000006   Code   RO          282    i.Error_Handler     main.o
    0x08000b56   0x08000b56   0x00000002   PAD
    0x08000b58   0x08000b58   0x0000018c   Code   RO          968    i.HAL_ADC_ConfigChannel  stm32f4xx_hal_adc.o
    0x08000ce4   0x08000ce4   0x00000068   Code   RO          977    i.HAL_ADC_Init      stm32f4xx_hal_adc.o
    0x08000d4c   0x08000d4c   0x00000080   Code   RO          375    i.HAL_ADC_MspInit   adc.o
    0x08000dcc   0x08000dcc   0x00000174   Code   RO         2437    i.HAL_CAN_Init      stm32f4xx_hal_can.o
    0x08000f40   0x08000f40   0x00000088   Code   RO          417    i.HAL_CAN_MspInit   can.o
    0x08000fc8   0x08000fc8   0x00000020   Code   RO         2661    i.HAL_CRC_Init      stm32f4xx_hal_crc.o
    0x08000fe8   0x08000fe8   0x00000034   Code   RO          459    i.HAL_CRC_MspInit   crc.o
    0x0800101c   0x0800101c   0x00000002   Code   RO         2724    i.HAL_DCMI_ErrorCallback  stm32f4xx_hal_dcmi.o
    0x0800101e   0x0800101e   0x00000002   Code   RO         2725    i.HAL_DCMI_FrameEventCallback  stm32f4xx_hal_dcmi.o
    0x08001020   0x08001020   0x000000b0   Code   RO         2728    i.HAL_DCMI_IRQHandler  stm32f4xx_hal_dcmi.o
    0x080010d0   0x080010d0   0x00000092   Code   RO         2859    i.HAL_DCMI_Init     stm32f4xx_hal_dcmi_ex.o
    0x08001162   0x08001162   0x00000002   Code   RO         2730    i.HAL_DCMI_LineEventCallback  stm32f4xx_hal_dcmi.o
    0x08001164   0x08001164   0x000001a0   Code   RO          501    i.HAL_DCMI_MspInit  dcmi.o
    0x08001304   0x08001304   0x00000002   Code   RO         2737    i.HAL_DCMI_VsyncEventCallback  stm32f4xx_hal_dcmi.o
    0x08001306   0x08001306   0x000000ac   Code   RO         1748    i.HAL_DMA_Abort     stm32f4xx_hal_dma.o
    0x080013b2   0x080013b2   0x00000028   Code   RO         1749    i.HAL_DMA_Abort_IT  stm32f4xx_hal_dma.o
    0x080013da   0x080013da   0x00000002   PAD
    0x080013dc   0x080013dc   0x00000240   Code   RO         1753    i.HAL_DMA_IRQHandler  stm32f4xx_hal_dma.o
    0x0800161c   0x0800161c   0x000000ec   Code   RO         1754    i.HAL_DMA_Init      stm32f4xx_hal_dma.o
    0x08001708   0x08001708   0x00000028   Code   RO         2172    i.HAL_Delay         stm32f4xx_hal.o
    0x08001730   0x08001730   0x000001f4   Code   RO         1641    i.HAL_GPIO_Init     stm32f4xx_hal_gpio.o
    0x08001924   0x08001924   0x0000000c   Code   RO         1645    i.HAL_GPIO_WritePin  stm32f4xx_hal_gpio.o
    0x08001930   0x08001930   0x0000000c   Code   RO         2178    i.HAL_GetTick       stm32f4xx_hal.o
    0x0800193c   0x0800193c   0x0000005e   Code   RO         2883    i.HAL_IWDG_Init     stm32f4xx_hal_iwdg.o
    0x0800199a   0x0800199a   0x00000002   PAD
    0x0800199c   0x0800199c   0x00000018   Code   RO         2184    i.HAL_IncTick       stm32f4xx_hal.o
    0x080019b4   0x080019b4   0x0000003c   Code   RO         2185    i.HAL_Init          stm32f4xx_hal.o
    0x080019f0   0x080019f0   0x000000b4   Code   RO          924    i.HAL_InitTick      stm32f4xx_hal_timebase_tim.o
    0x08001aa4   0x08001aa4   0x00000048   Code   RO          900    i.HAL_MspInit       stm32f4xx_hal_msp.o
    0x08001aec   0x08001aec   0x00000020   Code   RO         2030    i.HAL_NVIC_EnableIRQ  stm32f4xx_hal_cortex.o
    0x08001b0c   0x08001b0c   0x0000007c   Code   RO         2036    i.HAL_NVIC_SetPriority  stm32f4xx_hal_cortex.o
    0x08001b88   0x08001b88   0x00000028   Code   RO         2037    i.HAL_NVIC_SetPriorityGrouping  stm32f4xx_hal_cortex.o
    0x08001bb0   0x08001bb0   0x00000184   Code   RO         1242    i.HAL_RCC_ClockConfig  stm32f4xx_hal_rcc.o
    0x08001d34   0x08001d34   0x00000044   Code   RO         1246    i.HAL_RCC_GetClockConfig  stm32f4xx_hal_rcc.o
    0x08001d78   0x08001d78   0x0000000c   Code   RO         1247    i.HAL_RCC_GetHCLKFreq  stm32f4xx_hal_rcc.o
    0x08001d84   0x08001d84   0x00000020   Code   RO         1249    i.HAL_RCC_GetPCLK1Freq  stm32f4xx_hal_rcc.o
    0x08001da4   0x08001da4   0x00000020   Code   RO         1250    i.HAL_RCC_GetPCLK2Freq  stm32f4xx_hal_rcc.o
    0x08001dc4   0x08001dc4   0x000000b0   Code   RO         1251    i.HAL_RCC_GetSysClockFreq  stm32f4xx_hal_rcc.o
    0x08001e74   0x08001e74   0x0000049c   Code   RO         1254    i.HAL_RCC_OscConfig  stm32f4xx_hal_rcc.o
    0x08002310   0x08002310   0x00000002   Code   RO         3630    i.HAL_TIMEx_BreakCallback  stm32f4xx_hal_tim_ex.o
    0x08002312   0x08002312   0x00000002   Code   RO         3631    i.HAL_TIMEx_CommutCallback  stm32f4xx_hal_tim_ex.o
    0x08002314   0x08002314   0x00000074   Code   RO         3633    i.HAL_TIMEx_ConfigBreakDeadTime  stm32f4xx_hal_tim_ex.o
    0x08002388   0x08002388   0x000000b4   Code   RO         3649    i.HAL_TIMEx_MasterConfigSynchronization  stm32f4xx_hal_tim_ex.o
    0x0800243c   0x0800243c   0x00000066   Code   RO         2915    i.HAL_TIM_Base_Init  stm32f4xx_hal_tim.o
    0x080024a2   0x080024a2   0x00000002   PAD
    0x080024a4   0x080024a4   0x00000180   Code   RO          597    i.HAL_TIM_Base_MspInit  tim.o
    0x08002624   0x08002624   0x0000009c   Code   RO         2918    i.HAL_TIM_Base_Start  stm32f4xx_hal_tim.o
    0x080026c0   0x080026c0   0x000000a8   Code   RO         2920    i.HAL_TIM_Base_Start_IT  stm32f4xx_hal_tim.o
    0x08002768   0x08002768   0x0000010c   Code   RO         2924    i.HAL_TIM_ConfigClockSource  stm32f4xx_hal_tim.o
    0x08002874   0x08002874   0x000000c8   Code   RO         2936    i.HAL_TIM_Encoder_Init  stm32f4xx_hal_tim.o
    0x0800293c   0x0800293c   0x0000023c   Code   RO          599    i.HAL_TIM_Encoder_MspInit  tim.o
    0x08002b78   0x08002b78   0x000000cc   Code   RO         2939    i.HAL_TIM_Encoder_Start  stm32f4xx_hal_tim.o
    0x08002c44   0x08002c44   0x00000002   Code   RO         2949    i.HAL_TIM_IC_CaptureCallback  stm32f4xx_hal_tim.o
    0x08002c46   0x08002c46   0x00000196   Code   RO         2963    i.HAL_TIM_IRQHandler  stm32f4xx_hal_tim.o
    0x08002ddc   0x08002ddc   0x000001d4   Code   RO          600    i.HAL_TIM_MspPostInit  tim.o
    0x08002fb0   0x08002fb0   0x00000002   Code   RO         2966    i.HAL_TIM_OC_DelayElapsedCallback  stm32f4xx_hal_tim.o
    0x08002fb2   0x08002fb2   0x00000104   Code   RO         2987    i.HAL_TIM_PWM_ConfigChannel  stm32f4xx_hal_tim.o
    0x080030b6   0x080030b6   0x00000066   Code   RO         2990    i.HAL_TIM_PWM_Init  stm32f4xx_hal_tim.o
    0x0800311c   0x0800311c   0x00000034   Code   RO          602    i.HAL_TIM_PWM_MspInit  tim.o
    0x08003150   0x08003150   0x00000002   Code   RO         2993    i.HAL_TIM_PWM_PulseFinishedCallback  stm32f4xx_hal_tim.o
    0x08003152   0x08003152   0x00000002   PAD
    0x08003154   0x08003154   0x0000010c   Code   RO         2995    i.HAL_TIM_PWM_Start  stm32f4xx_hal_tim.o
    0x08003260   0x08003260   0x00000034   Code   RO          283    i.HAL_TIM_PeriodElapsedCallback  main.o
    0x08003294   0x08003294   0x00000002   Code   RO         3006    i.HAL_TIM_TriggerCallback  stm32f4xx_hal_tim.o
    0x08003296   0x08003296   0x00000002   Code   RO         3908    i.HAL_UARTEx_RxEventCallback  stm32f4xx_hal_uart.o
    0x08003298   0x08003298   0x00000002   Code   RO         3922    i.HAL_UART_ErrorCallback  stm32f4xx_hal_uart.o
    0x0800329a   0x0800329a   0x00000002   PAD
    0x0800329c   0x0800329c   0x000002e0   Code   RO         3925    i.HAL_UART_IRQHandler  stm32f4xx_hal_uart.o
    0x0800357c   0x0800357c   0x00000072   Code   RO         3926    i.HAL_UART_Init     stm32f4xx_hal_uart.o
    0x080035ee   0x080035ee   0x00000002   PAD
    0x080035f0   0x080035f0   0x00000110   Code   RO          735    i.HAL_UART_MspInit  usart.o
    0x08003700   0x08003700   0x00000002   Code   RO         3932    i.HAL_UART_RxCpltCallback  stm32f4xx_hal_uart.o
    0x08003702   0x08003702   0x000000d2   Code   RO         3934    i.HAL_UART_Transmit  stm32f4xx_hal_uart.o
    0x080037d4   0x080037d4   0x00000002   Code   RO         3937    i.HAL_UART_TxCpltCallback  stm32f4xx_hal_uart.o
    0x080037d6   0x080037d6   0x00000004   Code   RO          798    i.HardFault_Handler  stm32f4xx_it.o
    0x080037da   0x080037da   0x00000002   PAD
    0x080037dc   0x080037dc   0x00000070   Code   RO          376    i.MX_ADC1_Init      adc.o
    0x0800384c   0x0800384c   0x00000044   Code   RO          418    i.MX_CAN1_Init      can.o
    0x08003890   0x08003890   0x00000020   Code   RO          460    i.MX_CRC_Init       crc.o
    0x080038b0   0x080038b0   0x00000034   Code   RO          502    i.MX_DCMI_Init      dcmi.o
    0x080038e4   0x080038e4   0x00000038   Code   RO          542    i.MX_DMA_Init       dma.o
    0x0800391c   0x0800391c   0x000001d0   Code   RO          350    i.MX_GPIO_Init      gpio.o
    0x08003aec   0x08003aec   0x00000028   Code   RO          566    i.MX_IWDG_Init      iwdg.o
    0x08003b14   0x08003b14   0x0000006c   Code   RO          603    i.MX_TIM10_Init     tim.o
    0x08003b80   0x08003b80   0x0000006c   Code   RO          604    i.MX_TIM11_Init     tim.o
    0x08003bec   0x08003bec   0x0000006c   Code   RO          605    i.MX_TIM13_Init     tim.o
    0x08003c58   0x08003c58   0x0000006c   Code   RO          606    i.MX_TIM14_Init     tim.o
    0x08003cc4   0x08003cc4   0x00000080   Code   RO          607    i.MX_TIM1_Init      tim.o
    0x08003d44   0x08003d44   0x0000007c   Code   RO          608    i.MX_TIM2_Init      tim.o
    0x08003dc0   0x08003dc0   0x0000007c   Code   RO          609    i.MX_TIM3_Init      tim.o
    0x08003e3c   0x08003e3c   0x0000007c   Code   RO          610    i.MX_TIM4_Init      tim.o
    0x08003eb8   0x08003eb8   0x0000009c   Code   RO          611    i.MX_TIM5_Init      tim.o
    0x08003f54   0x08003f54   0x0000004c   Code   RO          612    i.MX_TIM6_Init      tim.o
    0x08003fa0   0x08003fa0   0x0000004c   Code   RO          613    i.MX_TIM7_Init      tim.o
    0x08003fec   0x08003fec   0x000000e8   Code   RO          614    i.MX_TIM8_Init      tim.o
    0x080040d4   0x080040d4   0x00000038   Code   RO          736    i.MX_USART1_UART_Init  usart.o
    0x0800410c   0x0800410c   0x00000038   Code   RO          737    i.MX_USART3_UART_Init  usart.o
    0x08004144   0x08004144   0x00000004   Code   RO          799    i.MemManage_Handler  stm32f4xx_it.o
    0x08004148   0x08004148   0x000000d0   Code   RO           13    i.Motor_Init        motor.o
    0x08004218   0x08004218   0x00000004   Code   RO          800    i.NMI_Handler       stm32f4xx_it.o
    0x0800421c   0x0800421c   0x00000188   Code   RO          257    i.PID_Calc          pid.o
    0x080043a4   0x080043a4   0x00000160   Code   RO           14    i.SpeedAndAngleUpdate  motor.o
    0x08004504   0x08004504   0x00000034   Code   RO         5432    i.SysTick_Handler   port.o
    0x08004538   0x08004538   0x000000bc   Code   RO          284    i.SystemClock_Config  main.o
    0x080045f4   0x080045f4   0x00000014   Code   RO         4265    i.SystemInit        system_stm32f4xx.o
    0x08004608   0x08004608   0x00000010   Code   RO          801    i.TIM3_IRQHandler   stm32f4xx_it.o
    0x08004618   0x08004618   0x00000010   Code   RO          802    i.TIM4_IRQHandler   stm32f4xx_it.o
    0x08004628   0x08004628   0x00000010   Code   RO          803    i.TIM6_DAC_IRQHandler  stm32f4xx_it.o
    0x08004638   0x08004638   0x00000010   Code   RO          804    i.TIM7_IRQHandler   stm32f4xx_it.o
    0x08004648   0x08004648   0x00000018   Code   RO          805    i.TIM8_BRK_TIM12_IRQHandler  stm32f4xx_it.o
    0x08004660   0x08004660   0x000000d8   Code   RO         3008    i.TIM_Base_SetConfig  stm32f4xx_hal_tim.o
    0x08004738   0x08004738   0x00000022   Code   RO         3009    i.TIM_CCxChannelCmd  stm32f4xx_hal_tim.o
    0x0800475a   0x0800475a   0x00000016   Code   RO         3019    i.TIM_ETR_SetConfig  stm32f4xx_hal_tim.o
    0x08004770   0x08004770   0x00000012   Code   RO         3020    i.TIM_ITRx_SetConfig  stm32f4xx_hal_tim.o
    0x08004782   0x08004782   0x00000002   PAD
    0x08004784   0x08004784   0x00000070   Code   RO         3021    i.TIM_OC1_SetConfig  stm32f4xx_hal_tim.o
    0x080047f4   0x080047f4   0x0000007c   Code   RO         3022    i.TIM_OC2_SetConfig  stm32f4xx_hal_tim.o
    0x08004870   0x08004870   0x00000078   Code   RO         3023    i.TIM_OC3_SetConfig  stm32f4xx_hal_tim.o
    0x080048e8   0x080048e8   0x00000054   Code   RO         3024    i.TIM_OC4_SetConfig  stm32f4xx_hal_tim.o
    0x0800493c   0x0800493c   0x00000026   Code   RO         3026    i.TIM_TI1_ConfigInputStage  stm32f4xx_hal_tim.o
    0x08004962   0x08004962   0x00000028   Code   RO         3028    i.TIM_TI2_ConfigInputStage  stm32f4xx_hal_tim.o
    0x0800498a   0x0800498a   0x00000014   Code   RO         3939    i.UART_DMAAbortOnError  stm32f4xx_hal_uart.o
    0x0800499e   0x0800499e   0x0000006c   Code   RO         3949    i.UART_EndRxTransfer  stm32f4xx_hal_uart.o
    0x08004a0a   0x08004a0a   0x00000020   Code   RO         3950    i.UART_EndTransmit_IT  stm32f4xx_hal_uart.o
    0x08004a2a   0x08004a2a   0x000000f8   Code   RO         3952    i.UART_Receive_IT   stm32f4xx_hal_uart.o
    0x08004b22   0x08004b22   0x00000002   PAD
    0x08004b24   0x08004b24   0x0000022c   Code   RO         3953    i.UART_SetConfig    stm32f4xx_hal_uart.o
    0x08004d50   0x08004d50   0x00000060   Code   RO         3956    i.UART_Transmit_IT  stm32f4xx_hal_uart.o
    0x08004db0   0x08004db0   0x00000092   Code   RO         3957    i.UART_WaitOnFlagUntilTimeout  stm32f4xx_hal_uart.o
    0x08004e42   0x08004e42   0x00000002   PAD
    0x08004e44   0x08004e44   0x00000010   Code   RO          806    i.USART1_IRQHandler  stm32f4xx_it.o
    0x08004e54   0x08004e54   0x00000004   Code   RO          807    i.UsageFault_Handler  stm32f4xx_it.o
    0x08004e58   0x08004e58   0x00000020   Code   RO         5815    i.__0printf         mc_w.l(printfa.o)
    0x08004e78   0x08004e78   0x00000010   Code   RO         2043    i.__NVIC_GetPriorityGrouping  stm32f4xx_hal_cortex.o
    0x08004e88   0x08004e88   0x00000028   Code   RO         2044    i.__NVIC_SetPriority  stm32f4xx_hal_cortex.o
    0x08004eb0   0x08004eb0   0x0000000e   Code   RO         5891    i.__scatterload_copy  mc_w.l(handlers.o)
    0x08004ebe   0x08004ebe   0x00000002   Code   RO         5892    i.__scatterload_null  mc_w.l(handlers.o)
    0x08004ec0   0x08004ec0   0x0000000e   Code   RO         5893    i.__scatterload_zeroinit  mc_w.l(handlers.o)
    0x08004ece   0x08004ece   0x00000002   PAD
    0x08004ed0   0x08004ed0   0x00000184   Code   RO         5822    i._fp_digits        mc_w.l(printfa.o)
    0x08005054   0x08005054   0x000006dc   Code   RO         5823    i._printf_core      mc_w.l(printfa.o)
    0x08005730   0x08005730   0x00000024   Code   RO         5824    i._printf_post_padding  mc_w.l(printfa.o)
    0x08005754   0x08005754   0x0000002e   Code   RO         5825    i._printf_pre_padding  mc_w.l(printfa.o)
    0x08005782   0x08005782   0x00000002   PAD
    0x08005784   0x08005784   0x0000013c   Code   RO           15    i.applyControlOutput  motor.o
    0x080058c0   0x080058c0   0x0000001c   Code   RO          739    i.fputc             usart.o
    0x080058dc   0x080058dc   0x00000068   Code   RO          285    i.main              main.o
    0x08005944   0x08005944   0x000000a4   Code   RO           24    i.printfSpeed       motor.o
    0x080059e8   0x080059e8   0x00000030   Code   RO         4878    i.prvResetNextTaskUnblockTime  tasks.o
    0x08005a18   0x08005a18   0x00000094   Code   RO         4911    i.vTaskSwitchContext  tasks.o
    0x08005aac   0x08005aac   0x000001cc   Code   RO         4924    i.xTaskIncrementTick  tasks.o
    0x08005c78   0x08005c78   0x00000008   Data   RO         1760    .constdata          stm32f4xx_hal_dma.o
    0x08005c80   0x08005c80   0x00000018   Data   RO         4266    .constdata          system_stm32f4xx.o
    0x08005c98   0x08005c98   0x00000020   Data   RO         5889    Region$$Table       anon$$obj.o


    Execution Region RW_IRAM1 (Exec base: 0x20000000, Load base: 0x08005cb8, Size: 0x00000ac0, Max: 0x0001c000, ABSOLUTE)

    Exec Addr    Load Addr    Size         Type   Attr      Idx    E Section Name        Object

    0x20000000   0x08005cb8   0x00000050   Data   RW           27    .data               motor.o
    0x20000050   0x08005d08   0x00000008   Data   RW          461    .data               crc.o
    0x20000058   0x08005d10   0x00000009   Data   RW         2192    .data               stm32f4xx_hal.o
    0x20000061   0x08005d19   0x00000003   PAD
    0x20000064   0x08005d1c   0x00000004   Data   RW         4267    .data               system_stm32f4xx.o
    0x20000068   0x08005d20   0x00000040   Data   RW         4931    .data               tasks.o
    0x200000a8   0x08005d60   0x00000004   Data   RW         5867    .data               mc_w.l(stdout.o)
    0x200000ac        -       0x00000048   Zero   RW          377    .bss                adc.o
    0x200000f4        -       0x00000028   Zero   RW          419    .bss                can.o
    0x2000011c        -       0x000000a0   Zero   RW          503    .bss                dcmi.o
    0x200001bc        -       0x0000000c   Zero   RW          567    .bss                iwdg.o
    0x200001c8        -       0x00000360   Zero   RW          615    .bss                tim.o
    0x20000528        -       0x00000088   Zero   RW          740    .bss                usart.o
    0x200005b0        -       0x00000048   Zero   RW          927    .bss                stm32f4xx_hal_timebase_tim.o
    0x200005f8        -       0x000000c8   Zero   RW         4930    .bss                tasks.o
    0x200006c0        -       0x00000400   Zero   RW            1    STACK               startup_stm32f407xx.o


    Execution Region RW_IRAM2 (Exec base: 0x2001c000, Load base: 0x08005d64, Size: 0x00000000, Max: 0x00004000, ABSOLUTE)

    **** No section assigned to this execution region ****


==============================================================================

Image component sizes


      Code (inc. data)   RO Data    RW Data    ZI Data      Debug   Object Name

       240         26          0          0         72       1925   adc.o
       204         22          0          0         40       1873   can.o
        84         18          0          8          0       1699   crc.o
         0          0          0          0          0       2536   croutine.o
       468         44          0          0        160       2164   dcmi.o
        56          4          0          0          0        866   dma.o
         0          0          0          0          0       6188   event_groups.o
       464         26          0          0          0       1315   gpio.o
        40          8          0          0         12        791   iwdg.o
       350         24          0          0          0       3012   main.o
      1040        152          0         80          0     730908   motor.o
       392          4          0          0          0       1101   pid.o
       242         22          0          0          0       4154   port.o
        36          8        392          0       1024        884   startup_stm32f407xx.o
       136         24          0          9          0       9074   stm32f4xx_hal.o
       852         28          0          0          0       2951   stm32f4xx_hal_adc.o
       372          0          0          0          0       1427   stm32f4xx_hal_can.o
       252         22          0          0          0      33978   stm32f4xx_hal_cortex.o
        32          0          0          0          0       1135   stm32f4xx_hal_crc.o
       212          6          0          0          0       4460   stm32f4xx_hal_dcmi.o
       146          0          0          0          0       1200   stm32f4xx_hal_dcmi_ex.o
      1246         16          8          0          0       5723   stm32f4xx_hal_dma.o
       512         46          0          0          0       2264   stm32f4xx_hal_gpio.o
        94          0          0          0          0       1368   stm32f4xx_hal_iwdg.o
        72          4          0          0          0        958   stm32f4xx_hal_msp.o
      1888         94          0          0          0       6673   stm32f4xx_hal_rcc.o
      2950        172          0          0          0      19878   stm32f4xx_hal_tim.o
       300         30          0          0          0       3569   stm32f4xx_hal_tim_ex.o
       180         20          0          0         72       1620   stm32f4xx_hal_timebase_tim.o
      2274         14          0          0          0      12380   stm32f4xx_hal_uart.o
       158         50          0          0          0       7501   stm32f4xx_it.o
        20          6         24          4          0       1283   system_stm32f4xx.o
       656         76          0         64        200      13989   tasks.o
      2948        218          0          0        864      12791   tim.o
       412         46          0          0        136       3219   usart.o

    ----------------------------------------------------------------------
     19352       1230        456        168       2580     906857   Object Totals
         0          0         32          0          0          0   (incl. Generated)
        24          0          0          3          0          0   (incl. Padding)

    ----------------------------------------------------------------------

      Code (inc. data)   RO Data    RW Data    ZI Data      Debug   Library Member Name

         0          0          0          0          0          0   entry.o
         0          0          0          0          0          0   entry10a.o
         0          0          0          0          0          0   entry11a.o
         8          4          0          0          0          0   entry2.o
         4          0          0          0          0          0   entry5.o
         0          0          0          0          0          0   entry7b.o
         0          0          0          0          0          0   entry8b.o
         8          4          0          0          0          0   entry9a.o
        30          0          0          0          0          0   handlers.o
        36          8          0          0          0         68   init.o
         0          0          0          0          0          0   iusefp.o
        30          0          0          0          0         68   llshl.o
        36          0          0          0          0         68   llsshr.o
        32          0          0          0          0         68   llushr.o
        36          0          0          0          0        108   memseta.o
      2258         90          0          0          0        452   printfa.o
         0          0          0          4          0          0   stdout.o
        44          0          0          0          0         80   uidiv.o
        98          0          0          0          0         92   uldiv.o
        48          0          0          0          0         68   cdrcmple.o
        56          0          0          0          0         88   d2f.o
       334          0          0          0          0        148   dadd.o
       222          0          0          0          0        100   ddiv.o
       186          0          0          0          0        176   depilogue.o
        48          0          0          0          0         68   dfixul.o
        34          0          0          0          0         76   dflti.o
       228          0          0          0          0         96   dmul.o
        38          0          0          0          0         68   f2d.o
       110          0          0          0          0        168   fepilogue.o

    ----------------------------------------------------------------------
      3928        106          0          4          0       2060   Library Totals
         4          0          0          0          0          0   (incl. Padding)

    ----------------------------------------------------------------------

      Code (inc. data)   RO Data    RW Data    ZI Data      Debug   Library Name

      2620        106          0          4          0       1004   mc_w.l
      1304          0          0          0          0       1056   mf_w.l

    ----------------------------------------------------------------------
      3928        106          0          4          0       2060   Library Totals

    ----------------------------------------------------------------------

==============================================================================


      Code (inc. data)   RO Data    RW Data    ZI Data      Debug   

     23280       1336        456        172       2580     894833   Grand Totals
     23280       1336        456        172       2580     894833   ELF Image Totals
     23280       1336        456        172          0          0   ROM Totals

==============================================================================

    Total RO  Size (Code + RO Data)                23736 (  23.18kB)
    Total RW  Size (RW Data + ZI Data)              2752 (   2.69kB)
    Total ROM Size (Code + RO Data + RW Data)      23908 (  23.35kB)

==============================================================================

